=== wasm-bindgen-cli 0.2.118 sidecar ===
    Updating crates.io index
  Installing wasm-bindgen-cli v0.2.118
    Updating crates.io index
     Locking 202 packages to latest compatible versions
      Adding js-sys v0.3.95 (available: v0.3.104)
      Adding shlex v1.3.0 (available: v2.0.1)
      Adding wasm-bindgen v0.2.118 (available: v0.2.127)
      Adding wasm-bindgen-cli-support v0.2.118 (available: v0.2.127)
      Adding wasm-bindgen-macro v0.2.118 (available: v0.2.127)
      Adding wasm-bindgen-macro-support v0.2.118 (available: v0.2.127)
      Adding wasm-bindgen-shared v0.2.118 (available: v0.2.127)
      Adding wasm-bindgen-test-shared v0.2.118 (available: v0.2.127)
 Downloading crates ...
  Downloaded icu_provider v2.3.1
  Downloaded flate2 v1.1.10
  Downloaded smallvec v1.16.0
  Downloaded zerovec-derive v0.11.6
  Downloaded rand v0.8.8
  Downloaded crc32fast v1.5.1
  Downloaded log v0.4.34
  Downloaded rustls-webpki v0.103.15
  Downloaded miniz_oxide v0.9.1
  Downloaded indexmap v2.14.1
  Downloaded cc v1.4.4
  Downloaded walrus v0.26.5
   Compiling proc-macro2 v1.0.107
   Compiling unicode-ident v1.0.24
   Compiling quote v1.0.47
   Compiling libc v0.2.189
   Compiling stable_deref_trait v1.2.1
   Compiling cfg-if v1.0.4
   Compiling memchr v2.8.3
   Compiling serde_core v1.0.229
   Compiling log v0.4.34
   Compiling crossbeam-utils v0.8.22
   Compiling litemap v0.8.3
   Compiling shlex v2.0.1
   Compiling writeable v0.6.4
   Compiling find-msvc-tools v0.1.11
   Compiling crossbeam-epoch v0.9.20
   Compiling utf8_iter v1.0.4
   Compiling icu_normalizer_data v2.3.0
   Compiling crossbeam-deque v0.8.7
   Compiling bitflags v2.13.1
   Compiling icu_properties_data v2.3.0
   Compiling zerocopy v0.8.56
   Compiling serde v1.0.229
   Compiling itoa v1.0.18
   Compiling httparse v1.10.1
   Compiling rayon-core v1.13.0
   Compiling heck v0.5.0
   Compiling unicase v2.9.0
   Compiling utf8parse v0.2.2
   Compiling zmij v1.0.23
   Compiling getrandom v0.4.3
   Compiling zeroize v1.9.0
   Compiling once_cell v1.21.4
   Compiling autocfg v1.5.1
   Compiling equivalent v1.0.2
   Compiling rustix v1.1.4
   Compiling cc v1.4.4
   Compiling smallvec v1.16.0
   Compiling hashbrown v0.17.1
   Compiling anstyle-parse v1.0.0
   Compiling regex-syntax v0.8.11
   Compiling is_terminal_polyfill v1.70.2
   Compiling crc32fast v1.5.1
   Compiling mime_guess v2.0.5
   Compiling rustls-pki-types v1.15.1
   Compiling linux-raw-sys v0.12.1
   Compiling anstyle-query v1.1.5
   Compiling colorchoice v1.0.5
   Compiling anyhow v1.0.104
   Compiling foldhash v0.2.0
   Compiling either v1.18.0
   Compiling percent-encoding v2.3.2
   Compiling anstyle v1.0.14
   Compiling untrusted v0.9.0
   Compiling serde_json v1.0.151
   Compiling fastrand v2.5.0
   Compiling bytes v1.12.1
   Compiling semver v1.0.28
   Compiling safemem v0.3.3
   Compiling leb128fmt v0.1.0
   Compiling fallible-iterator v0.3.0
   Compiling simd-adler32 v0.3.10
   Compiling rustls v0.23.43
   Compiling num-traits v0.2.19
   Compiling alloc-no-stdlib v2.0.4
   Compiling adler2 v2.0.1
   Compiling mime v0.3.17
   Compiling aho-corasick v1.1.5
   Compiling anstream v1.0.0
   Compiling wasm-bindgen-shared v0.2.118
   Compiling alloc-stdlib v0.2.4
   Compiling wasm-encoder v0.245.1
   Compiling miniz_oxide v0.9.1
   Compiling twoway v0.1.8
   Compiling buf_redux v0.8.4
   Compiling form_urlencoded v1.2.2
   Compiling leb128 v0.2.7
   Compiling subtle v2.6.1
   Compiling httpdate v1.0.3
   Compiling chunked_transfer v1.5.0
   Compiling ascii v1.1.0
   Compiling powerfmt v0.2.0
   Compiling jiff-core v0.1.0
   Compiling strsim v0.11.1
   Compiling base64 v0.23.1
   Compiling clap_lex v1.1.0
   Compiling iana-time-zone v0.1.65
   Compiling num_threads v0.1.7
   Compiling syn v3.0.4
   Compiling syn v2.0.119
   Compiling http v1.5.0
   Compiling num-conv v0.2.2
   Compiling deranged v0.5.8
   Compiling time-core v0.1.9
   Compiling quick-error v1.2.3
   Compiling flate2 v1.1.10
   Compiling tiny_http v0.12.0
   Compiling clap_builder v4.6.6
   Compiling brotli-decompressor v5.0.3
   Compiling webpki-roots v1.0.9
   Compiling base64 v0.22.1
   Compiling base64 v0.13.1
   Compiling utf8-zero v0.8.1
   Compiling sha1_smol v1.0.1
   Compiling chrono v0.4.45
   Compiling rustc-demangle v0.1.28
   Compiling shlex v1.3.0
   Compiling wasm-bindgen-test-shared v0.2.118
   Compiling getrandom v0.2.17
   Compiling num_cpus v1.17.0
   Compiling filetime v0.2.29
   Compiling rand_core v0.6.4
   Compiling threadpool v1.8.1
   Compiling regex-automata v0.4.18
   Compiling ring v0.17.14
   Compiling rayon v1.12.0
   Compiling jiff v0.2.35
   Compiling ureq-proto v0.6.1
   Compiling tempfile v3.27.0
   Compiling time v0.3.55
   Compiling indexmap v2.14.1
   Compiling hashbrown v0.16.1
   Compiling synstructure v0.13.2
   Compiling walrus-macro v0.26.0
   Compiling gimli v0.32.3
   Compiling zerofrom-derive v0.1.7
   Compiling yoke-derive v0.8.2
   Compiling id-arena v2.3.0
   Compiling zerofrom v0.1.8
   Compiling regex v1.13.1
   Compiling yoke v0.8.3
   Compiling zerovec-derive v0.11.6
   Compiling displaydoc v0.2.7
   Compiling serde_derive v1.0.229
   Compiling clap_derive v4.6.4
   Compiling ppv-lite86 v0.2.21
   Compiling env_filter v2.0.0
   Compiling env_logger v0.11.11
   Compiling rand_chacha v0.3.1
   Compiling zerotrie v0.2.5
   Compiling rand v0.8.8
   Compiling zerovec v0.11.8
   Compiling multipart v0.18.0
   Compiling clap v4.6.6
   Compiling tinystr v0.8.4
   Compiling potential_utf v0.1.6
   Compiling icu_collections v2.3.0
   Compiling icu_locale_core v2.3.0
   Compiling icu_provider v2.3.1
   Compiling wasmparser v0.245.1
   Compiling icu_properties v2.3.0
   Compiling icu_normalizer v2.3.0
   Compiling idna_adapter v1.2.2
   Compiling idna v1.1.0
   Compiling url v2.5.8
   Compiling rouille v3.6.2
   Compiling rustls-webpki v0.103.15
   Compiling walrus v0.26.5
   Compiling ureq v3.4.0
   Compiling wasm-bindgen-cli-support v0.2.118
   Compiling wasm-bindgen-cli v0.2.118
    Finished `release` profile [optimized] target(s) in 30.99s
warning: the following packages contain code that will be rejected by a future version of Rust: buf_redux v0.8.4, multipart v0.18.0
note: to see what the problems were, use the option `--future-incompat-report`, or run `cargo report future-incompatibilities --id 1`
  Installing /tmp/wbg118/bin/wasm-bindgen
  Installing /tmp/wbg118/bin/wasm-bindgen-test-runner
  Installing /tmp/wbg118/bin/wasm2es6js
   Installed package `wasm-bindgen-cli v0.2.118` (executables `wasm-bindgen`, `wasm-bindgen-test-runner`, `wasm2es6js`)
warning: be sure to add `/tmp/wbg118/bin` to your PATH to be able to run the installed binaries
wasm-bindgen 0.2.118
=== pnpm build ===

> ad4m-monorepo@0.13.0-test-interpretation-2 build /tmp/wt-932
> turbo run build-languages --concurrency=1 && turbo run build-libs

• turbo 2.10.11

   • Packages in scope: @coasys/ad4m, @coasys/ad4m-cli, @coasys/ad4m-connect, @coasys/ad4m-docs, @coasys/ad4m-integration-tests, @coasys/ad4m-ldk, @coasys/ad4m-react-hooks, @coasys/ad4m-vue-hooks, @coasys/agent-language, @coasys/centralized-agent-language, @coasys/centralized-file-storage, @coasys/centralized-perspective-diff-sync, @coasys/dapp, @coasys/eas, @coasys/embedding-vector-language, @coasys/file-storage, @coasys/hooks-helpers, @coasys/language-language, @coasys/neighbourhood-language, @coasys/perspective-diff-sync, @coasys/perspective-language, @coasys/rust-ad4m-executor, ad4m-launcher
   • Running build-languages in 23 packages
   • Remote caching disabled, using shared worktree cache

@coasys/ad4m-ldk:build: cache hit, replaying logs 563976aede0f9cb6
@coasys/ad4m-ldk:build: 
@coasys/ad4m-ldk:build: > @coasys/ad4m-ldk@0.13.0-test-1 build /tmp/wt-932/ad4m-ldk/js
@coasys/ad4m-ldk:build: > tsc
@coasys/ad4m-ldk:build: 
@coasys/eas:build: cache miss, executing 22a687e6cf2e9748
@coasys/eas:build: 
@coasys/eas:build: > @coasys/eas@0.7.1 build /tmp/wt-932/bootstrap-languages/eas
@coasys/eas:build: > deno run --allow-all esbuild.ts
@coasys/eas:build: 
@coasys/eas:build: undefined
@coasys/centralized-agent-language:build: cache miss, executing 6e39724b5cea09fb
@coasys/centralized-agent-language:build: 
@coasys/centralized-agent-language:build: > @coasys/centralized-agent-language@0.7.1 build /tmp/wt-932/bootstrap-languages/centralized-agent-language
@coasys/centralized-agent-language:build: > run-script-os
@coasys/centralized-agent-language:build: 
@coasys/centralized-agent-language:build: (node:3821403) [DEP0190] DeprecationWarning: Passing args to a child process with shell option true can lead to security vulnerabilities, as the arguments are not escaped, only concatenated.
@coasys/centralized-agent-language:build: (Use `node --trace-deprecation ...` to show where the warning was created)
@coasys/centralized-agent-language:build: 
@coasys/centralized-agent-language:build: > @coasys/centralized-agent-language@0.7.1 build:linux
@coasys/centralized-agent-language:build: > pnpm run build:common
@coasys/centralized-agent-language:build: 
@coasys/centralized-agent-language:build: 
@coasys/centralized-agent-language:build: > @coasys/centralized-agent-language@0.7.1 build:common /tmp/wt-932/bootstrap-languages/centralized-agent-language
@coasys/centralized-agent-language:build: > pnpm run rollup-icons && pnpm run rollup-expression-ui && bash rust-impl/build.sh
@coasys/centralized-agent-language:build: 
@coasys/centralized-agent-language:build: 
@coasys/centralized-agent-language:build: > @coasys/centralized-agent-language@0.7.1 rollup-icons /tmp/wt-932/bootstrap-languages/centralized-agent-language
@coasys/centralized-agent-language:build: > rollup -c rollup.config.icons.js
@coasys/centralized-agent-language:build: 
@coasys/centralized-agent-language:build: [36m
@coasys/centralized-agent-language:build: [1mConstructorIcon.svelte[22m → [1mbuild/ConstructorIcon.js[22m...[39m
@coasys/centralized-agent-language:build: [1m[33m(!) Plugin svelte: ConstructorIcon has unused export property 'commitExpression'. If it is for external reference only, please consider using `export const commitExpression`[39m[22m
@coasys/centralized-agent-language:build: [1mConstructorIcon.svelte[22m
@coasys/centralized-agent-language:build: [90m1: <svelte:options tag={null}/>
@coasys/centralized-agent-language:build: 2: 
@coasys/centralized-agent-language:build: 3: <script lang="ts">export let commitExpression;
@coasys/centralized-agent-language:build:                                 ^
@coasys/centralized-agent-language:build: 4: </script>
@coasys/centralized-agent-language:build: 5: [39m
@coasys/centralized-agent-language:build: [32mcreated [1mbuild/ConstructorIcon.js[22m in [1m632ms[22m[39m
@coasys/centralized-agent-language:build: [36m
@coasys/centralized-agent-language:build: [1mIcon.svelte[22m → [1mbuild/Icon.js[22m...[39m
@coasys/centralized-agent-language:build: [1m[33m(!) Use of eval is strongly discouraged[39m[22m
@coasys/centralized-agent-language:build: [90mhttps://rollupjs.org/guide/en/#avoiding-eval[39m
@coasys/centralized-agent-language:build: [1m../../node_modules/.pnpm/@coasys+ad4m@0.8.1_bufferutil@4.0.8_graphql-ws@5.14.3_graphql@15.7.2_patch_hash=nr4gprddtjag7_dvhhp5ukmmz4werqcuqxmgs2km/node_modules/@coasys/ad4m/lib/index.js[22m
@coasys/centralized-agent-language:build: [90m4476:             if (setter) {
@coasys/centralized-agent-language:build: 4477:                 const property = setter.Property;
@coasys/centralized-agent-language:build: 4478:                 const actions = eval(setter.Setter);
@coasys/centralized-agent-language:build:                                       ^
@coasys/centralized-agent-language:build: 4479:                 const resolveLanguageResults = await __classPrivateFieldGet$a(this, _Subject_perspective, "f").infer(`subject_class("${__classPrivateFieldGet$a(this, _Subject_subjectClass, "f")}", C), property_resolve_language(C, "${property}", Language)`);
@coasys/centralized-agent-language:build: 4480:                 let resolveLanguage;[39m
@coasys/centralized-agent-language:build: ...and 12 other occurrences
@coasys/centralized-agent-language:build: [32mcreated [1mbuild/Icon.js[22m in [1m524ms[22m[39m
@coasys/centralized-agent-language:build: 
@coasys/centralized-agent-language:build: > @coasys/centralized-agent-language@0.7.1 rollup-expression-ui /tmp/wt-932/bootstrap-languages/centralized-agent-language
@coasys/centralized-agent-language:build: > rollup -c rollup.config.expression-ui.js
@coasys/centralized-agent-language:build: 
@coasys/centralized-agent-language:build: [36m
@coasys/centralized-agent-language:build: [1mexpressionUI.ts[22m → [1mbuild/expressionUI.js[22m...[39m
@coasys/centralized-agent-language:build: [32mcreated [1mbuild/expressionUI.js[22m in [1m1s[22m[39m
@coasys/centralized-agent-language:build: ==> cargo build --target wasm32-unknown-unknown --release
@coasys/centralized-agent-language:build:     Finished `release` profile [optimized] target(s) in 0.04s
@coasys/centralized-agent-language:build: ==> wasm-bindgen --target deno
@coasys/centralized-agent-language:build: ==> inlining wasm into single-file bundle
@coasys/centralized-agent-language:build: wrote /tmp/wt-932/bootstrap-languages/centralized-agent-language/rust-impl/build/bundle.js (350.9 KiB, wasm 246.4 KiB)
@coasys/centralized-agent-language:build: ==> copying bundle.js into ../build/
@coasys/centralized-agent-language:build: ==> centralized-agent-language (Rust ALDK) built:
@coasys/centralized-agent-language:build: -rw------- 1 data data 351K Sep  2 18:50 /tmp/wt-932/bootstrap-languages/centralized-agent-language/rust-impl/../build/bundle.js
@coasys/perspective-language:build: cache hit, replaying logs f7daad26dbafb5d3
@coasys/perspective-language:build: 
@coasys/perspective-language:build: > @coasys/perspective-language@0.13.0-test-interpretation-2 build /tmp/wt-932/bootstrap-languages/perspective-language
@coasys/perspective-language:build: > pnpm run build:common
@coasys/perspective-language:build: 
@coasys/perspective-language:build: 
@coasys/perspective-language:build: > @coasys/perspective-language@0.13.0-test-interpretation-2 build:common /tmp/wt-932/bootstrap-languages/perspective-language
@coasys/perspective-language:build: > pnpm rollup-icons && pnpm rollup-expression-ui && deno run --allow-all esbuild.ts
@coasys/perspective-language:build: 
@coasys/perspective-language:build: 
@coasys/perspective-language:build: > @coasys/perspective-language@0.13.0-test-interpretation-2 rollup-icons /tmp/wt-932/bootstrap-languages/perspective-language
@coasys/perspective-language:build: > rollup -c rollup.config.icons.js
@coasys/perspective-language:build: 
@coasys/perspective-language:build: [36m
@coasys/perspective-language:build: [1mConstructorIcon.svelte[22m → [1mbuild/ConstructorIcon.js[22m...[39m
@coasys/perspective-language:build: [32mcreated [1mbuild/ConstructorIcon.js[22m in [1m430ms[22m[39m
@coasys/perspective-language:build: [36m
@coasys/perspective-language:build: [1mIcon.svelte[22m → [1mbuild/Icon.js[22m...[39m
@coasys/perspective-language:build: [32mcreated [1mbuild/Icon.js[22m in [1m141ms[22m[39m
@coasys/perspective-language:build: 
@coasys/perspective-language:build: > @coasys/perspective-language@0.13.0-test-interpretation-2 rollup-expression-ui /tmp/wt-932/bootstrap-languages/perspective-language
@coasys/perspective-language:build: > rollup -c rollup.config.expression-ui.js
@coasys/perspective-language:build: 
@coasys/perspective-language:build: [36m
@coasys/perspective-language:build: [1mexpressionUI.ts[22m → [1mbuild/expressionUI.js[22m...[39m
@coasys/perspective-language:build: [32mcreated [1mbuild/expressionUI.js[22m in [1m1s[22m[39m
@coasys/perspective-language:build: undefined
@coasys/file-storage:build: cache miss, executing a6bf9b901d5b70d4
@coasys/file-storage:build: 
@coasys/file-storage:build: > @coasys/file-storage@0.0.1 build /tmp/wt-932/bootstrap-languages/file-storage
@coasys/file-storage:build: > run-script-os
@coasys/file-storage:build: 
@coasys/file-storage:build: (node:3821622) [DEP0190] DeprecationWarning: Passing args to a child process with shell option true can lead to security vulnerabilities, as the arguments are not escaped, only concatenated.
@coasys/file-storage:build: (Use `node --trace-deprecation ...` to show where the warning was created)
@coasys/file-storage:build: 
@coasys/file-storage:build: > @coasys/file-storage@0.0.1 build:linux
@coasys/file-storage:build: > pnpm compile-dna && pnpm build:common
@coasys/file-storage:build: 
@coasys/file-storage:build: 
@coasys/file-storage:build: > @coasys/file-storage@0.0.1 compile-dna /tmp/wt-932/bootstrap-languages/file-storage
@coasys/file-storage:build: > cd hc-dna && ./build.sh && cd ..
@coasys/file-storage:build: 
@coasys/file-storage:build: file-storage build.sh: using hc=hc (holochain_cli 0.7.0-dev.10)
@coasys/file-storage:build:     Updating crates.io index
@coasys/file-storage:build:  Downloading crates ...
@coasys/file-storage:build:   Downloaded wasm-bindgen-macro v0.2.127
@coasys/file-storage:build:   Downloaded wasm-bindgen-shared v0.2.127
@coasys/file-storage:build:   Downloaded wasm-bindgen v0.2.127
@coasys/file-storage:build:   Downloaded js-sys v0.3.104
@coasys/file-storage:build:   Downloaded wasm-bindgen-macro-support v0.2.127
@coasys/file-storage:build:    Compiling proc-macro2 v1.0.107
@coasys/file-storage:build:    Compiling unicode-ident v1.0.24
@coasys/file-storage:build:    Compiling quote v1.0.47
@coasys/file-storage:build:    Compiling serde_core v1.0.228
@coasys/file-storage:build:    Compiling serde v1.0.228
@coasys/file-storage:build:    Compiling version_check v0.9.5
@coasys/file-storage:build:    Compiling autocfg v1.5.1
@coasys/file-storage:build:    Compiling zmij v1.0.23
@coasys/file-storage:build:    Compiling thiserror v2.0.20
@coasys/file-storage:build:    Compiling serde_json v1.0.151
@coasys/file-storage:build:    Compiling memchr v2.8.3
@coasys/file-storage:build:    Compiling pin-project-lite v0.2.17
@coasys/file-storage:build:    Compiling unicode-segmentation v1.13.3
@coasys/file-storage:build:    Compiling paste v1.0.15
@coasys/file-storage:build:    Compiling unicode-xid v0.2.6
@coasys/file-storage:build:    Compiling futures-sink v0.3.34
@coasys/file-storage:build:    Compiling futures-core v0.3.34
@coasys/file-storage:build:    Compiling futures-io v0.3.34
@coasys/file-storage:build:    Compiling futures-task v0.3.34
@coasys/file-storage:build:    Compiling hashbrown v0.17.1
@coasys/file-storage:build:    Compiling equivalent v1.0.2
@coasys/file-storage:build:    Compiling slab v0.4.12
@coasys/file-storage:build:    Compiling typenum v1.20.1
@coasys/file-storage:build:    Compiling cfg-if v1.0.4
@coasys/file-storage:build:    Compiling byteorder v1.5.0
@coasys/file-storage:build:    Compiling once_cell v1.21.4
@coasys/file-storage:build:    Compiling futures-channel v0.3.34
@coasys/file-storage:build:    Compiling itoa v1.0.18
@coasys/file-storage:build:    Compiling generic-array v0.14.7
@coasys/file-storage:build:    Compiling proc-macro-error-attr v1.0.4
@coasys/file-storage:build:    Compiling ident_case v1.0.1
@coasys/file-storage:build:    Compiling cpufeatures v0.2.17
@coasys/file-storage:build:    Compiling colored v3.1.1
@coasys/file-storage:build:    Compiling tracing-core v0.1.36
@coasys/file-storage:build:    Compiling strsim v0.11.1
@coasys/file-storage:build:    Compiling constant_time_eq v0.4.2
@coasys/file-storage:build:    Compiling num-traits v0.2.19
@coasys/file-storage:build:    Compiling convert_case v0.10.0
@coasys/file-storage:build:    Compiling dunce v1.0.5
@coasys/file-storage:build:    Compiling syn v1.0.109
@coasys/file-storage:build:    Compiling subtle v2.6.1
@coasys/file-storage:build:    Compiling arrayvec v0.7.8
@coasys/file-storage:build:    Compiling getrandom v0.3.4
@coasys/file-storage:build:    Compiling pin-utils v0.1.0
@coasys/file-storage:build:    Compiling fnv v1.0.7
@coasys/file-storage:build:    Compiling proc-macro-error v1.0.4
@coasys/file-storage:build:    Compiling base64 v0.22.1
@coasys/file-storage:build:    Compiling heck v0.5.0
@coasys/file-storage:build:    Compiling zeroize v1.9.0
@coasys/file-storage:build:    Compiling strum v0.27.2
@coasys/file-storage:build:    Compiling thiserror v1.0.69
@coasys/file-storage:build:    Compiling convert_case v0.4.0
@coasys/file-storage:build:    Compiling lazy_static v1.5.0
@coasys/file-storage:build:    Compiling indexmap v2.14.0
@coasys/file-storage:build:    Compiling blake2b_simd v1.0.5
@coasys/file-storage:build:    Compiling subtle-encoding v0.5.1
@coasys/file-storage:build:    Compiling syn v2.0.119
@coasys/file-storage:build:    Compiling syn v3.0.3
@coasys/file-storage:build:    Compiling rmp v0.8.15
@coasys/file-storage:build:    Compiling crypto-common v0.1.7
@coasys/file-storage:build:    Compiling block-buffer v0.10.4
@coasys/file-storage:build:    Compiling digest v0.10.7
@coasys/file-storage:build:    Compiling sha2 v0.10.9
@coasys/file-storage:build:    Compiling serde_bytes v0.11.19
@coasys/file-storage:build:    Compiling futures-macro v0.3.34
@coasys/file-storage:build:    Compiling thiserror-impl v2.0.20
@coasys/file-storage:build:    Compiling futures-util v0.3.34
@coasys/file-storage:build:    Compiling darling_core v0.21.3
@coasys/file-storage:build:    Compiling serde_derive v1.0.228
@coasys/file-storage:build:    Compiling holochain_serialized_bytes_derive v0.0.57
@coasys/file-storage:build:    Compiling derive_more-impl v2.1.1
@coasys/file-storage:build:    Compiling tracing-attributes v0.1.31
@coasys/file-storage:build:    Compiling strum_macros v0.27.2
@coasys/file-storage:build:    Compiling thiserror-impl v1.0.69
@coasys/file-storage:build:    Compiling derive_more v0.99.20
@coasys/file-storage:build:    Compiling tracing v0.1.44
@coasys/file-storage:build:    Compiling darling_macro v0.21.3
@coasys/file-storage:build:    Compiling darling v0.21.3
@coasys/file-storage:build:    Compiling futures-executor v0.3.34
@coasys/file-storage:build:    Compiling derive_more v2.1.1
@coasys/file-storage:build:    Compiling futures v0.3.34
@coasys/file-storage:build:    Compiling holochain_util v0.7.0 (https://github.com/coasys/holochain.git?branch=0.7.0-space-override-coasys#678f683e)
@coasys/file-storage:build:    Compiling must_future v0.1.2
@coasys/file-storage:build:    Compiling serde-transcode v1.1.1
@coasys/file-storage:build:    Compiling rmp-serde v1.3.0
@coasys/file-storage:build:    Compiling holochain_secure_primitive v0.7.0 (https://github.com/coasys/holochain.git?branch=0.7.0-space-override-coasys#678f683e)
@coasys/file-storage:build:    Compiling holochain_timestamp v0.7.0 (https://github.com/coasys/holochain.git?branch=0.7.0-space-override-coasys#678f683e)
@coasys/file-storage:build:    Compiling chrono v0.4.45
@coasys/file-storage:build:    Compiling holochain_serialized_bytes v0.0.57
@coasys/file-storage:build:    Compiling holochain_wasmer_common v0.0.103
@coasys/file-storage:build:    Compiling holo_hash v0.7.0 (https://github.com/coasys/holochain.git?branch=0.7.0-space-override-coasys#678f683e)
@coasys/file-storage:build:    Compiling holochain_wasmer_guest v0.0.103
@coasys/file-storage:build:    Compiling holochain_integrity_types v0.7.0 (https://github.com/coasys/holochain.git?branch=0.7.0-space-override-coasys#678f683e)
@coasys/file-storage:build:    Compiling holochain_nonce v0.7.0 (https://github.com/coasys/holochain.git?branch=0.7.0-space-override-coasys#678f683e)
@coasys/file-storage:build:    Compiling holochain_zome_types v0.7.0 (https://github.com/coasys/holochain.git?branch=0.7.0-space-override-coasys#678f683e)
@coasys/file-storage:build:    Compiling hdk_derive v0.7.0 (https://github.com/coasys/holochain.git?branch=0.7.0-space-override-coasys#678f683e)
@coasys/file-storage:build:    Compiling hdi v0.8.0 (https://github.com/coasys/holochain.git?branch=0.7.0-space-override-coasys#678f683e)
@coasys/file-storage:build:    Compiling hdk v0.7.0 (https://github.com/coasys/holochain.git?branch=0.7.0-space-override-coasys#678f683e)
@coasys/file-storage:build:    Compiling integrity v0.1.0 (/tmp/wt-932/bootstrap-languages/file-storage/hc-dna/zomes/integrity)
@coasys/file-storage:build:    Compiling file_storage v0.1.0 (/tmp/wt-932/bootstrap-languages/file-storage/hc-dna/zomes/file_storage)
@coasys/file-storage:build: warning: use of deprecated associated function `chrono::DateTime::<Tz>::from_utc`: Use TimeZone::from_utc_datetime() or DateTime::from_naive_utc_and_offset instead
@coasys/file-storage:build:   --> zomes/file_storage/src/lib.rs:14:40
@coasys/file-storage:build:    |
@coasys/file-storage:build: 14 |             let out = DateTime::<Utc>::from_utc(
@coasys/file-storage:build:    |                                        ^^^^^^^^
@coasys/file-storage:build:    |
@coasys/file-storage:build:    = note: `#[warn(deprecated)]` on by default
@coasys/file-storage:build: 
@coasys/file-storage:build: warning: use of deprecated associated function `chrono::NaiveDateTime::from_timestamp_opt`: use `DateTime::from_timestamp` instead
@coasys/file-storage:build:   --> zomes/file_storage/src/lib.rs:15:32
@coasys/file-storage:build:    |
@coasys/file-storage:build: 15 |                 NaiveDateTime::from_timestamp_opt(now.0, now.1).unwrap(),
@coasys/file-storage:build:    |                                ^^^^^^^^^^^^^^^^^^
@coasys/file-storage:build: 
@coasys/file-storage:build: warning: `file_storage` (lib) generated 2 warnings
@coasys/file-storage:build:     Finished `release` profile [optimized] target(s) in 22.18s
@coasys/file-storage:build: Wrote bundle /tmp/wt-932/bootstrap-languages/file-storage/hc-dna/workdir/file-storage.dna
@coasys/file-storage:build: Wrote bundle /tmp/wt-932/bootstrap-languages/file-storage/hc-dna/workdir/file-storage.happ
@coasys/file-storage:build: 
@coasys/file-storage:build: > @coasys/file-storage@0.0.1 build:common /tmp/wt-932/bootstrap-languages/file-storage
@coasys/file-storage:build: > pnpm rollup-dna && pnpm rollup-icons && pnpm rollup-expression-ui && deno run --allow-all esbuild.ts
@coasys/file-storage:build: 
@coasys/file-storage:build: 
@coasys/file-storage:build: > @coasys/file-storage@0.0.1 rollup-dna /tmp/wt-932/bootstrap-languages/file-storage
@coasys/file-storage:build: > rollup -c rollup.config.hc-dna.js
@coasys/file-storage:build: 
@coasys/file-storage:build: [36m
@coasys/file-storage:build: [1mhapp.js[22m → [1mbuild/happ.js[22m...[39m
@coasys/file-storage:build: [32mcreated [1mbuild/happ.js[22m in [1m48ms[22m[39m
@coasys/file-storage:build: 
@coasys/file-storage:build: > @coasys/file-storage@0.0.1 rollup-icons /tmp/wt-932/bootstrap-languages/file-storage
@coasys/file-storage:build: > rollup -c rollup.config.icons.js
@coasys/file-storage:build: 
@coasys/file-storage:build: [36m
@coasys/file-storage:build: [1mConstructorIcon.svelte[22m → [1mbuild/ConstructorIcon.js[22m...[39m
@coasys/file-storage:build: [32mcreated [1mbuild/ConstructorIcon.js[22m in [1m464ms[22m[39m
@coasys/file-storage:build: [36m
@coasys/file-storage:build: [1mIcon.svelte[22m → [1mbuild/Icon.js[22m...[39m
@coasys/file-storage:build: [32mcreated [1mbuild/Icon.js[22m in [1m118ms[22m[39m
@coasys/file-storage:build: 
@coasys/file-storage:build: > @coasys/file-storage@0.0.1 rollup-expression-ui /tmp/wt-932/bootstrap-languages/file-storage
@coasys/file-storage:build: > rollup -c rollup.config.expression-ui.js
@coasys/file-storage:build: 
@coasys/file-storage:build: [36m
@coasys/file-storage:build: [1mexpressionUI.ts[22m → [1mbuild/expressionUI.js[22m...[39m
@coasys/file-storage:build: [32mcreated [1mbuild/expressionUI.js[22m in [1m1s[22m[39m
@coasys/file-storage:build: [0m[32mDownload[0m https://esm.sh/@types/graphql@14.5.0/index.d.ts
@coasys/file-storage:build: [0m[32mDownload[0m https://esm.sh/@types/graphql@14.5.0/language/ast~.d.ts
@coasys/file-storage:build: [0m[32mDownload[0m https://esm.sh/@libp2p/interfaces@3.3.2/events~.d.ts
@coasys/file-storage:build: undefined
@coasys/agent-language:build: cache miss, executing 638481f1b5cd0801
@coasys/agent-language:build: 
@coasys/agent-language:build: > @coasys/agent-language@0.13.0-test-interpretation-2 build /tmp/wt-932/bootstrap-languages/agent-language
@coasys/agent-language:build: > run-script-os
@coasys/agent-language:build: 
@coasys/agent-language:build: (node:3824718) [DEP0190] DeprecationWarning: Passing args to a child process with shell option true can lead to security vulnerabilities, as the arguments are not escaped, only concatenated.
@coasys/agent-language:build: (Use `node --trace-deprecation ...` to show where the warning was created)
@coasys/agent-language:build: 
@coasys/agent-language:build: > @coasys/agent-language@0.13.0-test-interpretation-2 build:linux
@coasys/agent-language:build: > pnpm compile-dna && pnpm build:common
@coasys/agent-language:build: 
@coasys/agent-language:build: 
@coasys/agent-language:build: > @coasys/agent-language@0.13.0-test-interpretation-2 compile-dna /tmp/wt-932/bootstrap-languages/agent-language
@coasys/agent-language:build: > cd hc-dna && ./build.sh && cd ..
@coasys/agent-language:build: 
@coasys/agent-language:build: agent-language build.sh: using hc=hc (holochain_cli 0.7.0-dev.10)
@coasys/agent-language:build:    Compiling proc-macro2 v1.0.107
@coasys/agent-language:build:    Compiling unicode-ident v1.0.24
@coasys/agent-language:build:    Compiling quote v1.0.47
@coasys/agent-language:build:    Compiling serde_core v1.0.228
@coasys/agent-language:build:    Compiling serde v1.0.228
@coasys/agent-language:build:    Compiling version_check v0.9.5
@coasys/agent-language:build:    Compiling autocfg v1.5.1
@coasys/agent-language:build:    Compiling zmij v1.0.23
@coasys/agent-language:build:    Compiling thiserror v2.0.20
@coasys/agent-language:build:    Compiling serde_json v1.0.151
@coasys/agent-language:build:    Compiling memchr v2.8.3
@coasys/agent-language:build:    Compiling pin-project-lite v0.2.17
@coasys/agent-language:build:    Compiling paste v1.0.15
@coasys/agent-language:build:    Compiling unicode-segmentation v1.13.3
@coasys/agent-language:build:    Compiling futures-sink v0.3.34
@coasys/agent-language:build:    Compiling futures-core v0.3.34
@coasys/agent-language:build:    Compiling unicode-xid v0.2.6
@coasys/agent-language:build:    Compiling hashbrown v0.17.1
@coasys/agent-language:build:    Compiling typenum v1.20.1
@coasys/agent-language:build:    Compiling futures-task v0.3.34
@coasys/agent-language:build:    Compiling slab v0.4.12
@coasys/agent-language:build:    Compiling equivalent v1.0.2
@coasys/agent-language:build:    Compiling futures-io v0.3.34
@coasys/agent-language:build:    Compiling once_cell v1.21.4
@coasys/agent-language:build:    Compiling itoa v1.0.18
@coasys/agent-language:build:    Compiling futures-channel v0.3.34
@coasys/agent-language:build:    Compiling cfg-if v1.0.4
@coasys/agent-language:build:    Compiling byteorder v1.5.0
@coasys/agent-language:build:    Compiling generic-array v0.14.7
@coasys/agent-language:build:    Compiling tracing-core v0.1.36
@coasys/agent-language:build:    Compiling proc-macro-error-attr v1.0.4
@coasys/agent-language:build:    Compiling cpufeatures v0.2.17
@coasys/agent-language:build:    Compiling colored v3.1.1
@coasys/agent-language:build:    Compiling dunce v1.0.5
@coasys/agent-language:build:    Compiling constant_time_eq v0.4.2
@coasys/agent-language:build:    Compiling num-traits v0.2.19
@coasys/agent-language:build:    Compiling getrandom v0.3.4
@coasys/agent-language:build:    Compiling arrayvec v0.7.8
@coasys/agent-language:build:    Compiling ident_case v1.0.1
@coasys/agent-language:build:    Compiling pin-utils v0.1.0
@coasys/agent-language:build:    Compiling syn v1.0.109
@coasys/agent-language:build:    Compiling subtle v2.6.1
@coasys/agent-language:build:    Compiling strsim v0.11.1
@coasys/agent-language:build:    Compiling fnv v1.0.7
@coasys/agent-language:build:    Compiling proc-macro-error v1.0.4
@coasys/agent-language:build:    Compiling base64 v0.22.1
@coasys/agent-language:build:    Compiling heck v0.5.0
@coasys/agent-language:build:    Compiling convert_case v0.10.0
@coasys/agent-language:build:    Compiling blake2b_simd v1.0.5
@coasys/agent-language:build:    Compiling zeroize v1.9.0
@coasys/agent-language:build:    Compiling strum v0.27.2
@coasys/agent-language:build:    Compiling thiserror v1.0.69
@coasys/agent-language:build:    Compiling indexmap v2.14.0
@coasys/agent-language:build:    Compiling convert_case v0.4.0
@coasys/agent-language:build:    Compiling subtle-encoding v0.5.1
@coasys/agent-language:build:    Compiling syn v2.0.119
@coasys/agent-language:build:    Compiling syn v3.0.3
@coasys/agent-language:build:    Compiling crypto-common v0.1.7
@coasys/agent-language:build:    Compiling block-buffer v0.10.4
@coasys/agent-language:build:    Compiling rmp v0.8.15
@coasys/agent-language:build:    Compiling digest v0.10.7
@coasys/agent-language:build:    Compiling sha2 v0.10.9
@coasys/agent-language:build:    Compiling serde_bytes v0.11.19
@coasys/agent-language:build:    Compiling futures-macro v0.3.34
@coasys/agent-language:build:    Compiling thiserror-impl v2.0.20
@coasys/agent-language:build:    Compiling futures-util v0.3.34
@coasys/agent-language:build:    Compiling darling_core v0.21.3
@coasys/agent-language:build:    Compiling serde_derive v1.0.228
@coasys/agent-language:build:    Compiling holochain_serialized_bytes_derive v0.0.57
@coasys/agent-language:build:    Compiling derive_more-impl v2.1.1
@coasys/agent-language:build:    Compiling tracing-attributes v0.1.31
@coasys/agent-language:build:    Compiling strum_macros v0.27.2
@coasys/agent-language:build:    Compiling thiserror-impl v1.0.69
@coasys/agent-language:build:    Compiling derive_more v0.99.20
@coasys/agent-language:build:    Compiling tracing v0.1.44
@coasys/agent-language:build:    Compiling darling_macro v0.21.3
@coasys/agent-language:build:    Compiling darling v0.21.3
@coasys/agent-language:build:    Compiling derive_more v2.1.1
@coasys/agent-language:build:    Compiling futures-executor v0.3.34
@coasys/agent-language:build:    Compiling futures v0.3.34
@coasys/agent-language:build:    Compiling holochain_util v0.7.0 (https://github.com/coasys/holochain.git?branch=0.7.0-space-override-coasys#678f683e)
@coasys/agent-language:build:    Compiling must_future v0.1.2
@coasys/agent-language:build:    Compiling serde-transcode v1.1.1
@coasys/agent-language:build:    Compiling rmp-serde v1.3.0
@coasys/agent-language:build:    Compiling holochain_secure_primitive v0.7.0 (https://github.com/coasys/holochain.git?branch=0.7.0-space-override-coasys#678f683e)
@coasys/agent-language:build:    Compiling holochain_timestamp v0.7.0 (https://github.com/coasys/holochain.git?branch=0.7.0-space-override-coasys#678f683e)
@coasys/agent-language:build:    Compiling chrono v0.4.45
@coasys/agent-language:build:    Compiling holochain_serialized_bytes v0.0.57
@coasys/agent-language:build:    Compiling holochain_wasmer_common v0.0.103
@coasys/agent-language:build:    Compiling holo_hash v0.7.0 (https://github.com/coasys/holochain.git?branch=0.7.0-space-override-coasys#678f683e)
@coasys/agent-language:build:    Compiling holochain_wasmer_guest v0.0.103
@coasys/agent-language:build:    Compiling holochain_integrity_types v0.7.0 (https://github.com/coasys/holochain.git?branch=0.7.0-space-override-coasys#678f683e)
@coasys/agent-language:build:    Compiling holochain_nonce v0.7.0 (https://github.com/coasys/holochain.git?branch=0.7.0-space-override-coasys#678f683e)
@coasys/agent-language:build:    Compiling holochain_zome_types v0.7.0 (https://github.com/coasys/holochain.git?branch=0.7.0-space-override-coasys#678f683e)
@coasys/agent-language:build:    Compiling hdk_derive v0.7.0 (https://github.com/coasys/holochain.git?branch=0.7.0-space-override-coasys#678f683e)
@coasys/agent-language:build:    Compiling hdi v0.8.0 (https://github.com/coasys/holochain.git?branch=0.7.0-space-override-coasys#678f683e)
@coasys/agent-language:build:    Compiling hdk v0.7.0 (https://github.com/coasys/holochain.git?branch=0.7.0-space-override-coasys#678f683e)
@coasys/agent-language:build:    Compiling agent_store_integrity v0.0.1 (/tmp/wt-932/bootstrap-languages/agent-language/hc-dna/zomes/agent_store_integrity)
@coasys/agent-language:build:    Compiling agent_store v0.0.1 (/tmp/wt-932/bootstrap-languages/agent-language/hc-dna/zomes/agent_store)
@coasys/agent-language:build:     Finished `release` profile [optimized] target(s) in 17.36s
@coasys/agent-language:build: Wrote bundle /tmp/wt-932/bootstrap-languages/agent-language/hc-dna/workdir/agent-store.dna
@coasys/agent-language:build: Wrote bundle /tmp/wt-932/bootstrap-languages/agent-language/hc-dna/workdir/ad4m-agent-language.happ
@coasys/agent-language:build: 
@coasys/agent-language:build: > @coasys/agent-language@0.13.0-test-interpretation-2 build:common /tmp/wt-932/bootstrap-languages/agent-language
@coasys/agent-language:build: > pnpm rollup-icons && pnpm rollup-expression-ui && bash rust-impl/build.sh
@coasys/agent-language:build: 
@coasys/agent-language:build: 
@coasys/agent-language:build: > @coasys/agent-language@0.13.0-test-interpretation-2 rollup-icons /tmp/wt-932/bootstrap-languages/agent-language
@coasys/agent-language:build: > rollup -c rollup.config.icons.js
@coasys/agent-language:build: 
@coasys/agent-language:build: [36m
@coasys/agent-language:build: [1mConstructorIcon.svelte[22m → [1mbuild/ConstructorIcon.js[22m...[39m
@coasys/agent-language:build: [1m[33m(!) Plugin svelte: ConstructorIcon has unused export property 'commitExpression'. If it is for external reference only, please consider using `export const commitExpression`[39m[22m
@coasys/agent-language:build: [1mConstructorIcon.svelte[22m
@coasys/agent-language:build: [90m1: <svelte:options tag={null}/>
@coasys/agent-language:build: 2: 
@coasys/agent-language:build: 3: <script lang="ts">export let commitExpression;
@coasys/agent-language:build:                                 ^
@coasys/agent-language:build: 4: </script>
@coasys/agent-language:build: 5: [39m
@coasys/agent-language:build: [32mcreated [1mbuild/ConstructorIcon.js[22m in [1m612ms[22m[39m
@coasys/agent-language:build: [36m
@coasys/agent-language:build: [1mIcon.svelte[22m → [1mbuild/Icon.js[22m...[39m
@coasys/agent-language:build: [1m[33m(!) Use of eval is strongly discouraged[39m[22m
@coasys/agent-language:build: [90mhttps://rollupjs.org/guide/en/#avoiding-eval[39m
@coasys/agent-language:build: [1m../../node_modules/.pnpm/@coasys+ad4m@0.8.1_bufferutil@4.0.8_graphql-ws@5.14.3_graphql@15.7.2_patch_hash=nr4gprddtjag7_dvhhp5ukmmz4werqcuqxmgs2km/node_modules/@coasys/ad4m/lib/index.js[22m
@coasys/agent-language:build: [90m4476:             if (setter) {
@coasys/agent-language:build: 4477:                 const property = setter.Property;
@coasys/agent-language:build: 4478:                 const actions = eval(setter.Setter);
@coasys/agent-language:build:                                       ^
@coasys/agent-language:build: 4479:                 const resolveLanguageResults = await __classPrivateFieldGet$a(this, _Subject_perspective, "f").infer(`subject_class("${__classPrivateFieldGet$a(this, _Subject_subjectClass, "f")}", C), property_resolve_language(C, "${property}", Language)`);
@coasys/agent-language:build: 4480:                 let resolveLanguage;[39m
@coasys/agent-language:build: ...and 12 other occurrences
@coasys/agent-language:build: [32mcreated [1mbuild/Icon.js[22m in [1m536ms[22m[39m
@coasys/agent-language:build: 
@coasys/agent-language:build: > @coasys/agent-language@0.13.0-test-interpretation-2 rollup-expression-ui /tmp/wt-932/bootstrap-languages/agent-language
@coasys/agent-language:build: > rollup -c rollup.config.expression-ui.js
@coasys/agent-language:build: 
@coasys/agent-language:build: [36m
@coasys/agent-language:build: [1mexpressionUI.ts[22m → [1mbuild/expressionUI.js[22m...[39m
@coasys/agent-language:build: [32mcreated [1mbuild/expressionUI.js[22m in [1m1s[22m[39m
@coasys/agent-language:build: ==> cargo build --target wasm32-unknown-unknown --release
@coasys/agent-language:build:     Updating crates.io index
@coasys/agent-language:build:      Locking 29 packages to latest compatible versions
@coasys/agent-language:build:       Adding js-sys v0.3.95 (available: v0.3.104)
@coasys/agent-language:build:       Adding wasm-bindgen v0.2.118 (available: v0.2.127)
@coasys/agent-language:build:       Adding wasm-bindgen-futures v0.4.68 (available: v0.4.77)
@coasys/agent-language:build:       Adding wasm-bindgen-macro v0.2.118 (available: v0.2.127)
@coasys/agent-language:build:       Adding wasm-bindgen-macro-support v0.2.118 (available: v0.2.127)
@coasys/agent-language:build:       Adding wasm-bindgen-shared v0.2.118 (available: v0.2.127)
@coasys/agent-language:build:    Compiling proc-macro2 v1.0.107
@coasys/agent-language:build:    Compiling unicode-ident v1.0.24
@coasys/agent-language:build:    Compiling quote v1.0.47
@coasys/agent-language:build:    Compiling wasm-bindgen-shared v0.2.118
@coasys/agent-language:build:    Compiling rustversion v1.0.23
@coasys/agent-language:build:    Compiling bumpalo v3.20.3
@coasys/agent-language:build:    Compiling serde_core v1.0.229
@coasys/agent-language:build:    Compiling pin-project-lite v0.2.17
@coasys/agent-language:build:    Compiling cfg-if v1.0.4
@coasys/agent-language:build:    Compiling once_cell v1.21.4
@coasys/agent-language:build:    Compiling slab v0.4.12
@coasys/agent-language:build:    Compiling futures-core v0.3.34
@coasys/agent-language:build:    Compiling futures-task v0.3.34
@coasys/agent-language:build:    Compiling serde v1.0.229
@coasys/agent-language:build:    Compiling zmij v1.0.23
@coasys/agent-language:build:    Compiling serde_json v1.0.151
@coasys/agent-language:build:    Compiling itoa v1.0.18
@coasys/agent-language:build:    Compiling memchr v2.8.3
@coasys/agent-language:build:    Compiling futures-util v0.3.34
@coasys/agent-language:build:    Compiling wasm-bindgen v0.2.118
@coasys/agent-language:build:    Compiling syn v2.0.119
@coasys/agent-language:build:    Compiling syn v3.0.4
@coasys/agent-language:build:    Compiling serde_derive v1.0.229
@coasys/agent-language:build:    Compiling wasm-bindgen-macro-support v0.2.118
@coasys/agent-language:build:    Compiling wasm-bindgen-macro v0.2.118
@coasys/agent-language:build:    Compiling js-sys v0.3.95
@coasys/agent-language:build:    Compiling wasm-bindgen-futures v0.4.68
@coasys/agent-language:build:    Compiling serde-wasm-bindgen v0.6.5
@coasys/agent-language:build:    Compiling ad4m-ldk v0.13.0-test-1 (/tmp/wt-932/ad4m-ldk/rust)
@coasys/agent-language:build:    Compiling agent-language v0.1.0 (/tmp/wt-932/bootstrap-languages/agent-language/rust-impl)
@coasys/agent-language:build:     Finished `release` profile [optimized] target(s) in 13.48s
@coasys/agent-language:build: ==> wasm-bindgen --target deno
@coasys/agent-language:build: ==> inlining wasm into single-file bundle
@coasys/agent-language:build: wrote /tmp/wt-932/bootstrap-languages/agent-language/rust-impl/build/bundle.js (1277.7 KiB, wasm 941.5 KiB)
@coasys/agent-language:build: ==> copying bundle.js into ../build/
@coasys/agent-language:build: ==> agent-language (Rust ALDK) built:
@coasys/agent-language:build: -rw------- 1 data data 1.3M Sep  2 18:51 /tmp/wt-932/bootstrap-languages/agent-language/rust-impl/../build/bundle.js
@coasys/perspective-diff-sync:build: cache miss, executing 020242df5b04f946
@coasys/perspective-diff-sync:build: 
@coasys/perspective-diff-sync:build: > @coasys/perspective-diff-sync@0.13.0-test-interpretation-2 build /tmp/wt-932/bootstrap-languages/p-diff-sync
@coasys/perspective-diff-sync:build: > run-script-os
@coasys/perspective-diff-sync:build: 
@coasys/perspective-diff-sync:build: (node:3828650) [DEP0190] DeprecationWarning: Passing args to a child process with shell option true can lead to security vulnerabilities, as the arguments are not escaped, only concatenated.
@coasys/perspective-diff-sync:build: (Use `node --trace-deprecation ...` to show where the warning was created)
@coasys/perspective-diff-sync:build: 
@coasys/perspective-diff-sync:build: > @coasys/perspective-diff-sync@0.13.0-test-interpretation-2 build:linux
@coasys/perspective-diff-sync:build: > pnpm run build-dna && pnpm run build-common
@coasys/perspective-diff-sync:build: 
@coasys/perspective-diff-sync:build: 
@coasys/perspective-diff-sync:build: > @coasys/perspective-diff-sync@0.13.0-test-interpretation-2 build-dna /tmp/wt-932/bootstrap-languages/p-diff-sync
@coasys/perspective-diff-sync:build: > cd hc-dna && ./build.sh && cd ..
@coasys/perspective-diff-sync:build: 
@coasys/perspective-diff-sync:build: p-diff-sync build.sh: using hc=hc (holochain_cli 0.7.0-dev.10)
@coasys/perspective-diff-sync:build:    Compiling unicode-ident v1.0.24
@coasys/perspective-diff-sync:build:    Compiling proc-macro2 v1.0.107
@coasys/perspective-diff-sync:build:    Compiling quote v1.0.47
@coasys/perspective-diff-sync:build:    Compiling serde_core v1.0.228
@coasys/perspective-diff-sync:build:    Compiling version_check v0.9.5
@coasys/perspective-diff-sync:build:    Compiling serde v1.0.228
@coasys/perspective-diff-sync:build:    Compiling autocfg v1.5.1
@coasys/perspective-diff-sync:build:    Compiling zmij v1.0.23
@coasys/perspective-diff-sync:build:    Compiling serde_json v1.0.151
@coasys/perspective-diff-sync:build:    Compiling memchr v2.8.3
@coasys/perspective-diff-sync:build:    Compiling thiserror v2.0.20
@coasys/perspective-diff-sync:build:    Compiling cfg-if v1.0.4
@coasys/perspective-diff-sync:build:    Compiling pin-project-lite v0.2.17
@coasys/perspective-diff-sync:build:    Compiling once_cell v1.21.4
@coasys/perspective-diff-sync:build:    Compiling unicode-segmentation v1.13.3
@coasys/perspective-diff-sync:build:    Compiling paste v1.0.15
@coasys/perspective-diff-sync:build:    Compiling futures-sink v0.3.34
@coasys/perspective-diff-sync:build:    Compiling futures-core v0.3.34
@coasys/perspective-diff-sync:build:    Compiling hashbrown v0.17.1
@coasys/perspective-diff-sync:build:    Compiling futures-io v0.3.34
@coasys/perspective-diff-sync:build:    Compiling unicode-xid v0.2.6
@coasys/perspective-diff-sync:build:    Compiling futures-task v0.3.34
@coasys/perspective-diff-sync:build:    Compiling equivalent v1.0.2
@coasys/perspective-diff-sync:build:    Compiling slab v0.4.12
@coasys/perspective-diff-sync:build:    Compiling typenum v1.20.1
@coasys/perspective-diff-sync:build:    Compiling getrandom v0.3.4
@coasys/perspective-diff-sync:build:    Compiling byteorder v1.5.0
@coasys/perspective-diff-sync:build:    Compiling futures-channel v0.3.34
@coasys/perspective-diff-sync:build:    Compiling itoa v1.0.18
@coasys/perspective-diff-sync:build:    Compiling syn v1.0.109
@coasys/perspective-diff-sync:build:    Compiling wasm-bindgen-shared v0.2.127
@coasys/perspective-diff-sync:build:    Compiling generic-array v0.14.7
@coasys/perspective-diff-sync:build:    Compiling proc-macro-error-attr v1.0.4
@coasys/perspective-diff-sync:build:    Compiling tracing-core v0.1.36
@coasys/perspective-diff-sync:build:    Compiling pin-utils v0.1.0
@coasys/perspective-diff-sync:build:    Compiling num-traits v0.2.19
@coasys/perspective-diff-sync:build:    Compiling dunce v1.0.5
@coasys/perspective-diff-sync:build:    Compiling ident_case v1.0.1
@coasys/perspective-diff-sync:build:    Compiling constant_time_eq v0.4.2
@coasys/perspective-diff-sync:build:    Compiling convert_case v0.10.0
@coasys/perspective-diff-sync:build:    Compiling fnv v1.0.7
@coasys/perspective-diff-sync:build:    Compiling cpufeatures v0.2.17
@coasys/perspective-diff-sync:build:    Compiling subtle v2.6.1
@coasys/perspective-diff-sync:build:    Compiling arrayvec v0.7.8
@coasys/perspective-diff-sync:build:    Compiling colored v3.1.1
@coasys/perspective-diff-sync:build:    Compiling strsim v0.11.1
@coasys/perspective-diff-sync:build:    Compiling proc-macro-error v1.0.4
@coasys/perspective-diff-sync:build:    Compiling base64 v0.22.1
@coasys/perspective-diff-sync:build:    Compiling rustversion v1.0.23
@coasys/perspective-diff-sync:build:    Compiling heck v0.5.0
@coasys/perspective-diff-sync:build:    Compiling zerocopy v0.8.56
@coasys/perspective-diff-sync:build:    Compiling zeroize v1.9.0
@coasys/perspective-diff-sync:build:    Compiling ucd-trie v0.1.7
@coasys/perspective-diff-sync:build:    Compiling bumpalo v3.20.3
@coasys/perspective-diff-sync:build:    Compiling indexmap v2.14.0
@coasys/perspective-diff-sync:build:    Compiling dot-structures v0.1.2
@coasys/perspective-diff-sync:build:    Compiling blake2b_simd v1.0.5
@coasys/perspective-diff-sync:build:    Compiling rand_core v0.9.5
@coasys/perspective-diff-sync:build:    Compiling strum v0.27.2
@coasys/perspective-diff-sync:build:    Compiling thiserror v1.0.69
@coasys/perspective-diff-sync:build:    Compiling pest v2.9.0
@coasys/perspective-diff-sync:build:    Compiling subtle-encoding v0.5.1
@coasys/perspective-diff-sync:build:    Compiling into-attr v0.1.1
@coasys/perspective-diff-sync:build:    Compiling dot-generator v0.2.0
@coasys/perspective-diff-sync:build:    Compiling fastrand v2.5.0
@coasys/perspective-diff-sync:build:    Compiling convert_case v0.4.0
@coasys/perspective-diff-sync:build:    Compiling either v1.18.0
@coasys/perspective-diff-sync:build:    Compiling fixedbitset v0.4.2
@coasys/perspective-diff-sync:build:    Compiling maplit v1.0.2
@coasys/perspective-diff-sync:build:    Compiling lazy_static v1.5.0
@coasys/perspective-diff-sync:build:    Compiling tempfile v3.27.0
@coasys/perspective-diff-sync:build:    Compiling syn v2.0.119
@coasys/perspective-diff-sync:build:    Compiling syn v3.0.3
@coasys/perspective-diff-sync:build:    Compiling itertools v0.10.5
@coasys/perspective-diff-sync:build:    Compiling wasm-bindgen v0.2.127
@coasys/perspective-diff-sync:build:    Compiling crypto-common v0.1.7
@coasys/perspective-diff-sync:build:    Compiling block-buffer v0.10.4
@coasys/perspective-diff-sync:build:    Compiling rmp v0.8.15
@coasys/perspective-diff-sync:build:    Compiling petgraph v0.6.5
@coasys/perspective-diff-sync:build:    Compiling digest v0.10.7
@coasys/perspective-diff-sync:build:    Compiling sha2 v0.10.9
@coasys/perspective-diff-sync:build:    Compiling pest_meta v2.9.0
@coasys/perspective-diff-sync:build:    Compiling serde_bytes v0.11.19
@coasys/perspective-diff-sync:build:    Compiling into-attr-derive v0.2.1
@coasys/perspective-diff-sync:build:    Compiling futures-macro v0.3.34
@coasys/perspective-diff-sync:build:    Compiling thiserror-impl v2.0.20
@coasys/perspective-diff-sync:build:    Compiling futures-util v0.3.34
@coasys/perspective-diff-sync:build:    Compiling darling_core v0.21.3
@coasys/perspective-diff-sync:build:    Compiling wasm-bindgen-macro-support v0.2.127
@coasys/perspective-diff-sync:build:    Compiling pest_generator v2.9.0
@coasys/perspective-diff-sync:build:    Compiling ppv-lite86 v0.2.21
@coasys/perspective-diff-sync:build:    Compiling rand_chacha v0.9.0
@coasys/perspective-diff-sync:build:    Compiling serde_derive v1.0.228
@coasys/perspective-diff-sync:build:    Compiling holochain_serialized_bytes_derive v0.0.57
@coasys/perspective-diff-sync:build:    Compiling derive_more-impl v2.1.1
@coasys/perspective-diff-sync:build:    Compiling tracing-attributes v0.1.31
@coasys/perspective-diff-sync:build:    Compiling strum_macros v0.27.2
@coasys/perspective-diff-sync:build:    Compiling derive_more v0.99.20
@coasys/perspective-diff-sync:build:    Compiling thiserror-impl v1.0.69
@coasys/perspective-diff-sync:build:    Compiling rand v0.9.5
@coasys/perspective-diff-sync:build:    Compiling pest_derive v2.9.0
@coasys/perspective-diff-sync:build:    Compiling graphviz-rust v0.9.8
@coasys/perspective-diff-sync:build:    Compiling tracing v0.1.44
@coasys/perspective-diff-sync:build:    Compiling darling_macro v0.21.3
@coasys/perspective-diff-sync:build:    Compiling darling v0.21.3
@coasys/perspective-diff-sync:build:    Compiling futures-executor v0.3.34
@coasys/perspective-diff-sync:build:    Compiling futures v0.3.34
@coasys/perspective-diff-sync:build:    Compiling holochain_util v0.7.0 (https://github.com/coasys/holochain.git?branch=0.7.0-space-override-coasys#678f683e)
@coasys/perspective-diff-sync:build:    Compiling derive_more v2.1.1
@coasys/perspective-diff-sync:build:    Compiling must_future v0.1.2
@coasys/perspective-diff-sync:build:    Compiling wasm-bindgen-macro v0.2.127
@coasys/perspective-diff-sync:build:    Compiling serde-transcode v1.1.1
@coasys/perspective-diff-sync:build:    Compiling rmp-serde v1.3.0
@coasys/perspective-diff-sync:build:    Compiling holochain_secure_primitive v0.7.0 (https://github.com/coasys/holochain.git?branch=0.7.0-space-override-coasys#678f683e)
@coasys/perspective-diff-sync:build:    Compiling holochain_timestamp v0.7.0 (https://github.com/coasys/holochain.git?branch=0.7.0-space-override-coasys#678f683e)
@coasys/perspective-diff-sync:build:    Compiling chrono v0.4.45
@coasys/perspective-diff-sync:build:    Compiling holochain_serialized_bytes v0.0.57
@coasys/perspective-diff-sync:build:    Compiling holochain_wasmer_common v0.0.103
@coasys/perspective-diff-sync:build:    Compiling holo_hash v0.7.0 (https://github.com/coasys/holochain.git?branch=0.7.0-space-override-coasys#678f683e)
@coasys/perspective-diff-sync:build:    Compiling holochain_wasmer_guest v0.0.103
@coasys/perspective-diff-sync:build:    Compiling holochain_integrity_types v0.7.0 (https://github.com/coasys/holochain.git?branch=0.7.0-space-override-coasys#678f683e)
@coasys/perspective-diff-sync:build:    Compiling holochain_nonce v0.7.0 (https://github.com/coasys/holochain.git?branch=0.7.0-space-override-coasys#678f683e)
@coasys/perspective-diff-sync:build:    Compiling js-sys v0.3.104
@coasys/perspective-diff-sync:build:    Compiling holochain_zome_types v0.7.0 (https://github.com/coasys/holochain.git?branch=0.7.0-space-override-coasys#678f683e)
@coasys/perspective-diff-sync:build:    Compiling hdk_derive v0.7.0 (https://github.com/coasys/holochain.git?branch=0.7.0-space-override-coasys#678f683e)
@coasys/perspective-diff-sync:build:    Compiling hdi v0.8.0 (https://github.com/coasys/holochain.git?branch=0.7.0-space-override-coasys#678f683e)
@coasys/perspective-diff-sync:build:    Compiling hdk v0.7.0 (https://github.com/coasys/holochain.git?branch=0.7.0-space-override-coasys#678f683e)
@coasys/perspective-diff-sync:build:    Compiling perspective_diff_sync_integrity v0.0.1 (/tmp/wt-932/bootstrap-languages/p-diff-sync/hc-dna/zomes/perspective_diff_sync_integrity)
@coasys/perspective-diff-sync:build:    Compiling perspective_diff_sync v0.0.1 (/tmp/wt-932/bootstrap-languages/p-diff-sync/hc-dna/zomes/perspective_diff_sync)
@coasys/perspective-diff-sync:build: warning: unused import: `PerspectiveDiff`
@coasys/perspective-diff-sync:build:   --> zomes/perspective_diff_sync/src/lib.rs:10:5
@coasys/perspective-diff-sync:build:    |
@coasys/perspective-diff-sync:build: 10 |     PerspectiveDiff, PerspectiveDiffEntryReference, PerspectiveExpressio...
@coasys/perspective-diff-sync:build:    |     ^^^^^^^^^^^^^^^
@coasys/perspective-diff-sync:build:    |
@coasys/perspective-diff-sync:build:    = note: `#[warn(unused_imports)]` (part of `#[warn(unused)]`) on by default
@coasys/perspective-diff-sync:build: 
@coasys/perspective-diff-sync:build: warning: use of deprecated associated function `chrono::DateTime::<Tz>::from_utc`: Use TimeZone::from_utc_datetime() or DateTime::from_naive_utc_and_offset instead
@coasys/perspective-diff-sync:build:   --> zomes/perspective_diff_sync/src/retriever/holochain.rs:43:42
@coasys/perspective-diff-sync:build:    |
@coasys/perspective-diff-sync:build: 43 |         let timestamp = DateTime::<Utc>::from_utc(
@coasys/perspective-diff-sync:build:    |                                          ^^^^^^^^
@coasys/perspective-diff-sync:build:    |
@coasys/perspective-diff-sync:build:    = note: `#[warn(deprecated)]` on by default
@coasys/perspective-diff-sync:build: 
@coasys/perspective-diff-sync:build: warning: use of deprecated associated function `chrono::NaiveDateTime::from_timestamp`: use `DateTime::from_timestamp` instead
@coasys/perspective-diff-sync:build:   --> zomes/perspective_diff_sync/src/retriever/holochain.rs:44:28
@coasys/perspective-diff-sync:build:    |
@coasys/perspective-diff-sync:build: 44 | ...   NaiveDateTime::from_timestamp(duration.as_secs() as i64, duration....
@coasys/perspective-diff-sync:build:    |                      ^^^^^^^^^^^^^^
@coasys/perspective-diff-sync:build: 
@coasys/perspective-diff-sync:build: warning: use of deprecated associated function `chrono::DateTime::<Tz>::from_utc`: Use TimeZone::from_utc_datetime() or DateTime::from_naive_utc_and_offset instead
@coasys/perspective-diff-sync:build:   --> zomes/perspective_diff_sync/src/utils.rs:12:33
@coasys/perspective-diff-sync:build:    |
@coasys/perspective-diff-sync:build: 12 |             Ok(DateTime::<Utc>::from_utc(
@coasys/perspective-diff-sync:build:    |                                 ^^^^^^^^
@coasys/perspective-diff-sync:build: 
@coasys/perspective-diff-sync:build: warning: use of deprecated associated function `chrono::NaiveDateTime::from_timestamp`: use `DateTime::from_timestamp` instead
@coasys/perspective-diff-sync:build:   --> zomes/perspective_diff_sync/src/utils.rs:13:32
@coasys/perspective-diff-sync:build:    |
@coasys/perspective-diff-sync:build: 13 |                 NaiveDateTime::from_timestamp(now.0, now.1),
@coasys/perspective-diff-sync:build:    |                                ^^^^^^^^^^^^^^
@coasys/perspective-diff-sync:build: 
@coasys/perspective-diff-sync:build: warning: unused variable: `e`
@coasys/perspective-diff-sync:build:   --> zomes/perspective_diff_sync/src/link_adapter/commit.rs:88:25
@coasys/perspective-diff-sync:build:    |
@coasys/perspective-diff-sync:build: 88 |                     Err(e) => {
@coasys/perspective-diff-sync:build:    |                         ^ help: if this is intentional, prefix it with an underscore: `_e`
@coasys/perspective-diff-sync:build:    |
@coasys/perspective-diff-sync:build:    = note: `#[warn(unused_variables)]` (part of `#[warn(unused)]`) on by default
@coasys/perspective-diff-sync:build: 
@coasys/perspective-diff-sync:build: warning: associated functions `get_with_timestamp` and `update_latest_revision` are never used
@coasys/perspective-diff-sync:build:   --> zomes/perspective_diff_sync/src/retriever.rs:18:8
@coasys/perspective-diff-sync:build:    |
@coasys/perspective-diff-sync:build: 13 | pub trait PerspectiveDiffRetreiver {
@coasys/perspective-diff-sync:build:    |           ------------------------ associated functions in this trait
@coasys/perspective-diff-sync:build: ...
@coasys/perspective-diff-sync:build: 18 |     fn get_with_timestamp<T>(hash: Hash) -> SocialContextResult<(T, Date...
@coasys/perspective-diff-sync:build:    |        ^^^^^^^^^^^^^^^^^^
@coasys/perspective-diff-sync:build: ...
@coasys/perspective-diff-sync:build: 32 |     fn update_latest_revision(hash: Hash, timestamp: DateTime<Utc>) -> S...
@coasys/perspective-diff-sync:build:    |        ^^^^^^^^^^^^^^^^^^^^^^
@coasys/perspective-diff-sync:build:    |
@coasys/perspective-diff-sync:build:    = note: `#[warn(dead_code)]` (part of `#[warn(unused)]`) on by default
@coasys/perspective-diff-sync:build: 
@coasys/perspective-diff-sync:build: warning: function `get_agents_did_key` is never used
@coasys/perspective-diff-sync:build:    --> zomes/perspective_diff_sync/src/telepresence/status.rs:162:8
@coasys/perspective-diff-sync:build:     |
@coasys/perspective-diff-sync:build: 162 | pub fn get_agents_did_key(agent: AgentPubKey) -> SocialContextResult<Op...
@coasys/perspective-diff-sync:build:     |        ^^^^^^^^^^^^^^^^^^
@coasys/perspective-diff-sync:build: 
@coasys/perspective-diff-sync:build: warning: `perspective_diff_sync` (lib) generated 8 warnings (run `cargo fix --lib -p perspective_diff_sync` to apply 2 suggestions)
@coasys/perspective-diff-sync:build:     Finished `release` profile [optimized] target(s) in 21.10s
@coasys/perspective-diff-sync:build: Wrote bundle /tmp/wt-932/bootstrap-languages/p-diff-sync/hc-dna/workdir/perspective-diff-sync.dna
@coasys/perspective-diff-sync:build: Wrote bundle /tmp/wt-932/bootstrap-languages/p-diff-sync/hc-dna/workdir/Perspective-Diff-Sync.happ
@coasys/perspective-diff-sync:build: 
@coasys/perspective-diff-sync:build: > @coasys/perspective-diff-sync@0.13.0-test-interpretation-2 build-common /tmp/wt-932/bootstrap-languages/p-diff-sync
@coasys/perspective-diff-sync:build: > pnpm run rollup-dna && deno run --allow-all esbuild.ts
@coasys/perspective-diff-sync:build: 
@coasys/perspective-diff-sync:build: 
@coasys/perspective-diff-sync:build: > @coasys/perspective-diff-sync@0.13.0-test-interpretation-2 rollup-dna /tmp/wt-932/bootstrap-languages/p-diff-sync
@coasys/perspective-diff-sync:build: > rollup -c rollup.config.hc-dna.js
@coasys/perspective-diff-sync:build: 
@coasys/perspective-diff-sync:build: [36m
@coasys/perspective-diff-sync:build: [1mhapp.js[22m → [1mbuild/happ.js[22m...[39m
@coasys/perspective-diff-sync:build: [32mcreated [1mbuild/happ.js[22m in [1m56ms[22m[39m
@coasys/perspective-diff-sync:build: undefined
@coasys/embedding-vector-language:build: cache hit, replaying logs 80da6c40330a999c
@coasys/embedding-vector-language:build: 
@coasys/embedding-vector-language:build: > @coasys/embedding-vector-language@0.0.1 build /tmp/wt-932/bootstrap-languages/embedding-vector-language
@coasys/embedding-vector-language:build: > deno run --allow-all esbuild.ts
@coasys/embedding-vector-language:build: 
@coasys/embedding-vector-language:build: undefined
@coasys/centralized-perspective-diff-sync:build: cache miss, executing 007d0efbe1003275
@coasys/centralized-perspective-diff-sync:build: 
@coasys/centralized-perspective-diff-sync:build: > @coasys/centralized-perspective-diff-sync@0.7.1 build /tmp/wt-932/bootstrap-languages/centralized-p-diff-sync
@coasys/centralized-perspective-diff-sync:build: > run-script-os
@coasys/centralized-perspective-diff-sync:build: 
@coasys/centralized-perspective-diff-sync:build: (node:3832352) [DEP0190] DeprecationWarning: Passing args to a child process with shell option true can lead to security vulnerabilities, as the arguments are not escaped, only concatenated.
@coasys/centralized-perspective-diff-sync:build: (Use `node --trace-deprecation ...` to show where the warning was created)
@coasys/centralized-perspective-diff-sync:build: 
@coasys/centralized-perspective-diff-sync:build: > @coasys/centralized-perspective-diff-sync@0.7.1 build:linux
@coasys/centralized-perspective-diff-sync:build: > pnpm run build-common
@coasys/centralized-perspective-diff-sync:build: 
@coasys/centralized-perspective-diff-sync:build: 
@coasys/centralized-perspective-diff-sync:build: > @coasys/centralized-perspective-diff-sync@0.7.1 build-common /tmp/wt-932/bootstrap-languages/centralized-p-diff-sync
@coasys/centralized-perspective-diff-sync:build: > deno run --allow-all esbuild.ts
@coasys/centralized-perspective-diff-sync:build: 
@coasys/centralized-perspective-diff-sync:build: undefined
@coasys/language-language:build: cache miss, executing 5b66dfc855f279bf
@coasys/language-language:build: 
@coasys/language-language:build: > @coasys/language-language@0.4.0 build /tmp/wt-932/bootstrap-languages/language-language
@coasys/language-language:build: > deno run --allow-all esbuild.ts
@coasys/language-language:build: 
@coasys/language-language:build: undefined
@coasys/centralized-file-storage:build: cache hit, replaying logs 6614e35f0d1102f3
@coasys/centralized-file-storage:build: 
@coasys/centralized-file-storage:build: > @coasys/centralized-file-storage@0.7.1 build /tmp/wt-932/bootstrap-languages/centralized-file-storage
@coasys/centralized-file-storage:build: > deno run --allow-all esbuild.ts
@coasys/centralized-file-storage:build: 
@coasys/centralized-file-storage:build: undefined
@coasys/neighbourhood-language:build: cache miss, executing f6b42ae375c5feaf
@coasys/neighbourhood-language:build: 
@coasys/neighbourhood-language:build: > @coasys/neighbourhood-language@0.13.0-test-interpretation-2 build /tmp/wt-932/bootstrap-languages/neighbourhood-language
@coasys/neighbourhood-language:build: > deno run --allow-all esbuild.ts
@coasys/neighbourhood-language:build: 
@coasys/neighbourhood-language:build: undefined

 Tasks:    12 successful, 12 total
Cached:    4 cached, 12 total
  Time:    1m39.724s 

• turbo 2.10.11

   • Packages in scope: @coasys/ad4m, @coasys/ad4m-cli, @coasys/ad4m-connect, @coasys/ad4m-docs, @coasys/ad4m-integration-tests, @coasys/ad4m-ldk, @coasys/ad4m-react-hooks, @coasys/ad4m-vue-hooks, @coasys/agent-language, @coasys/centralized-agent-language, @coasys/centralized-file-storage, @coasys/centralized-perspective-diff-sync, @coasys/dapp, @coasys/eas, @coasys/embedding-vector-language, @coasys/file-storage, @coasys/hooks-helpers, @coasys/language-language, @coasys/neighbourhood-language, @coasys/perspective-diff-sync, @coasys/perspective-language, @coasys/rust-ad4m-executor, ad4m-launcher
   • Running build-libs in 23 packages
   • Remote caching disabled, using shared worktree cache

@coasys/dapp:build: cache miss, executing 2fe46c4099e3f7f4
@coasys/ad4m:build: cache miss, executing 627423c30d0186d1
@coasys/ad4m-ldk:build: cache hit, replaying logs 563976aede0f9cb6
@coasys/ad4m-ldk:build: 
@coasys/ad4m-ldk:build: > @coasys/ad4m-ldk@0.13.0-test-1 build /tmp/wt-932/ad4m-ldk/js
@coasys/ad4m-ldk:build: > tsc
@coasys/ad4m-ldk:build: 
@coasys/dapp:build: 
@coasys/dapp:build: > @coasys/dapp@0.1.0 build /tmp/wt-932/dapp
@coasys/dapp:build: > tsc && vite build
@coasys/dapp:build: 
@coasys/ad4m:build: 
@coasys/ad4m:build: > @coasys/ad4m@0.13.0-test-interpretation-2 build /tmp/wt-932/core
@coasys/ad4m:build: > patch-package && tsc && pnpm run bundle
@coasys/ad4m:build: 
@coasys/ad4m:build: patch-package 8.0.0
@coasys/ad4m:build: Applying patches...
@coasys/ad4m:build: Unrecognized patch file in patches directory graphql@15.7.2.patch
@coasys/ad4m:build: ---
@coasys/ad4m:build: patch-package finished with 1 warning(s).
@coasys/dapp:build: vite v5.0.12 building for production...
@coasys/dapp:build: transforming...
@coasys/ad4m:build: 
@coasys/ad4m:build: > @coasys/ad4m@0.13.0-test-interpretation-2 bundle /tmp/wt-932/core
@coasys/ad4m:build: > rollup -c rollup.config.js
@coasys/ad4m:build: 
@coasys/ad4m:build: [36m
@coasys/ad4m:build: [1mlib/src/index.js[22m → [1mlib/index.cjs, lib/index.js[22m...[39m
@coasys/dapp:build: ../node_modules/.pnpm/@coasys+ad4m@0.8.1_bufferutil@4.0.8_graphql-ws@5.14.3_graphql@15.7.2_patch_hash=nr4gprddtjag7_dvhhp5ukmmz4werqcuqxmgs2km/node_modules/@coasys/ad4m/lib/index.js (4478:32) Use of eval in "../node_modules/.pnpm/@coasys+ad4m@0.8.1_bufferutil@4.0.8_graphql-ws@5.14.3_graphql@15.7.2_patch_hash=nr4gprddtjag7_dvhhp5ukmmz4werqcuqxmgs2km/node_modules/@coasys/ad4m/lib/index.js" is strongly discouraged as it poses security risks and may cause issues with minification.
@coasys/dapp:build: ../node_modules/.pnpm/@coasys+ad4m@0.8.1_bufferutil@4.0.8_graphql-ws@5.14.3_graphql@15.7.2_patch_hash=nr4gprddtjag7_dvhhp5ukmmz4werqcuqxmgs2km/node_modules/@coasys/ad4m/lib/index.js (4517:32) Use of eval in "../node_modules/.pnpm/@coasys+ad4m@0.8.1_bufferutil@4.0.8_graphql-ws@5.14.3_graphql@15.7.2_patch_hash=nr4gprddtjag7_dvhhp5ukmmz4werqcuqxmgs2km/node_modules/@coasys/ad4m/lib/index.js" is strongly discouraged as it poses security risks and may cause issues with minification.
@coasys/dapp:build: ../node_modules/.pnpm/@coasys+ad4m@0.8.1_bufferutil@4.0.8_graphql-ws@5.14.3_graphql@15.7.2_patch_hash=nr4gprddtjag7_dvhhp5ukmmz4werqcuqxmgs2km/node_modules/@coasys/ad4m/lib/index.js (4534:32) Use of eval in "../node_modules/.pnpm/@coasys+ad4m@0.8.1_bufferutil@4.0.8_graphql-ws@5.14.3_graphql@15.7.2_patch_hash=nr4gprddtjag7_dvhhp5ukmmz4werqcuqxmgs2km/node_modules/@coasys/ad4m/lib/index.js" is strongly discouraged as it poses security risks and may cause issues with minification.
@coasys/dapp:build: ../node_modules/.pnpm/@coasys+ad4m@0.8.1_bufferutil@4.0.8_graphql-ws@5.14.3_graphql@15.7.2_patch_hash=nr4gprddtjag7_dvhhp5ukmmz4werqcuqxmgs2km/node_modules/@coasys/ad4m/lib/index.js (4551:32) Use of eval in "../node_modules/.pnpm/@coasys+ad4m@0.8.1_bufferutil@4.0.8_graphql-ws@5.14.3_graphql@15.7.2_patch_hash=nr4gprddtjag7_dvhhp5ukmmz4werqcuqxmgs2km/node_modules/@coasys/ad4m/lib/index.js" is strongly discouraged as it poses security risks and may cause issues with minification.
@coasys/dapp:build: ../node_modules/.pnpm/@coasys+ad4m@0.8.1_bufferutil@4.0.8_graphql-ws@5.14.3_graphql@15.7.2_patch_hash=nr4gprddtjag7_dvhhp5ukmmz4werqcuqxmgs2km/node_modules/@coasys/ad4m/lib/index.js (4805:22) Use of eval in "../node_modules/.pnpm/@coasys+ad4m@0.8.1_bufferutil@4.0.8_graphql-ws@5.14.3_graphql@15.7.2_patch_hash=nr4gprddtjag7_dvhhp5ukmmz4werqcuqxmgs2km/node_modules/@coasys/ad4m/lib/index.js" is strongly discouraged as it poses security risks and may cause issues with minification.
@coasys/dapp:build: ../node_modules/.pnpm/@coasys+ad4m@0.8.1_bufferutil@4.0.8_graphql-ws@5.14.3_graphql@15.7.2_patch_hash=nr4gprddtjag7_dvhhp5ukmmz4werqcuqxmgs2km/node_modules/@coasys/ad4m/lib/index.js (4827:17) Use of eval in "../node_modules/.pnpm/@coasys+ad4m@0.8.1_bufferutil@4.0.8_graphql-ws@5.14.3_graphql@15.7.2_patch_hash=nr4gprddtjag7_dvhhp5ukmmz4werqcuqxmgs2km/node_modules/@coasys/ad4m/lib/index.js" is strongly discouraged as it poses security risks and may cause issues with minification.
@coasys/dapp:build: ../node_modules/.pnpm/@coasys+ad4m@0.8.1_bufferutil@4.0.8_graphql-ws@5.14.3_graphql@15.7.2_patch_hash=nr4gprddtjag7_dvhhp5ukmmz4werqcuqxmgs2km/node_modules/@coasys/ad4m/lib/index.js (4881:38) Use of eval in "../node_modules/.pnpm/@coasys+ad4m@0.8.1_bufferutil@4.0.8_graphql-ws@5.14.3_graphql@15.7.2_patch_hash=nr4gprddtjag7_dvhhp5ukmmz4werqcuqxmgs2km/node_modules/@coasys/ad4m/lib/index.js" is strongly discouraged as it poses security risks and may cause issues with minification.
@coasys/dapp:build: ../node_modules/.pnpm/@coasys+ad4m@0.8.1_bufferutil@4.0.8_graphql-ws@5.14.3_graphql@15.7.2_patch_hash=nr4gprddtjag7_dvhhp5ukmmz4werqcuqxmgs2km/node_modules/@coasys/ad4m/lib/index.js (4899:38) Use of eval in "../node_modules/.pnpm/@coasys+ad4m@0.8.1_bufferutil@4.0.8_graphql-ws@5.14.3_graphql@15.7.2_patch_hash=nr4gprddtjag7_dvhhp5ukmmz4werqcuqxmgs2km/node_modules/@coasys/ad4m/lib/index.js" is strongly discouraged as it poses security risks and may cause issues with minification.
@coasys/dapp:build: ../node_modules/.pnpm/@coasys+ad4m@0.8.1_bufferutil@4.0.8_graphql-ws@5.14.3_graphql@15.7.2_patch_hash=nr4gprddtjag7_dvhhp5ukmmz4werqcuqxmgs2km/node_modules/@coasys/ad4m/lib/index.js (7908:27) Use of eval in "../node_modules/.pnpm/@coasys+ad4m@0.8.1_bufferutil@4.0.8_graphql-ws@5.14.3_graphql@15.7.2_patch_hash=nr4gprddtjag7_dvhhp5ukmmz4werqcuqxmgs2km/node_modules/@coasys/ad4m/lib/index.js" is strongly discouraged as it poses security risks and may cause issues with minification.
@coasys/dapp:build: ../node_modules/.pnpm/@coasys+ad4m@0.8.1_bufferutil@4.0.8_graphql-ws@5.14.3_graphql@15.7.2_patch_hash=nr4gprddtjag7_dvhhp5ukmmz4werqcuqxmgs2km/node_modules/@coasys/ad4m/lib/index.js (7922:28) Use of eval in "../node_modules/.pnpm/@coasys+ad4m@0.8.1_bufferutil@4.0.8_graphql-ws@5.14.3_graphql@15.7.2_patch_hash=nr4gprddtjag7_dvhhp5ukmmz4werqcuqxmgs2km/node_modules/@coasys/ad4m/lib/index.js" is strongly discouraged as it poses security risks and may cause issues with minification.
@coasys/dapp:build: ../node_modules/.pnpm/@coasys+ad4m@0.8.1_bufferutil@4.0.8_graphql-ws@5.14.3_graphql@15.7.2_patch_hash=nr4gprddtjag7_dvhhp5ukmmz4werqcuqxmgs2km/node_modules/@coasys/ad4m/lib/index.js (7939:28) Use of eval in "../node_modules/.pnpm/@coasys+ad4m@0.8.1_bufferutil@4.0.8_graphql-ws@5.14.3_graphql@15.7.2_patch_hash=nr4gprddtjag7_dvhhp5ukmmz4werqcuqxmgs2km/node_modules/@coasys/ad4m/lib/index.js" is strongly discouraged as it poses security risks and may cause issues with minification.
@coasys/dapp:build: ../node_modules/.pnpm/@coasys+ad4m@0.8.1_bufferutil@4.0.8_graphql-ws@5.14.3_graphql@15.7.2_patch_hash=nr4gprddtjag7_dvhhp5ukmmz4werqcuqxmgs2km/node_modules/@coasys/ad4m/lib/index.js (7955:28) Use of eval in "../node_modules/.pnpm/@coasys+ad4m@0.8.1_bufferutil@4.0.8_graphql-ws@5.14.3_graphql@15.7.2_patch_hash=nr4gprddtjag7_dvhhp5ukmmz4werqcuqxmgs2km/node_modules/@coasys/ad4m/lib/index.js" is strongly discouraged as it poses security risks and may cause issues with minification.
@coasys/dapp:build: ../node_modules/.pnpm/@coasys+ad4m@0.8.1_bufferutil@4.0.8_graphql-ws@5.14.3_graphql@15.7.2_patch_hash=nr4gprddtjag7_dvhhp5ukmmz4werqcuqxmgs2km/node_modules/@coasys/ad4m/lib/index.js (7971:28) Use of eval in "../node_modules/.pnpm/@coasys+ad4m@0.8.1_bufferutil@4.0.8_graphql-ws@5.14.3_graphql@15.7.2_patch_hash=nr4gprddtjag7_dvhhp5ukmmz4werqcuqxmgs2km/node_modules/@coasys/ad4m/lib/index.js" is strongly discouraged as it poses security risks and may cause issues with minification.
@coasys/dapp:build: ../node_modules/.pnpm/@coasys+ad4m-connect@0.8.1_esbuild@0.27.3/node_modules/@coasys/ad4m-connect/dist/core.js (61:22832) Use of eval in "../node_modules/.pnpm/@coasys+ad4m-connect@0.8.1_esbuild@0.27.3/node_modules/@coasys/ad4m-connect/dist/core.js" is strongly discouraged as it poses security risks and may cause issues with minification.
@coasys/dapp:build: ../node_modules/.pnpm/@coasys+ad4m-connect@0.8.1_esbuild@0.27.3/node_modules/@coasys/ad4m-connect/dist/core.js (61:24000) Use of eval in "../node_modules/.pnpm/@coasys+ad4m-connect@0.8.1_esbuild@0.27.3/node_modules/@coasys/ad4m-connect/dist/core.js" is strongly discouraged as it poses security risks and may cause issues with minification.
@coasys/dapp:build: ../node_modules/.pnpm/@coasys+ad4m-connect@0.8.1_esbuild@0.27.3/node_modules/@coasys/ad4m-connect/dist/core.js (61:24489) Use of eval in "../node_modules/.pnpm/@coasys+ad4m-connect@0.8.1_esbuild@0.27.3/node_modules/@coasys/ad4m-connect/dist/core.js" is strongly discouraged as it poses security risks and may cause issues with minification.
@coasys/dapp:build: ../node_modules/.pnpm/@coasys+ad4m-connect@0.8.1_esbuild@0.27.3/node_modules/@coasys/ad4m-connect/dist/core.js (61:25043) Use of eval in "../node_modules/.pnpm/@coasys+ad4m-connect@0.8.1_esbuild@0.27.3/node_modules/@coasys/ad4m-connect/dist/core.js" is strongly discouraged as it poses security risks and may cause issues with minification.
@coasys/dapp:build: ../node_modules/.pnpm/@coasys+ad4m-connect@0.8.1_esbuild@0.27.3/node_modules/@coasys/ad4m-connect/dist/core.js (61:29993) Use of eval in "../node_modules/.pnpm/@coasys+ad4m-connect@0.8.1_esbuild@0.27.3/node_modules/@coasys/ad4m-connect/dist/core.js" is strongly discouraged as it poses security risks and may cause issues with minification.
@coasys/dapp:build: ../node_modules/.pnpm/@coasys+ad4m-connect@0.8.1_esbuild@0.27.3/node_modules/@coasys/ad4m-connect/dist/core.js (61:30683) Use of eval in "../node_modules/.pnpm/@coasys+ad4m-connect@0.8.1_esbuild@0.27.3/node_modules/@coasys/ad4m-connect/dist/core.js" is strongly discouraged as it poses security risks and may cause issues with minification.
@coasys/dapp:build: ../node_modules/.pnpm/@coasys+ad4m-connect@0.8.1_esbuild@0.27.3/node_modules/@coasys/ad4m-connect/dist/core.js (61:31525) Use of eval in "../node_modules/.pnpm/@coasys+ad4m-connect@0.8.1_esbuild@0.27.3/node_modules/@coasys/ad4m-connect/dist/core.js" is strongly discouraged as it poses security risks and may cause issues with minification.
@coasys/dapp:build: ../node_modules/.pnpm/@coasys+ad4m-connect@0.8.1_esbuild@0.27.3/node_modules/@coasys/ad4m-connect/dist/core.js (61:31957) Use of eval in "../node_modules/.pnpm/@coasys+ad4m-connect@0.8.1_esbuild@0.27.3/node_modules/@coasys/ad4m-connect/dist/core.js" is strongly discouraged as it poses security risks and may cause issues with minification.
@coasys/dapp:build: ../node_modules/.pnpm/@coasys+ad4m-connect@0.8.1_esbuild@0.27.3/node_modules/@coasys/ad4m-connect/dist/core.js (1012:2530) Use of eval in "../node_modules/.pnpm/@coasys+ad4m-connect@0.8.1_esbuild@0.27.3/node_modules/@coasys/ad4m-connect/dist/core.js" is strongly discouraged as it poses security risks and may cause issues with minification.
@coasys/dapp:build: ../node_modules/.pnpm/@coasys+ad4m-connect@0.8.1_esbuild@0.27.3/node_modules/@coasys/ad4m-connect/dist/core.js (1012:2809) Use of eval in "../node_modules/.pnpm/@coasys+ad4m-connect@0.8.1_esbuild@0.27.3/node_modules/@coasys/ad4m-connect/dist/core.js" is strongly discouraged as it poses security risks and may cause issues with minification.
@coasys/dapp:build: ../node_modules/.pnpm/@coasys+ad4m-connect@0.8.1_esbuild@0.27.3/node_modules/@coasys/ad4m-connect/dist/core.js (1012:3525) Use of eval in "../node_modules/.pnpm/@coasys+ad4m-connect@0.8.1_esbuild@0.27.3/node_modules/@coasys/ad4m-connect/dist/core.js" is strongly discouraged as it poses security risks and may cause issues with minification.
@coasys/dapp:build: ../node_modules/.pnpm/@coasys+ad4m-connect@0.8.1_esbuild@0.27.3/node_modules/@coasys/ad4m-connect/dist/core.js (1012:3979) Use of eval in "../node_modules/.pnpm/@coasys+ad4m-connect@0.8.1_esbuild@0.27.3/node_modules/@coasys/ad4m-connect/dist/core.js" is strongly discouraged as it poses security risks and may cause issues with minification.
@coasys/dapp:build: ../node_modules/.pnpm/@coasys+ad4m-connect@0.8.1_esbuild@0.27.3/node_modules/@coasys/ad4m-connect/dist/core.js (1012:4448) Use of eval in "../node_modules/.pnpm/@coasys+ad4m-connect@0.8.1_esbuild@0.27.3/node_modules/@coasys/ad4m-connect/dist/core.js" is strongly discouraged as it poses security risks and may cause issues with minification.
@coasys/ad4m:build: [1m[33m(!) `this` has been rewritten to `undefined`[39m[22m
@coasys/ad4m:build: [90mhttps://rollupjs.org/guide/en/#error-this-is-undefined[39m
@coasys/ad4m:build: [1mlib/src/Ad4mClient.js[22m
@coasys/ad4m:build: [90m1: var __classPrivateFieldSet = (this && this.__classPrivateFieldSet) || function (receiver, state, value, kind, f) {
@coasys/ad4m:build:                                  ^
@coasys/ad4m:build: 2:     if (kind === "m") throw new TypeError("Private method is not writable");
@coasys/ad4m:build: 3:     if (kind === "a" && !f) throw new TypeError("Private accessor was defined without a setter");[39m
@coasys/ad4m:build: ...and 3 other occurrences
@coasys/ad4m:build: [1mlib/src/Literal.js[22m
@coasys/ad4m:build: [90m1: var __classPrivateFieldSet = (this && this.__classPrivateFieldSet) || function (receiver, state, value, kind, f) {
@coasys/ad4m:build:                                  ^
@coasys/ad4m:build: 2:     if (kind === "m") throw new TypeError("Private method is not writable");
@coasys/ad4m:build: 3:     if (kind === "a" && !f) throw new TypeError("Private accessor was defined without a setter");[39m
@coasys/ad4m:build: ...and 3 other occurrences
@coasys/ad4m:build: [1mlib/src/SmartLiteral.js[22m
@coasys/ad4m:build: [90m1: var __classPrivateFieldSet = (this && this.__classPrivateFieldSet) || function (receiver, state, value, kind, f) {
@coasys/ad4m:build:                                  ^
@coasys/ad4m:build: 2:     if (kind === "m") throw new TypeError("Private method is not writable");
@coasys/ad4m:build: 3:     if (kind === "a" && !f) throw new TypeError("Private accessor was defined without a setter");[39m
@coasys/ad4m:build: ...and 3 other occurrences
@coasys/ad4m:build: 
@coasys/ad4m:build: ...and 12 other files
@coasys/ad4m:build: [1m[33m(!) Use of eval is strongly discouraged[39m[22m
@coasys/ad4m:build: [90mhttps://rollupjs.org/guide/en/#avoiding-eval[39m
@coasys/ad4m:build: [1mlib/src/apiClient.js[22m
@coasys/ad4m:build: [90m79:             // Lazy CommonJS require so bundlers targeting browsers don't try to bundle `ws`.
@coasys/ad4m:build: 80:             // eslint-disable-next-line @typescript-eslint/no-var-requires
@coasys/ad4m:build: 81:             const req = eval('require');
@coasys/ad4m:build:                             ^
@coasys/ad4m:build: 82:             WsImpl = req('ws');
@coasys/ad4m:build: 83:         }[39m
@coasys/ad4m:build: [32mcreated [1mlib/index.cjs, lib/index.js[22m in [1m987ms[22m[39m
@coasys/ad4m-connect:build: cache miss, executing 5f21b9316041c0cd
@coasys/ad4m-connect:build: 
@coasys/ad4m-connect:build: > @coasys/ad4m-connect@0.13.0-test-interpretation-2 build /tmp/wt-932/connect
@coasys/ad4m-connect:build: > pnpm run build:index && pnpm run build:core && pnpm run build:web && pnpm run build:utils && tsc
@coasys/ad4m-connect:build: 
@coasys/dapp:build: ✓ 609 modules transformed.
@coasys/dapp:build: rendering chunks...
@coasys/ad4m-connect:build: 
@coasys/ad4m-connect:build: > @coasys/ad4m-connect@0.13.0-test-interpretation-2 build:index /tmp/wt-932/connect
@coasys/ad4m-connect:build: > tsc --project tsconfig.json && node scripts/esbuild_index.js
@coasys/ad4m-connect:build: 
@coasys/dapp:build: computing gzip size...
@coasys/dapp:build: dist/assets/manifest-qSRKba8R.json    0.49 kB │ gzip:   0.25 kB
@coasys/dapp:build: dist/index.html                       1.85 kB │ gzip:   0.93 kB
@coasys/dapp:build: dist/assets/favicon-4rkF2z3w.ico     15.09 kB
@coasys/dapp:build: dist/assets/index-EKRlidNA.css        3.11 kB │ gzip:   1.15 kB
@coasys/dapp:build: dist/assets/ccip-aWlTRMYi.js          2.83 kB │ gzip:   1.28 kB
@coasys/dapp:build: dist/assets/index-cnl6RNzg.js       758.23 kB │ gzip: 205.64 kB
@coasys/dapp:build: 
@coasys/dapp:build: (!) Some chunks are larger than 500 kB after minification. Consider:
@coasys/dapp:build: - Using dynamic import() to code-split the application
@coasys/dapp:build: - Use build.rollupOptions.output.manualChunks to improve chunking: https://rollupjs.org/configuration-options/#output-manualchunks
@coasys/dapp:build: - Adjust chunk size limit for this warning via build.chunkSizeWarningLimit.
@coasys/dapp:build: ✓ built in 2.89s
@coasys/rust-ad4m-executor:build: cache bypass, force executing fe1e6da4680bf7c3
@coasys/rust-ad4m-executor:build: 
@coasys/rust-ad4m-executor:build: > @coasys/rust-ad4m-executor@0.13.0-test-interpretation-2 build /tmp/wt-932/rust-executor
@coasys/rust-ad4m-executor:build: > pnpm build-deno-snapshot && pnpm build-lib
@coasys/rust-ad4m-executor:build: 
@coasys/rust-ad4m-executor:build: 
@coasys/rust-ad4m-executor:build: > @coasys/rust-ad4m-executor@0.13.0-test-interpretation-2 build-deno-snapshot /tmp/wt-932/rust-executor
@coasys/rust-ad4m-executor:build: > cargo run --release --features generate_snapshot --bin generate_snapshot
@coasys/rust-ad4m-executor:build: 
@coasys/rust-ad4m-executor:build: warning: patch for the non root package will be ignored, specify patch at the workspace root:
@coasys/rust-ad4m-executor:build: package:   /tmp/wt-932/rust-executor/Cargo.toml
@coasys/rust-ad4m-executor:build: workspace: /tmp/wt-932/Cargo.toml
@coasys/ad4m-connect:build: ▲ [WARNING] Using direct eval with a bundler is not recommended and may cause problems [direct-eval]
@coasys/ad4m-connect:build: 
@coasys/ad4m-connect:build:     ../core/lib/index.js:81:24:
@coasys/ad4m-connect:build:       81 │             const req = eval('require');
@coasys/ad4m-connect:build:          ╵                         ~~~~
@coasys/ad4m-connect:build: 
@coasys/ad4m-connect:build:   You can read more about direct eval and bundling here: https://esbuild.github.io/link/direct-eval
@coasys/ad4m-connect:build: 
@coasys/ad4m-connect:build: 
@coasys/ad4m-connect:build: > @coasys/ad4m-connect@0.13.0-test-interpretation-2 build:core /tmp/wt-932/connect
@coasys/ad4m-connect:build: > tsc --project tsconfig.json && node scripts/esbuild.js
@coasys/ad4m-connect:build: 
@coasys/rust-ad4m-executor:build:    Compiling ad4m-executor v0.13.0-test-interpretation-2 (/tmp/wt-932/rust-executor)
@coasys/ad4m-connect:build: ▲ [WARNING] Using direct eval with a bundler is not recommended and may cause problems [direct-eval]
@coasys/ad4m-connect:build: 
@coasys/ad4m-connect:build:     ../core/lib/index.js:81:24:
@coasys/ad4m-connect:build:       81 │             const req = eval('require');
@coasys/ad4m-connect:build:          ╵                         ~~~~
@coasys/ad4m-connect:build: 
@coasys/ad4m-connect:build:   You can read more about direct eval and bundling here: https://esbuild.github.io/link/direct-eval
@coasys/ad4m-connect:build: 
@coasys/ad4m-connect:build: 
@coasys/ad4m-connect:build: > @coasys/ad4m-connect@0.13.0-test-interpretation-2 build:web /tmp/wt-932/connect
@coasys/ad4m-connect:build: > tsc --project tsconfig.json && node scripts/esbuild_web.js
@coasys/ad4m-connect:build: 
@coasys/rust-ad4m-executor:build: warning: ad4m-executor@0.13.0-test-interpretation-2: Downloading alliance DNA v0.61.0 from GitHub...
@coasys/rust-ad4m-executor:build: warning: ad4m-executor@0.13.0-test-interpretation-2: Downloaded alliance DNA v0.61.0 (4801296 bytes)
@coasys/ad4m-connect:build: ▲ [WARNING] Using direct eval with a bundler is not recommended and may cause problems [direct-eval]
@coasys/ad4m-connect:build: 
@coasys/ad4m-connect:build:     ../core/lib/index.js:81:24:
@coasys/ad4m-connect:build:       81 │             const req = eval('require');
@coasys/ad4m-connect:build:          ╵                         ~~~~
@coasys/ad4m-connect:build: 
@coasys/ad4m-connect:build:   You can read more about direct eval and bundling here: https://esbuild.github.io/link/direct-eval
@coasys/ad4m-connect:build: 
@coasys/ad4m-connect:build: 
@coasys/ad4m-connect:build: > @coasys/ad4m-connect@0.13.0-test-interpretation-2 build:utils /tmp/wt-932/connect
@coasys/ad4m-connect:build: > tsc --project tsconfig.json && node scripts/esbuild_utils.js
@coasys/ad4m-connect:build: 
@coasys/rust-ad4m-executor:build:     Finished `release` profile [optimized] target(s) in 1m 30s
@coasys/rust-ad4m-executor:build: warning: the following packages contain code that will be rejected by a future version of Rust: xml5ever v0.16.2
@coasys/rust-ad4m-executor:build: note: to see what the problems were, use the option `--future-incompat-report`, or run `cargo report future-incompatibilities --id 1`
@coasys/rust-ad4m-executor:build:      Running `/tmp/wt-932/target/release/generate_snapshot`
@coasys/rust-ad4m-executor:build: Creating a snapshot...
@coasys/rust-ad4m-executor:build: JsRuntimeForSnapshot prepared, took 201.461794ms
@coasys/rust-ad4m-executor:build: Snapshot size: 2115678, took 62.169616ms
@coasys/rust-ad4m-executor:build: Snapshot written, took: 20ns
@coasys/rust-ad4m-executor:build: cargo:rerun-if-changed=/home/data/.cargo/git/checkouts/deno-fe46c607122f9df9/eecea7f/ext/telemetry/telemetry.ts
@coasys/rust-ad4m-executor:build: cargo:rerun-if-changed=/home/data/.cargo/git/checkouts/deno-fe46c607122f9df9/eecea7f/ext/telemetry/util.ts
@coasys/rust-ad4m-executor:build: cargo:rerun-if-changed=/home/data/.cargo/git/checkouts/deno-fe46c607122f9df9/eecea7f/ext/webidl/00_webidl.js
@coasys/rust-ad4m-executor:build: cargo:rerun-if-changed=/home/data/.cargo/git/checkouts/deno-fe46c607122f9df9/eecea7f/ext/web/locks.js
@coasys/rust-ad4m-executor:build: cargo:rerun-if-changed=/home/data/.cargo/git/checkouts/deno-fe46c607122f9df9/eecea7f/ext/web/webtransport.js
@coasys/rust-ad4m-executor:build: cargo:rerun-if-changed=/home/data/.cargo/git/checkouts/deno-fe46c607122f9df9/eecea7f/ext/web/00_infra.js
@coasys/rust-ad4m-executor:build: cargo:rerun-if-changed=/home/data/.cargo/git/checkouts/deno-fe46c607122f9df9/eecea7f/ext/web/00_url.js
@coasys/rust-ad4m-executor:build: cargo:rerun-if-changed=/home/data/.cargo/git/checkouts/deno-fe46c607122f9df9/eecea7f/ext/web/01_broadcast_channel.js
@coasys/rust-ad4m-executor:build: cargo:rerun-if-changed=/home/data/.cargo/git/checkouts/deno-fe46c607122f9df9/eecea7f/ext/web/01_console.js
@coasys/rust-ad4m-executor:build: cargo:rerun-if-changed=/home/data/.cargo/git/checkouts/deno-fe46c607122f9df9/eecea7f/ext/web/01_dom_exception.js
@coasys/rust-ad4m-executor:build: cargo:rerun-if-changed=/home/data/.cargo/git/checkouts/deno-fe46c607122f9df9/eecea7f/ext/web/01_mimesniff.js
@coasys/rust-ad4m-executor:build: cargo:rerun-if-changed=/home/data/.cargo/git/checkouts/deno-fe46c607122f9df9/eecea7f/ext/web/01_urlpattern.js
@coasys/rust-ad4m-executor:build: cargo:rerun-if-changed=/home/data/.cargo/git/checkouts/deno-fe46c607122f9df9/eecea7f/ext/web/02_event.js
@coasys/rust-ad4m-executor:build: cargo:rerun-if-changed=/home/data/.cargo/git/checkouts/deno-fe46c607122f9df9/eecea7f/ext/web/02_structured_clone.js
@coasys/rust-ad4m-executor:build: cargo:rerun-if-changed=/home/data/.cargo/git/checkouts/deno-fe46c607122f9df9/eecea7f/ext/web/02_timers.js
@coasys/rust-ad4m-executor:build: cargo:rerun-if-changed=/home/data/.cargo/git/checkouts/deno-fe46c607122f9df9/eecea7f/ext/web/03_abort_signal.js
@coasys/rust-ad4m-executor:build: cargo:rerun-if-changed=/home/data/.cargo/git/checkouts/deno-fe46c607122f9df9/eecea7f/ext/web/04_global_interfaces.js
@coasys/rust-ad4m-executor:build: cargo:rerun-if-changed=/home/data/.cargo/git/checkouts/deno-fe46c607122f9df9/eecea7f/ext/web/05_base64.js
@coasys/rust-ad4m-executor:build: cargo:rerun-if-changed=/home/data/.cargo/git/checkouts/deno-fe46c607122f9df9/eecea7f/ext/web/06_streams.js
@coasys/rust-ad4m-executor:build: cargo:rerun-if-changed=/home/data/.cargo/git/checkouts/deno-fe46c607122f9df9/eecea7f/ext/web/08_text_encoding.js
@coasys/rust-ad4m-executor:build: cargo:rerun-if-changed=/home/data/.cargo/git/checkouts/deno-fe46c607122f9df9/eecea7f/ext/web/09_file.js
@coasys/rust-ad4m-executor:build: cargo:rerun-if-changed=/home/data/.cargo/git/checkouts/deno-fe46c607122f9df9/eecea7f/ext/web/10_filereader.js
@coasys/rust-ad4m-executor:build: cargo:rerun-if-changed=/home/data/.cargo/git/checkouts/deno-fe46c607122f9df9/eecea7f/ext/web/12_location.js
@coasys/rust-ad4m-executor:build: cargo:rerun-if-changed=/home/data/.cargo/git/checkouts/deno-fe46c607122f9df9/eecea7f/ext/web/13_message_port.js
@coasys/rust-ad4m-executor:build: cargo:rerun-if-changed=/home/data/.cargo/git/checkouts/deno-fe46c607122f9df9/eecea7f/ext/web/14_compression.js
@coasys/rust-ad4m-executor:build: cargo:rerun-if-changed=/home/data/.cargo/git/checkouts/deno-fe46c607122f9df9/eecea7f/ext/web/15_performance.js
@coasys/rust-ad4m-executor:build: cargo:rerun-if-changed=/home/data/.cargo/git/checkouts/deno-fe46c607122f9df9/eecea7f/ext/web/16_image_data.js
@coasys/rust-ad4m-executor:build: cargo:rerun-if-changed=/home/data/.cargo/git/checkouts/deno-fe46c607122f9df9/eecea7f/ext/web/17_geometry.js
@coasys/rust-ad4m-executor:build: cargo:rerun-if-changed=/home/data/.cargo/git/checkouts/deno-fe46c607122f9df9/eecea7f/ext/web/18_css_stylesheet.js
@coasys/rust-ad4m-executor:build: cargo:rerun-if-changed=/home/data/.cargo/git/checkouts/deno-fe46c607122f9df9/eecea7f/ext/webgpu/01_webgpu.js
@coasys/rust-ad4m-executor:build: cargo:rerun-if-changed=/home/data/.cargo/git/checkouts/deno-fe46c607122f9df9/eecea7f/ext/webgpu/00_init.js
@coasys/rust-ad4m-executor:build: cargo:rerun-if-changed=/home/data/.cargo/git/checkouts/deno-fe46c607122f9df9/eecea7f/ext/image/01_image.js
@coasys/rust-ad4m-executor:build: cargo:rerun-if-changed=/home/data/.cargo/git/checkouts/deno-fe46c607122f9df9/eecea7f/ext/canvas/01_canvas.js
@coasys/rust-ad4m-executor:build: cargo:rerun-if-changed=/home/data/.cargo/git/checkouts/deno-fe46c607122f9df9/eecea7f/ext/canvas/02_surface.js
@coasys/rust-ad4m-executor:build: cargo:rerun-if-changed=/home/data/.cargo/git/checkouts/deno-fe46c607122f9df9/eecea7f/ext/fetch/20_headers.js
@coasys/rust-ad4m-executor:build: cargo:rerun-if-changed=/home/data/.cargo/git/checkouts/deno-fe46c607122f9df9/eecea7f/ext/fetch/21_formdata.js
@coasys/rust-ad4m-executor:build: cargo:rerun-if-changed=/home/data/.cargo/git/checkouts/deno-fe46c607122f9df9/eecea7f/ext/fetch/22_body.js
@coasys/rust-ad4m-executor:build: cargo:rerun-if-changed=/home/data/.cargo/git/checkouts/deno-fe46c607122f9df9/eecea7f/ext/fetch/22_http_client.js
@coasys/rust-ad4m-executor:build: cargo:rerun-if-changed=/home/data/.cargo/git/checkouts/deno-fe46c607122f9df9/eecea7f/ext/fetch/23_request.js
@coasys/rust-ad4m-executor:build: cargo:rerun-if-changed=/home/data/.cargo/git/checkouts/deno-fe46c607122f9df9/eecea7f/ext/fetch/23_response.js
@coasys/rust-ad4m-executor:build: cargo:rerun-if-changed=/home/data/.cargo/git/checkouts/deno-fe46c607122f9df9/eecea7f/ext/fetch/26_fetch.js
@coasys/rust-ad4m-executor:build: cargo:rerun-if-changed=/home/data/.cargo/git/checkouts/deno-fe46c607122f9df9/eecea7f/ext/fetch/27_eventsource.js
@coasys/rust-ad4m-executor:build: cargo:rerun-if-changed=/home/data/.cargo/git/checkouts/deno-fe46c607122f9df9/eecea7f/ext/cache/01_cache.js
@coasys/rust-ad4m-executor:build: cargo:rerun-if-changed=/home/data/.cargo/git/checkouts/deno-fe46c607122f9df9/eecea7f/ext/websocket/01_websocket.js
@coasys/rust-ad4m-executor:build: cargo:rerun-if-changed=/home/data/.cargo/git/checkouts/deno-fe46c607122f9df9/eecea7f/ext/websocket/02_websocketstream.js
@coasys/rust-ad4m-executor:build: cargo:rerun-if-changed=/home/data/.cargo/git/checkouts/deno-fe46c607122f9df9/eecea7f/ext/webstorage/01_webstorage.js
@coasys/rust-ad4m-executor:build: cargo:rerun-if-changed=/home/data/.cargo/git/checkouts/deno-fe46c607122f9df9/eecea7f/ext/crypto/00_crypto.js
@coasys/rust-ad4m-executor:build: cargo:rerun-if-changed=/home/data/.cargo/git/checkouts/deno-fe46c607122f9df9/eecea7f/ext/ffi/00_ffi.js
@coasys/rust-ad4m-executor:build: cargo:rerun-if-changed=/home/data/.cargo/git/checkouts/deno-fe46c607122f9df9/eecea7f/ext/net/03_quic.js
@coasys/rust-ad4m-executor:build: cargo:rerun-if-changed=/home/data/.cargo/git/checkouts/deno-fe46c607122f9df9/eecea7f/ext/net/01_net.js
@coasys/rust-ad4m-executor:build: cargo:rerun-if-changed=/home/data/.cargo/git/checkouts/deno-fe46c607122f9df9/eecea7f/ext/net/02_tls.js
@coasys/rust-ad4m-executor:build: cargo:rerun-if-changed=/home/data/.cargo/git/checkouts/deno-fe46c607122f9df9/eecea7f/ext/kv/01_db.ts
@coasys/rust-ad4m-executor:build: cargo:rerun-if-changed=/home/data/.cargo/git/checkouts/deno-fe46c607122f9df9/eecea7f/ext/cron/01_cron.ts
@coasys/rust-ad4m-executor:build: cargo:rerun-if-changed=/home/data/.cargo/git/checkouts/deno-fe46c607122f9df9/eecea7f/ext/http/00_serve.ts
@coasys/rust-ad4m-executor:build: cargo:rerun-if-changed=/home/data/.cargo/git/checkouts/deno-fe46c607122f9df9/eecea7f/ext/http/01_http.js
@coasys/rust-ad4m-executor:build: cargo:rerun-if-changed=/home/data/.cargo/git/checkouts/deno-fe46c607122f9df9/eecea7f/ext/http/02_websocket.ts
@coasys/rust-ad4m-executor:build: cargo:rerun-if-changed=/home/data/.cargo/git/checkouts/deno-fe46c607122f9df9/eecea7f/ext/io/12_io.js
@coasys/rust-ad4m-executor:build: cargo:rerun-if-changed=/home/data/.cargo/git/checkouts/deno-fe46c607122f9df9/eecea7f/ext/fs/30_fs.js
@coasys/rust-ad4m-executor:build: cargo:rerun-if-changed=/home/data/.cargo/git/checkouts/deno-fe46c607122f9df9/eecea7f/ext/os/30_os.js
@coasys/rust-ad4m-executor:build: cargo:rerun-if-changed=/home/data/.cargo/git/checkouts/deno-fe46c607122f9df9/eecea7f/ext/os/40_signals.js
@coasys/rust-ad4m-executor:build: cargo:rerun-if-changed=/home/data/.cargo/git/checkouts/deno-fe46c607122f9df9/eecea7f/ext/process/40_process.js
@coasys/rust-ad4m-executor:build: cargo:rerun-if-changed=/home/data/.cargo/git/checkouts/deno-fe46c607122f9df9/eecea7f/ext/node/polyfills/01_require.js
@coasys/rust-ad4m-executor:build: cargo:rerun-if-changed=/home/data/.cargo/git/checkouts/deno-fe46c607122f9df9/eecea7f/ext/node/polyfills/process.ts
@coasys/rust-ad4m-executor:build: cargo:rerun-if-changed=/home/data/.cargo/git/checkouts/deno-fe46c607122f9df9/eecea7f/ext/node/polyfills/stream.ts
@coasys/rust-ad4m-executor:build: cargo:rerun-if-changed=/home/data/.cargo/git/checkouts/deno-fe46c607122f9df9/eecea7f/ext/node/polyfills/stream/promises.js
@coasys/rust-ad4m-executor:build: cargo:rerun-if-changed=/home/data/.cargo/git/checkouts/deno-fe46c607122f9df9/eecea7f/ext/node/polyfills/net_esm.ts
@coasys/rust-ad4m-executor:build: cargo:rerun-if-changed=/home/data/.cargo/git/checkouts/deno-fe46c607122f9df9/eecea7f/ext/node/polyfills/tty_esm.ts
@coasys/rust-ad4m-executor:build: cargo:rerun-if-changed=/home/data/.cargo/git/checkouts/deno-fe46c607122f9df9/eecea7f/ext/node/polyfills/internal/streams/compose.js
@coasys/rust-ad4m-executor:build: cargo:rerun-if-changed=/home/data/.cargo/git/checkouts/deno-fe46c607122f9df9/eecea7f/ext/node/polyfills/internal/streams/duplexpair.js
@coasys/rust-ad4m-executor:build: cargo:rerun-if-changed=/home/data/.cargo/git/checkouts/deno-fe46c607122f9df9/eecea7f/ext/node/polyfills/internal/streams/lazy_transform.js
@coasys/rust-ad4m-executor:build: cargo:rerun-if-changed=/home/data/.cargo/git/checkouts/deno-fe46c607122f9df9/eecea7f/ext/node/polyfills/internal/streams/operators.js
@coasys/rust-ad4m-executor:build: cargo:rerun-if-changed=/home/data/.cargo/git/checkouts/deno-fe46c607122f9df9/eecea7f/ext/node/polyfills/internal/streams/pipeline.js
@coasys/rust-ad4m-executor:build: cargo:rerun-if-changed=/home/data/.cargo/git/checkouts/deno-fe46c607122f9df9/eecea7f/ext/node/polyfills/repl.ts
@coasys/rust-ad4m-executor:build: cargo:rerun-if-changed=/home/data/.cargo/git/checkouts/deno-fe46c607122f9df9/eecea7f/ext/node/polyfills/_fs/_fs_copy.ts
@coasys/rust-ad4m-executor:build: cargo:rerun-if-changed=/home/data/.cargo/git/checkouts/deno-fe46c607122f9df9/eecea7f/ext/node/polyfills/_fs/_fs_dir.ts
@coasys/rust-ad4m-executor:build: cargo:rerun-if-changed=/home/data/.cargo/git/checkouts/deno-fe46c607122f9df9/eecea7f/ext/node/polyfills/_fs/_fs_exists.ts
@coasys/rust-ad4m-executor:build: cargo:rerun-if-changed=/home/data/.cargo/git/checkouts/deno-fe46c607122f9df9/eecea7f/ext/node/polyfills/_fs/_fs_glob.ts
@coasys/rust-ad4m-executor:build: cargo:rerun-if-changed=/home/data/.cargo/git/checkouts/deno-fe46c607122f9df9/eecea7f/ext/node/polyfills/_fs/_fs_lutimes.ts
@coasys/rust-ad4m-executor:build: cargo:rerun-if-changed=/home/data/.cargo/git/checkouts/deno-fe46c607122f9df9/eecea7f/ext/node/polyfills/_fs/_fs_read.ts
@coasys/rust-ad4m-executor:build: cargo:rerun-if-changed=/home/data/.cargo/git/checkouts/deno-fe46c607122f9df9/eecea7f/ext/node/polyfills/_fs/_fs_readdir.ts
@coasys/rust-ad4m-executor:build: cargo:rerun-if-changed=/home/data/.cargo/git/checkouts/deno-fe46c607122f9df9/eecea7f/ext/node/polyfills/_process/streams.mjs
@coasys/rust-ad4m-executor:build: cargo:rerun-if-changed=/home/data/.cargo/git/checkouts/deno-fe46c607122f9df9/eecea7f/ext/node/polyfills/internal/fs/promises.ts
@coasys/rust-ad4m-executor:build: cargo:rerun-if-changed=/home/data/.cargo/git/checkouts/deno-fe46c607122f9df9/eecea7f/ext/node/polyfills/internal/fs/stat_utils.ts
@coasys/rust-ad4m-executor:build: cargo:rerun-if-changed=/home/data/.cargo/git/checkouts/deno-fe46c607122f9df9/eecea7f/ext/node/polyfills/internal/event_target.mjs
@coasys/rust-ad4m-executor:build: cargo:rerun-if-changed=/home/data/.cargo/git/checkouts/deno-fe46c607122f9df9/eecea7f/ext/node/polyfills/internal_binding/mod.ts
@coasys/rust-ad4m-executor:build: cargo:rerun-if-changed=/home/data/.cargo/git/checkouts/deno-fe46c607122f9df9/eecea7f/ext/node/polyfills/internal/fs/streams.mjs
@coasys/rust-ad4m-executor:build: cargo:rerun-if-changed=/home/data/.cargo/git/checkouts/deno-fe46c607122f9df9/eecea7f/ext/node/polyfills/internal/fs/utils.mjs
@coasys/rust-ad4m-executor:build: cargo:rerun-if-changed=/home/data/.cargo/git/checkouts/deno-fe46c607122f9df9/eecea7f/ext/node/polyfills/internal/fs/handle.ts
@coasys/rust-ad4m-executor:build: cargo:rerun-if-changed=/home/data/.cargo/git/checkouts/deno-fe46c607122f9df9/eecea7f/ext/node/polyfills/internal/http/address_override.js
@coasys/rust-ad4m-executor:build: cargo:rerun-if-changed=/home/data/.cargo/git/checkouts/deno-fe46c607122f9df9/eecea7f/ext/node/polyfills/internal/repl.ts
@coasys/rust-ad4m-executor:build: cargo:rerun-if-changed=/home/data/.cargo/git/checkouts/deno-fe46c607122f9df9/eecea7f/ext/node/polyfills/_readline.mjs
@coasys/rust-ad4m-executor:build: cargo:rerun-if-changed=/home/data/.cargo/git/checkouts/deno-fe46c607122f9df9/eecea7f/ext/node/polyfills/internal/streams/duplexify.js
@coasys/rust-ad4m-executor:build: cargo:rerun-if-changed=/home/data/.cargo/git/checkouts/deno-fe46c607122f9df9/eecea7f/ext/node/polyfills/internal/streams/fast-utf8-stream.js
@coasys/rust-ad4m-executor:build: cargo:rerun-if-changed=/home/data/.cargo/git/checkouts/deno-fe46c607122f9df9/eecea7f/ext/node/polyfills/internal/streams/from.js
@coasys/rust-ad4m-executor:build: cargo:rerun-if-changed=/home/data/.cargo/git/checkouts/deno-fe46c607122f9df9/eecea7f/ext/node/polyfills/internal/tty.js
@coasys/rust-ad4m-executor:build: cargo:rerun-if-changed=/home/data/.cargo/git/checkouts/deno-fe46c607122f9df9/eecea7f/ext/node/polyfills/readline/promises.ts
@coasys/rust-ad4m-executor:build: cargo:rerun-if-changed=/home/data/.cargo/git/checkouts/deno-fe46c607122f9df9/eecea7f/ext/node/polyfills/readline/promises.ts
@coasys/rust-ad4m-executor:build: cargo:rerun-if-changed=/home/data/.cargo/git/checkouts/deno-fe46c607122f9df9/eecea7f/ext/node/polyfills/deps/minimatch.js
@coasys/rust-ad4m-executor:build: cargo:rerun-if-changed=/home/data/.cargo/git/checkouts/deno-fe46c607122f9df9/eecea7f/ext/node/polyfills/_http_agent.js
@coasys/rust-ad4m-executor:build: cargo:rerun-if-changed=/home/data/.cargo/git/checkouts/deno-fe46c607122f9df9/eecea7f/ext/node/polyfills/_http_client.js
@coasys/rust-ad4m-executor:build: cargo:rerun-if-changed=/home/data/.cargo/git/checkouts/deno-fe46c607122f9df9/eecea7f/ext/node/polyfills/_http_common.js
@coasys/rust-ad4m-executor:build: cargo:rerun-if-changed=/home/data/.cargo/git/checkouts/deno-fe46c607122f9df9/eecea7f/ext/node/polyfills/_http_incoming.js
@coasys/rust-ad4m-executor:build: cargo:rerun-if-changed=/home/data/.cargo/git/checkouts/deno-fe46c607122f9df9/eecea7f/ext/node/polyfills/_http_outgoing.ts
@coasys/rust-ad4m-executor:build: cargo:rerun-if-changed=/home/data/.cargo/git/checkouts/deno-fe46c607122f9df9/eecea7f/ext/node/polyfills/_http_proxy.js
@coasys/rust-ad4m-executor:build: cargo:rerun-if-changed=/home/data/.cargo/git/checkouts/deno-fe46c607122f9df9/eecea7f/ext/node/polyfills/_http_server.js
@coasys/rust-ad4m-executor:build: cargo:rerun-if-changed=/home/data/.cargo/git/checkouts/deno-fe46c607122f9df9/eecea7f/ext/node/polyfills/path.ts
@coasys/rust-ad4m-executor:build: cargo:rerun-if-changed=/home/data/.cargo/git/checkouts/deno-fe46c607122f9df9/eecea7f/ext/node/polyfills/path/posix.ts
@coasys/rust-ad4m-executor:build: cargo:rerun-if-changed=/home/data/.cargo/git/checkouts/deno-fe46c607122f9df9/eecea7f/ext/node/polyfills/path/win32.ts
@coasys/rust-ad4m-executor:build: cargo:rerun-if-changed=/home/data/.cargo/git/checkouts/deno-fe46c607122f9df9/eecea7f/ext/node/polyfills/buffer.ts
@coasys/rust-ad4m-executor:build: cargo:rerun-if-changed=/home/data/.cargo/git/checkouts/deno-fe46c607122f9df9/eecea7f/ext/node/polyfills/assert/strict.ts
@coasys/rust-ad4m-executor:build: cargo:rerun-if-changed=/home/data/.cargo/git/checkouts/deno-fe46c607122f9df9/eecea7f/ext/node/polyfills/async_hooks_esm.ts
@coasys/rust-ad4m-executor:build: cargo:rerun-if-changed=/home/data/.cargo/git/checkouts/deno-fe46c607122f9df9/eecea7f/ext/node/polyfills/diagnostics_channel_esm.js
@coasys/rust-ad4m-executor:build: cargo:rerun-if-changed=/home/data/.cargo/git/checkouts/deno-fe46c607122f9df9/eecea7f/ext/node/polyfills/events_esm.ts
@coasys/rust-ad4m-executor:build: cargo:rerun-if-changed=/home/data/.cargo/git/checkouts/deno-fe46c607122f9df9/eecea7f/ext/node/polyfills/domain_esm.ts
@coasys/rust-ad4m-executor:build: cargo:rerun-if-changed=/home/data/.cargo/git/checkouts/deno-fe46c607122f9df9/eecea7f/ext/node/polyfills/perf_hooks_esm.js
@coasys/rust-ad4m-executor:build: cargo:rerun-if-changed=/home/data/.cargo/git/checkouts/deno-fe46c607122f9df9/eecea7f/ext/node/polyfills/punycode_esm.ts
@coasys/rust-ad4m-executor:build: cargo:rerun-if-changed=/home/data/.cargo/git/checkouts/deno-fe46c607122f9df9/eecea7f/ext/node/polyfills/querystring_esm.js
@coasys/rust-ad4m-executor:build: cargo:rerun-if-changed=/home/data/.cargo/git/checkouts/deno-fe46c607122f9df9/eecea7f/ext/node/polyfills/sys_esm.js
@coasys/rust-ad4m-executor:build: cargo:rerun-if-changed=/home/data/.cargo/git/checkouts/deno-fe46c607122f9df9/eecea7f/ext/node/polyfills/trace_events_esm.ts
@coasys/rust-ad4m-executor:build: cargo:rerun-if-changed=/home/data/.cargo/git/checkouts/deno-fe46c607122f9df9/eecea7f/ext/node/polyfills/util/types.ts
@coasys/rust-ad4m-executor:build: cargo:rerun-if-changed=/home/data/.cargo/git/checkouts/deno-fe46c607122f9df9/eecea7f/ext/node/polyfills/vm_esm.js
@coasys/rust-ad4m-executor:build: cargo:rerun-if-changed=/home/data/.cargo/git/checkouts/deno-fe46c607122f9df9/eecea7f/ext/node/polyfills/wasi_esm.ts
@coasys/rust-ad4m-executor:build: cargo:rerun-if-changed=/home/data/.cargo/git/checkouts/deno-fe46c607122f9df9/eecea7f/ext/node/polyfills/sqlite_esm.ts
@coasys/rust-ad4m-executor:build: cargo:rerun-if-changed=/home/data/.cargo/git/checkouts/deno-fe46c607122f9df9/eecea7f/ext/node/polyfills/os_esm.ts
@coasys/rust-ad4m-executor:build: cargo:rerun-if-changed=/home/data/.cargo/git/checkouts/deno-fe46c607122f9df9/eecea7f/ext/node/polyfills/stream/consumers_esm.js
@coasys/rust-ad4m-executor:build: cargo:rerun-if-changed=/home/data/.cargo/git/checkouts/deno-fe46c607122f9df9/eecea7f/ext/node/polyfills/stream/web_esm.js
@coasys/rust-ad4m-executor:build: cargo:rerun-if-changed=/home/data/.cargo/git/checkouts/deno-fe46c607122f9df9/eecea7f/ext/node/polyfills/string_decoder_esm.ts
@coasys/rust-ad4m-executor:build: cargo:rerun-if-changed=/home/data/.cargo/git/checkouts/deno-fe46c607122f9df9/eecea7f/ext/node/polyfills/testing_esm.ts
@coasys/rust-ad4m-executor:build: cargo:rerun-if-changed=/home/data/.cargo/git/checkouts/deno-fe46c607122f9df9/eecea7f/ext/node/polyfills/test/reporters_esm.ts
@coasys/rust-ad4m-executor:build: cargo:rerun-if-changed=/home/data/.cargo/git/checkouts/deno-fe46c607122f9df9/eecea7f/ext/node/polyfills/cluster_esm.ts
@coasys/rust-ad4m-executor:build: cargo:rerun-if-changed=/home/data/.cargo/git/checkouts/deno-fe46c607122f9df9/eecea7f/ext/node/polyfills/console_esm.ts
@coasys/rust-ad4m-executor:build: cargo:rerun-if-changed=/home/data/.cargo/git/checkouts/deno-fe46c607122f9df9/eecea7f/ext/node/polyfills/constants_esm.ts
@coasys/rust-ad4m-executor:build: cargo:rerun-if-changed=/home/data/.cargo/git/checkouts/deno-fe46c607122f9df9/eecea7f/ext/node/polyfills/crypto_esm.ts
@coasys/rust-ad4m-executor:build: cargo:rerun-if-changed=/home/data/.cargo/git/checkouts/deno-fe46c607122f9df9/eecea7f/ext/node/polyfills/dgram_esm.ts
@coasys/rust-ad4m-executor:build: cargo:rerun-if-changed=/home/data/.cargo/git/checkouts/deno-fe46c607122f9df9/eecea7f/ext/node/polyfills/dns_esm.ts
@coasys/rust-ad4m-executor:build: cargo:rerun-if-changed=/home/data/.cargo/git/checkouts/deno-fe46c607122f9df9/eecea7f/ext/node/polyfills/dns/promises_esm.ts
@coasys/rust-ad4m-executor:build: cargo:rerun-if-changed=/home/data/.cargo/git/checkouts/deno-fe46c607122f9df9/eecea7f/ext/node/polyfills/timers_esm.ts
@coasys/rust-ad4m-executor:build: cargo:rerun-if-changed=/home/data/.cargo/git/checkouts/deno-fe46c607122f9df9/eecea7f/ext/node/polyfills/timers/promises_esm.ts
@coasys/rust-ad4m-executor:build: cargo:rerun-if-changed=/home/data/.cargo/git/checkouts/deno-fe46c607122f9df9/eecea7f/ext/node/polyfills/tls_esm.ts
@coasys/rust-ad4m-executor:build: cargo:rerun-if-changed=/home/data/.cargo/git/checkouts/deno-fe46c607122f9df9/eecea7f/ext/node/polyfills/v8_esm.ts
@coasys/rust-ad4m-executor:build: cargo:rerun-if-changed=/home/data/.cargo/git/checkouts/deno-fe46c607122f9df9/eecea7f/ext/node/polyfills/child_process_esm.ts
@coasys/rust-ad4m-executor:build: cargo:rerun-if-changed=/home/data/.cargo/git/checkouts/deno-fe46c607122f9df9/eecea7f/ext/node/polyfills/fs_esm.ts
@coasys/rust-ad4m-executor:build: cargo:rerun-if-changed=/home/data/.cargo/git/checkouts/deno-fe46c607122f9df9/eecea7f/ext/node/polyfills/fs/promises_esm.ts
@coasys/rust-ad4m-executor:build: cargo:rerun-if-changed=/home/data/.cargo/git/checkouts/deno-fe46c607122f9df9/eecea7f/ext/node/polyfills/http_esm.ts
@coasys/rust-ad4m-executor:build: cargo:rerun-if-changed=/home/data/.cargo/git/checkouts/deno-fe46c607122f9df9/eecea7f/ext/node/polyfills/http2_esm.ts
@coasys/rust-ad4m-executor:build: cargo:rerun-if-changed=/home/data/.cargo/git/checkouts/deno-fe46c607122f9df9/eecea7f/ext/node/polyfills/https_esm.ts
@coasys/rust-ad4m-executor:build: cargo:rerun-if-changed=/home/data/.cargo/git/checkouts/deno-fe46c607122f9df9/eecea7f/ext/node/polyfills/inspector_esm.js
@coasys/rust-ad4m-executor:build: cargo:rerun-if-changed=/home/data/.cargo/git/checkouts/deno-fe46c607122f9df9/eecea7f/ext/node/polyfills/inspector/promises_esm.js
@coasys/rust-ad4m-executor:build: cargo:rerun-if-changed=/home/data/.cargo/git/checkouts/deno-fe46c607122f9df9/eecea7f/ext/node/polyfills/internal/streams/duplex_esm.js
@coasys/rust-ad4m-executor:build: cargo:rerun-if-changed=/home/data/.cargo/git/checkouts/deno-fe46c607122f9df9/eecea7f/ext/node/polyfills/internal/streams/passthrough_esm.js
@coasys/rust-ad4m-executor:build: cargo:rerun-if-changed=/home/data/.cargo/git/checkouts/deno-fe46c607122f9df9/eecea7f/ext/node/polyfills/internal/streams/readable_esm.js
@coasys/rust-ad4m-executor:build: cargo:rerun-if-changed=/home/data/.cargo/git/checkouts/deno-fe46c607122f9df9/eecea7f/ext/node/polyfills/internal/streams/transform_esm.js
@coasys/rust-ad4m-executor:build: cargo:rerun-if-changed=/home/data/.cargo/git/checkouts/deno-fe46c607122f9df9/eecea7f/ext/node/polyfills/internal/streams/writable_esm.js
@coasys/rust-ad4m-executor:build: cargo:rerun-if-changed=/home/data/.cargo/git/checkouts/deno-fe46c607122f9df9/eecea7f/ext/node/polyfills/_tls_common_esm.ts
@coasys/rust-ad4m-executor:build: cargo:rerun-if-changed=/home/data/.cargo/git/checkouts/deno-fe46c607122f9df9/eecea7f/ext/node/polyfills/_tls_wrap_esm.js
@coasys/rust-ad4m-executor:build: cargo:rerun-if-changed=/home/data/.cargo/git/checkouts/deno-fe46c607122f9df9/eecea7f/ext/node/polyfills/assert_esm.ts
@coasys/rust-ad4m-executor:build: cargo:rerun-if-changed=/home/data/.cargo/git/checkouts/deno-fe46c607122f9df9/eecea7f/ext/node/polyfills/readline.ts
@coasys/rust-ad4m-executor:build: cargo:rerun-if-changed=/home/data/.cargo/git/checkouts/deno-fe46c607122f9df9/eecea7f/ext/node/polyfills/02_register_cloneable.js
@coasys/rust-ad4m-executor:build: cargo:rerun-if-changed=/home/data/.cargo/git/checkouts/deno-fe46c607122f9df9/eecea7f/ext/node/polyfills/cluster.ts
@coasys/rust-ad4m-executor:build: cargo:rerun-if-changed=/home/data/.cargo/git/checkouts/deno-fe46c607122f9df9/eecea7f/ext/node/polyfills/console.ts
@coasys/rust-ad4m-executor:build: cargo:rerun-if-changed=/home/data/.cargo/git/checkouts/deno-fe46c607122f9df9/eecea7f/ext/node/polyfills/constants.ts
@coasys/rust-ad4m-executor:build: cargo:rerun-if-changed=/home/data/.cargo/git/checkouts/deno-fe46c607122f9df9/eecea7f/ext/node/polyfills/crypto.ts
@coasys/rust-ad4m-executor:build: cargo:rerun-if-changed=/home/data/.cargo/git/checkouts/deno-fe46c607122f9df9/eecea7f/ext/node/polyfills/dgram.ts
@coasys/rust-ad4m-executor:build: cargo:rerun-if-changed=/home/data/.cargo/git/checkouts/deno-fe46c607122f9df9/eecea7f/ext/node/polyfills/dns.ts
@coasys/rust-ad4m-executor:build: cargo:rerun-if-changed=/home/data/.cargo/git/checkouts/deno-fe46c607122f9df9/eecea7f/ext/node/polyfills/dns/promises.ts
@coasys/rust-ad4m-executor:build: cargo:rerun-if-changed=/home/data/.cargo/git/checkouts/deno-fe46c607122f9df9/eecea7f/ext/node/polyfills/timers.ts
@coasys/rust-ad4m-executor:build: cargo:rerun-if-changed=/home/data/.cargo/git/checkouts/deno-fe46c607122f9df9/eecea7f/ext/node/polyfills/timers/promises.ts
@coasys/rust-ad4m-executor:build: cargo:rerun-if-changed=/home/data/.cargo/git/checkouts/deno-fe46c607122f9df9/eecea7f/ext/node/polyfills/tls.ts
@coasys/rust-ad4m-executor:build: cargo:rerun-if-changed=/home/data/.cargo/git/checkouts/deno-fe46c607122f9df9/eecea7f/ext/node/polyfills/tty.js
@coasys/rust-ad4m-executor:build: cargo:rerun-if-changed=/home/data/.cargo/git/checkouts/deno-fe46c607122f9df9/eecea7f/ext/node/polyfills/url.ts
@coasys/rust-ad4m-executor:build: cargo:rerun-if-changed=/home/data/.cargo/git/checkouts/deno-fe46c607122f9df9/eecea7f/ext/node/polyfills/v8.ts
@coasys/rust-ad4m-executor:build: cargo:rerun-if-changed=/home/data/.cargo/git/checkouts/deno-fe46c607122f9df9/eecea7f/ext/node/polyfills/worker_threads.ts
@coasys/rust-ad4m-executor:build: cargo:rerun-if-changed=/home/data/.cargo/git/checkouts/deno-fe46c607122f9df9/eecea7f/ext/node/polyfills/zlib.js
@coasys/rust-ad4m-executor:build: cargo:rerun-if-changed=/home/data/.cargo/git/checkouts/deno-fe46c607122f9df9/eecea7f/ext/node/polyfills/child_process.ts
@coasys/rust-ad4m-executor:build: cargo:rerun-if-changed=/home/data/.cargo/git/checkouts/deno-fe46c607122f9df9/eecea7f/ext/node/polyfills/fs.ts
@coasys/rust-ad4m-executor:build: cargo:rerun-if-changed=/home/data/.cargo/git/checkouts/deno-fe46c607122f9df9/eecea7f/ext/node/polyfills/fs/promises.ts
@coasys/rust-ad4m-executor:build: cargo:rerun-if-changed=/home/data/.cargo/git/checkouts/deno-fe46c607122f9df9/eecea7f/ext/node/polyfills/net.ts
@coasys/rust-ad4m-executor:build: cargo:rerun-if-changed=/home/data/.cargo/git/checkouts/deno-fe46c607122f9df9/eecea7f/ext/node/polyfills/_tls_common.ts
@coasys/rust-ad4m-executor:build: cargo:rerun-if-changed=/home/data/.cargo/git/checkouts/deno-fe46c607122f9df9/eecea7f/ext/node/polyfills/_tls_wrap.js
@coasys/rust-ad4m-executor:build: cargo:rerun-if-changed=/home/data/.cargo/git/checkouts/deno-fe46c607122f9df9/eecea7f/ext/node/polyfills/http.ts
@coasys/rust-ad4m-executor:build: cargo:rerun-if-changed=/home/data/.cargo/git/checkouts/deno-fe46c607122f9df9/eecea7f/ext/node/polyfills/http2.ts
@coasys/rust-ad4m-executor:build: cargo:rerun-if-changed=/home/data/.cargo/git/checkouts/deno-fe46c607122f9df9/eecea7f/ext/node/polyfills/https.ts
@coasys/rust-ad4m-executor:build: cargo:rerun-if-changed=/home/data/.cargo/git/checkouts/deno-fe46c607122f9df9/eecea7f/ext/node/polyfills/inspector.js
@coasys/rust-ad4m-executor:build: cargo:rerun-if-changed=/home/data/.cargo/git/checkouts/deno-fe46c607122f9df9/eecea7f/ext/node/polyfills/inspector_network_bridge.js
@coasys/rust-ad4m-executor:build: cargo:rerun-if-changed=/home/data/.cargo/git/checkouts/deno-fe46c607122f9df9/eecea7f/ext/node/polyfills/inspector/promises.js
@coasys/rust-ad4m-executor:build: cargo:rerun-if-changed=/home/data/.cargo/git/checkouts/deno-fe46c607122f9df9/eecea7f/ext/node/polyfills/_repl_preview.js
@coasys/rust-ad4m-executor:build: cargo:rerun-if-changed=/home/data/.cargo/git/checkouts/deno-fe46c607122f9df9/eecea7f/ext/node/polyfills/internal/streams/duplex.js
@coasys/rust-ad4m-executor:build: cargo:rerun-if-changed=/home/data/.cargo/git/checkouts/deno-fe46c607122f9df9/eecea7f/ext/node/polyfills/internal/streams/passthrough.js
@coasys/rust-ad4m-executor:build: cargo:rerun-if-changed=/home/data/.cargo/git/checkouts/deno-fe46c607122f9df9/eecea7f/ext/node/polyfills/internal/streams/readable.js
@coasys/rust-ad4m-executor:build: cargo:rerun-if-changed=/home/data/.cargo/git/checkouts/deno-fe46c607122f9df9/eecea7f/ext/node/polyfills/internal/streams/transform.js
@coasys/rust-ad4m-executor:build: cargo:rerun-if-changed=/home/data/.cargo/git/checkouts/deno-fe46c607122f9df9/eecea7f/ext/node/polyfills/internal/streams/writable.js
@coasys/rust-ad4m-executor:build: cargo:rerun-if-changed=/home/data/.cargo/git/checkouts/deno-fe46c607122f9df9/eecea7f/ext/node/polyfills/internal/validators.mjs
@coasys/rust-ad4m-executor:build: cargo:rerun-if-changed=/home/data/.cargo/git/checkouts/deno-fe46c607122f9df9/eecea7f/ext/node/polyfills/internal/normalize_encoding.ts
@coasys/rust-ad4m-executor:build: cargo:rerun-if-changed=/home/data/.cargo/git/checkouts/deno-fe46c607122f9df9/eecea7f/ext/node/polyfills/internal/error_codes.ts
@coasys/rust-ad4m-executor:build: cargo:rerun-if-changed=/home/data/.cargo/git/checkouts/deno-fe46c607122f9df9/eecea7f/ext/node/polyfills/internal/hide_stack_frames.ts
@coasys/rust-ad4m-executor:build: cargo:rerun-if-changed=/home/data/.cargo/git/checkouts/deno-fe46c607122f9df9/eecea7f/ext/node/polyfills/internal/util/types.ts
@coasys/rust-ad4m-executor:build: cargo:rerun-if-changed=/home/data/.cargo/git/checkouts/deno-fe46c607122f9df9/eecea7f/ext/node/polyfills/internal/crypto/_keys.ts
@coasys/rust-ad4m-executor:build: cargo:rerun-if-changed=/home/data/.cargo/git/checkouts/deno-fe46c607122f9df9/eecea7f/ext/node/polyfills/internal/crypto/constants.ts
@coasys/rust-ad4m-executor:build: cargo:rerun-if-changed=/home/data/.cargo/git/checkouts/deno-fe46c607122f9df9/eecea7f/ext/node/polyfills/internal_binding/types.ts
@coasys/rust-ad4m-executor:build: cargo:rerun-if-changed=/home/data/.cargo/git/checkouts/deno-fe46c607122f9df9/eecea7f/ext/node/polyfills/_util/os.ts
@coasys/rust-ad4m-executor:build: cargo:rerun-if-changed=/home/data/.cargo/git/checkouts/deno-fe46c607122f9df9/eecea7f/ext/node/polyfills/_utils.ts
@coasys/rust-ad4m-executor:build: cargo:rerun-if-changed=/home/data/.cargo/git/checkouts/deno-fe46c607122f9df9/eecea7f/ext/node/polyfills/internal/primordials.mjs
@coasys/rust-ad4m-executor:build: cargo:rerun-if-changed=/home/data/.cargo/git/checkouts/deno-fe46c607122f9df9/eecea7f/ext/node/polyfills/internal_binding/constants.ts
@coasys/rust-ad4m-executor:build: cargo:rerun-if-changed=/home/data/.cargo/git/checkouts/deno-fe46c607122f9df9/eecea7f/ext/node/polyfills/internal_binding/_libuv_winerror.ts
@coasys/rust-ad4m-executor:build: cargo:rerun-if-changed=/home/data/.cargo/git/checkouts/deno-fe46c607122f9df9/eecea7f/ext/node/polyfills/internal_binding/uv.ts
@coasys/rust-ad4m-executor:build: cargo:rerun-if-changed=/home/data/.cargo/git/checkouts/deno-fe46c607122f9df9/eecea7f/ext/node/polyfills/internal/util/colorize.mjs
@coasys/rust-ad4m-executor:build: cargo:rerun-if-changed=/home/data/.cargo/git/checkouts/deno-fe46c607122f9df9/eecea7f/ext/node/polyfills/internal/util/inspect.mjs
@coasys/rust-ad4m-executor:build: cargo:rerun-if-changed=/home/data/.cargo/git/checkouts/deno-fe46c607122f9df9/eecea7f/ext/node/polyfills/internal/errors.ts
@coasys/rust-ad4m-executor:build: cargo:rerun-if-changed=/home/data/.cargo/git/checkouts/deno-fe46c607122f9df9/eecea7f/ext/node/polyfills/internal/errors/error_source.ts
@coasys/rust-ad4m-executor:build: cargo:rerun-if-changed=/home/data/.cargo/git/checkouts/deno-fe46c607122f9df9/eecea7f/ext/node/polyfills/internal/util.mjs
@coasys/rust-ad4m-executor:build: cargo:rerun-if-changed=/home/data/.cargo/git/checkouts/deno-fe46c607122f9df9/eecea7f/ext/node/polyfills/_fs/_fs_constants.ts
@coasys/rust-ad4m-executor:build: cargo:rerun-if-changed=/home/data/.cargo/git/checkouts/deno-fe46c607122f9df9/eecea7f/ext/node/polyfills/_next_tick.ts
@coasys/rust-ad4m-executor:build: cargo:rerun-if-changed=/home/data/.cargo/git/checkouts/deno-fe46c607122f9df9/eecea7f/ext/node/polyfills/_process/exiting.ts
@coasys/rust-ad4m-executor:build: cargo:rerun-if-changed=/home/data/.cargo/git/checkouts/deno-fe46c607122f9df9/eecea7f/ext/node/polyfills/_process/process.ts
@coasys/rust-ad4m-executor:build: cargo:rerun-if-changed=/home/data/.cargo/git/checkouts/deno-fe46c607122f9df9/eecea7f/ext/node/polyfills/_util/_util_callbackify.js
@coasys/rust-ad4m-executor:build: cargo:rerun-if-changed=/home/data/.cargo/git/checkouts/deno-fe46c607122f9df9/eecea7f/ext/node/polyfills/_zlib_binding.mjs
@coasys/rust-ad4m-executor:build: cargo:rerun-if-changed=/home/data/.cargo/git/checkouts/deno-fe46c607122f9df9/eecea7f/ext/node/polyfills/internal_binding/_listen.ts
@coasys/rust-ad4m-executor:build: cargo:rerun-if-changed=/home/data/.cargo/git/checkouts/deno-fe46c607122f9df9/eecea7f/ext/node/polyfills/internal_binding/_node.ts
@coasys/rust-ad4m-executor:build: cargo:rerun-if-changed=/home/data/.cargo/git/checkouts/deno-fe46c607122f9df9/eecea7f/ext/node/polyfills/internal_binding/_utils.ts
@coasys/rust-ad4m-executor:build: cargo:rerun-if-changed=/home/data/.cargo/git/checkouts/deno-fe46c607122f9df9/eecea7f/ext/node/polyfills/internal_binding/ares.ts
@coasys/rust-ad4m-executor:build: cargo:rerun-if-changed=/home/data/.cargo/git/checkouts/deno-fe46c607122f9df9/eecea7f/ext/node/polyfills/internal_binding/async_wrap.ts
@coasys/rust-ad4m-executor:build: cargo:rerun-if-changed=/home/data/.cargo/git/checkouts/deno-fe46c607122f9df9/eecea7f/ext/node/polyfills/internal_binding/block_list.ts
@coasys/rust-ad4m-executor:build: cargo:rerun-if-changed=/home/data/.cargo/git/checkouts/deno-fe46c607122f9df9/eecea7f/ext/node/polyfills/internal_binding/_timingSafeEqual.ts
@coasys/rust-ad4m-executor:build: cargo:rerun-if-changed=/home/data/.cargo/git/checkouts/deno-fe46c607122f9df9/eecea7f/ext/node/polyfills/internal_binding/cares_wrap.ts
@coasys/rust-ad4m-executor:build: cargo:rerun-if-changed=/home/data/.cargo/git/checkouts/deno-fe46c607122f9df9/eecea7f/ext/node/polyfills/internal_binding/crypto.ts
@coasys/rust-ad4m-executor:build: cargo:rerun-if-changed=/home/data/.cargo/git/checkouts/deno-fe46c607122f9df9/eecea7f/ext/node/polyfills/internal_binding/buffer.ts
@coasys/rust-ad4m-executor:build: cargo:rerun-if-changed=/home/data/.cargo/git/checkouts/deno-fe46c607122f9df9/eecea7f/ext/node/polyfills/internal_binding/http_parser.ts
@coasys/rust-ad4m-executor:build: cargo:rerun-if-changed=/home/data/.cargo/git/checkouts/deno-fe46c607122f9df9/eecea7f/ext/node/polyfills/internal_binding/handle_wrap.ts
@coasys/rust-ad4m-executor:build: cargo:rerun-if-changed=/home/data/.cargo/git/checkouts/deno-fe46c607122f9df9/eecea7f/ext/node/polyfills/internal_binding/http2.ts
@coasys/rust-ad4m-executor:build: cargo:rerun-if-changed=/home/data/.cargo/git/checkouts/deno-fe46c607122f9df9/eecea7f/ext/node/polyfills/internal_binding/inspector.js
@coasys/rust-ad4m-executor:build: cargo:rerun-if-changed=/home/data/.cargo/git/checkouts/deno-fe46c607122f9df9/eecea7f/ext/node/polyfills/internal_binding/node_file.ts
@coasys/rust-ad4m-executor:build: cargo:rerun-if-changed=/home/data/.cargo/git/checkouts/deno-fe46c607122f9df9/eecea7f/ext/node/polyfills/internal_binding/node_options.ts
@coasys/rust-ad4m-executor:build: cargo:rerun-if-changed=/home/data/.cargo/git/checkouts/deno-fe46c607122f9df9/eecea7f/ext/node/polyfills/internal_binding/pipe_wrap.ts
@coasys/rust-ad4m-executor:build: cargo:rerun-if-changed=/home/data/.cargo/git/checkouts/deno-fe46c607122f9df9/eecea7f/ext/node/polyfills/internal_binding/stream_wrap.ts
@coasys/rust-ad4m-executor:build: cargo:rerun-if-changed=/home/data/.cargo/git/checkouts/deno-fe46c607122f9df9/eecea7f/ext/node/polyfills/internal_binding/string_decoder.ts
@coasys/rust-ad4m-executor:build: cargo:rerun-if-changed=/home/data/.cargo/git/checkouts/deno-fe46c607122f9df9/eecea7f/ext/node/polyfills/internal_binding/symbols.ts
@coasys/rust-ad4m-executor:build: cargo:rerun-if-changed=/home/data/.cargo/git/checkouts/deno-fe46c607122f9df9/eecea7f/ext/node/polyfills/internal_binding/tcp_wrap.ts
@coasys/rust-ad4m-executor:build: cargo:rerun-if-changed=/home/data/.cargo/git/checkouts/deno-fe46c607122f9df9/eecea7f/ext/node/polyfills/internal_binding/tls_wrap.ts
@coasys/rust-ad4m-executor:build: cargo:rerun-if-changed=/home/data/.cargo/git/checkouts/deno-fe46c607122f9df9/eecea7f/ext/node/polyfills/internal_binding/tty_wrap.ts
@coasys/rust-ad4m-executor:build: cargo:rerun-if-changed=/home/data/.cargo/git/checkouts/deno-fe46c607122f9df9/eecea7f/ext/node/polyfills/internal_binding/udp_wrap.ts
@coasys/rust-ad4m-executor:build: cargo:rerun-if-changed=/home/data/.cargo/git/checkouts/deno-fe46c607122f9df9/eecea7f/ext/node/polyfills/internal_binding/util.ts
@coasys/rust-ad4m-executor:build: cargo:rerun-if-changed=/home/data/.cargo/git/checkouts/deno-fe46c607122f9df9/eecea7f/ext/node/polyfills/internal/assert/assertion_error.js
@coasys/rust-ad4m-executor:build: cargo:rerun-if-changed=/home/data/.cargo/git/checkouts/deno-fe46c607122f9df9/eecea7f/ext/node/polyfills/internal/assert/calltracker.js
@coasys/rust-ad4m-executor:build: cargo:rerun-if-changed=/home/data/.cargo/git/checkouts/deno-fe46c607122f9df9/eecea7f/ext/node/polyfills/internal/assert/myers_diff.js
@coasys/rust-ad4m-executor:build: cargo:rerun-if-changed=/home/data/.cargo/git/checkouts/deno-fe46c607122f9df9/eecea7f/ext/node/polyfills/internal/assert/utils.ts
@coasys/rust-ad4m-executor:build: cargo:rerun-if-changed=/home/data/.cargo/git/checkouts/deno-fe46c607122f9df9/eecea7f/ext/node/polyfills/internal/assert.mjs
@coasys/rust-ad4m-executor:build: cargo:rerun-if-changed=/home/data/.cargo/git/checkouts/deno-fe46c607122f9df9/eecea7f/ext/node/polyfills/internal/async_hooks.ts
@coasys/rust-ad4m-executor:build: cargo:rerun-if-changed=/home/data/.cargo/git/checkouts/deno-fe46c607122f9df9/eecea7f/ext/node/polyfills/internal/blocklist.mjs
@coasys/rust-ad4m-executor:build: cargo:rerun-if-changed=/home/data/.cargo/git/checkouts/deno-fe46c607122f9df9/eecea7f/ext/node/polyfills/internal/buffer.mjs
@coasys/rust-ad4m-executor:build: cargo:rerun-if-changed=/home/data/.cargo/git/checkouts/deno-fe46c607122f9df9/eecea7f/ext/node/polyfills/internal/cli_table.ts
@coasys/rust-ad4m-executor:build: cargo:rerun-if-changed=/home/data/.cargo/git/checkouts/deno-fe46c607122f9df9/eecea7f/ext/node/polyfills/internal/constants.ts
@coasys/rust-ad4m-executor:build: cargo:rerun-if-changed=/home/data/.cargo/git/checkouts/deno-fe46c607122f9df9/eecea7f/ext/node/polyfills/internal/crypto/_randomBytes.ts
@coasys/rust-ad4m-executor:build: cargo:rerun-if-changed=/home/data/.cargo/git/checkouts/deno-fe46c607122f9df9/eecea7f/ext/node/polyfills/internal/crypto/_randomFill.mjs
@coasys/rust-ad4m-executor:build: cargo:rerun-if-changed=/home/data/.cargo/git/checkouts/deno-fe46c607122f9df9/eecea7f/ext/node/polyfills/internal/crypto/_randomInt.ts
@coasys/rust-ad4m-executor:build: cargo:rerun-if-changed=/home/data/.cargo/git/checkouts/deno-fe46c607122f9df9/eecea7f/ext/node/polyfills/internal/crypto/certificate.ts
@coasys/rust-ad4m-executor:build: cargo:rerun-if-changed=/home/data/.cargo/git/checkouts/deno-fe46c607122f9df9/eecea7f/ext/node/polyfills/internal/crypto/cipher.ts
@coasys/rust-ad4m-executor:build: cargo:rerun-if-changed=/home/data/.cargo/git/checkouts/deno-fe46c607122f9df9/eecea7f/ext/node/polyfills/internal/crypto/diffiehellman.ts
@coasys/rust-ad4m-executor:build: cargo:rerun-if-changed=/home/data/.cargo/git/checkouts/deno-fe46c607122f9df9/eecea7f/ext/node/polyfills/internal/crypto/hash.ts
@coasys/rust-ad4m-executor:build: cargo:rerun-if-changed=/home/data/.cargo/git/checkouts/deno-fe46c607122f9df9/eecea7f/ext/node/polyfills/internal/crypto/hkdf.ts
@coasys/rust-ad4m-executor:build: cargo:rerun-if-changed=/home/data/.cargo/git/checkouts/deno-fe46c607122f9df9/eecea7f/ext/node/polyfills/internal/crypto/keygen.ts
@coasys/rust-ad4m-executor:build: cargo:rerun-if-changed=/home/data/.cargo/git/checkouts/deno-fe46c607122f9df9/eecea7f/ext/node/polyfills/internal/crypto/keys.ts
@coasys/rust-ad4m-executor:build: cargo:rerun-if-changed=/home/data/.cargo/git/checkouts/deno-fe46c607122f9df9/eecea7f/ext/node/polyfills/internal/crypto/pbkdf2.ts
@coasys/rust-ad4m-executor:build: cargo:rerun-if-changed=/home/data/.cargo/git/checkouts/deno-fe46c607122f9df9/eecea7f/ext/node/polyfills/internal/crypto/random.ts
@coasys/rust-ad4m-executor:build: cargo:rerun-if-changed=/home/data/.cargo/git/checkouts/deno-fe46c607122f9df9/eecea7f/ext/node/polyfills/internal/crypto/scrypt.ts
@coasys/rust-ad4m-executor:build: cargo:rerun-if-changed=/home/data/.cargo/git/checkouts/deno-fe46c607122f9df9/eecea7f/ext/node/polyfills/internal/crypto/sig.ts
@coasys/rust-ad4m-executor:build: cargo:rerun-if-changed=/home/data/.cargo/git/checkouts/deno-fe46c607122f9df9/eecea7f/ext/node/polyfills/internal/crypto/util.ts
@coasys/rust-ad4m-executor:build: cargo:rerun-if-changed=/home/data/.cargo/git/checkouts/deno-fe46c607122f9df9/eecea7f/ext/node/polyfills/internal/crypto/x509.ts
@coasys/rust-ad4m-executor:build: cargo:rerun-if-changed=/home/data/.cargo/git/checkouts/deno-fe46c607122f9df9/eecea7f/ext/node/polyfills/internal/child_process.ts
@coasys/rust-ad4m-executor:build: cargo:rerun-if-changed=/home/data/.cargo/git/checkouts/deno-fe46c607122f9df9/eecea7f/ext/node/polyfills/internal/cluster/child.ts
@coasys/rust-ad4m-executor:build: cargo:rerun-if-changed=/home/data/.cargo/git/checkouts/deno-fe46c607122f9df9/eecea7f/ext/node/polyfills/internal/cluster/linkedlist.ts
@coasys/rust-ad4m-executor:build: cargo:rerun-if-changed=/home/data/.cargo/git/checkouts/deno-fe46c607122f9df9/eecea7f/ext/node/polyfills/internal/cluster/primary.ts
@coasys/rust-ad4m-executor:build: cargo:rerun-if-changed=/home/data/.cargo/git/checkouts/deno-fe46c607122f9df9/eecea7f/ext/node/polyfills/internal/cluster/round_robin_handle.ts
@coasys/rust-ad4m-executor:build: cargo:rerun-if-changed=/home/data/.cargo/git/checkouts/deno-fe46c607122f9df9/eecea7f/ext/node/polyfills/internal/cluster/shared_handle.ts
@coasys/rust-ad4m-executor:build: cargo:rerun-if-changed=/home/data/.cargo/git/checkouts/deno-fe46c607122f9df9/eecea7f/ext/node/polyfills/internal/cluster/utils.ts
@coasys/rust-ad4m-executor:build: cargo:rerun-if-changed=/home/data/.cargo/git/checkouts/deno-fe46c607122f9df9/eecea7f/ext/node/polyfills/internal/cluster/worker.ts
@coasys/rust-ad4m-executor:build: cargo:rerun-if-changed=/home/data/.cargo/git/checkouts/deno-fe46c607122f9df9/eecea7f/ext/node/polyfills/internal/console/constructor.mjs
@coasys/rust-ad4m-executor:build: cargo:rerun-if-changed=/home/data/.cargo/git/checkouts/deno-fe46c607122f9df9/eecea7f/ext/node/polyfills/internal/deps/undici/undici.js
@coasys/rust-ad4m-executor:build: cargo:rerun-if-changed=/home/data/.cargo/git/checkouts/deno-fe46c607122f9df9/eecea7f/ext/node/polyfills/internal/dgram.ts
@coasys/rust-ad4m-executor:build: cargo:rerun-if-changed=/home/data/.cargo/git/checkouts/deno-fe46c607122f9df9/eecea7f/ext/node/polyfills/internal/dns/promises.ts
@coasys/rust-ad4m-executor:build: cargo:rerun-if-changed=/home/data/.cargo/git/checkouts/deno-fe46c607122f9df9/eecea7f/ext/node/polyfills/internal/dns/utils.ts
@coasys/rust-ad4m-executor:build: cargo:rerun-if-changed=/home/data/.cargo/git/checkouts/deno-fe46c607122f9df9/eecea7f/ext/node/polyfills/internal/dtrace.ts
@coasys/rust-ad4m-executor:build: cargo:rerun-if-changed=/home/data/.cargo/git/checkouts/deno-fe46c607122f9df9/eecea7f/ext/node/polyfills/internal/events/abort_listener.mjs
@coasys/rust-ad4m-executor:build: cargo:rerun-if-changed=/home/data/.cargo/git/checkouts/deno-fe46c607122f9df9/eecea7f/ext/node/polyfills/internal/fs/sync_write_stream.js
@coasys/rust-ad4m-executor:build: cargo:rerun-if-changed=/home/data/.cargo/git/checkouts/deno-fe46c607122f9df9/eecea7f/ext/node/polyfills/internal/http.ts
@coasys/rust-ad4m-executor:build: cargo:rerun-if-changed=/home/data/.cargo/git/checkouts/deno-fe46c607122f9df9/eecea7f/ext/node/polyfills/internal/http2/compat.js
@coasys/rust-ad4m-executor:build: cargo:rerun-if-changed=/home/data/.cargo/git/checkouts/deno-fe46c607122f9df9/eecea7f/ext/node/polyfills/internal/http2/constants.ts
@coasys/rust-ad4m-executor:build: cargo:rerun-if-changed=/home/data/.cargo/git/checkouts/deno-fe46c607122f9df9/eecea7f/ext/node/polyfills/internal/http2/core.ts
@coasys/rust-ad4m-executor:build: cargo:rerun-if-changed=/home/data/.cargo/git/checkouts/deno-fe46c607122f9df9/eecea7f/ext/node/polyfills/internal/http2/util.ts
@coasys/rust-ad4m-executor:build: cargo:rerun-if-changed=/home/data/.cargo/git/checkouts/deno-fe46c607122f9df9/eecea7f/ext/node/polyfills/internal/js_stream_socket.js
@coasys/rust-ad4m-executor:build: cargo:rerun-if-changed=/home/data/.cargo/git/checkouts/deno-fe46c607122f9df9/eecea7f/ext/node/polyfills/internal/idna.ts
@coasys/rust-ad4m-executor:build: cargo:rerun-if-changed=/home/data/.cargo/git/checkouts/deno-fe46c607122f9df9/eecea7f/ext/node/polyfills/internal/mime.ts
@coasys/rust-ad4m-executor:build: cargo:rerun-if-changed=/home/data/.cargo/git/checkouts/deno-fe46c607122f9df9/eecea7f/ext/node/polyfills/internal/options.ts
@coasys/rust-ad4m-executor:build: cargo:rerun-if-changed=/home/data/.cargo/git/checkouts/deno-fe46c607122f9df9/eecea7f/ext/node/polyfills/internal/priority_queue.ts
@coasys/rust-ad4m-executor:build: cargo:rerun-if-changed=/home/data/.cargo/git/checkouts/deno-fe46c607122f9df9/eecea7f/ext/node/polyfills/internal/process/active_resources.ts
@coasys/rust-ad4m-executor:build: cargo:rerun-if-changed=/home/data/.cargo/git/checkouts/deno-fe46c607122f9df9/eecea7f/ext/node/polyfills/internal/process/per_thread.mjs
@coasys/rust-ad4m-executor:build: cargo:rerun-if-changed=/home/data/.cargo/git/checkouts/deno-fe46c607122f9df9/eecea7f/ext/node/polyfills/internal/process/report.ts
@coasys/rust-ad4m-executor:build: cargo:rerun-if-changed=/home/data/.cargo/git/checkouts/deno-fe46c607122f9df9/eecea7f/ext/node/polyfills/internal/process/warning.ts
@coasys/rust-ad4m-executor:build: cargo:rerun-if-changed=/home/data/.cargo/git/checkouts/deno-fe46c607122f9df9/eecea7f/ext/node/polyfills/internal/querystring.ts
@coasys/rust-ad4m-executor:build: cargo:rerun-if-changed=/home/data/.cargo/git/checkouts/deno-fe46c607122f9df9/eecea7f/ext/node/polyfills/internal/readline/callbacks.mjs
@coasys/rust-ad4m-executor:build: cargo:rerun-if-changed=/home/data/.cargo/git/checkouts/deno-fe46c607122f9df9/eecea7f/ext/node/polyfills/internal/readline/emitKeypressEvents.mjs
@coasys/rust-ad4m-executor:build: cargo:rerun-if-changed=/home/data/.cargo/git/checkouts/deno-fe46c607122f9df9/eecea7f/ext/node/polyfills/internal/readline/interface.mjs
@coasys/rust-ad4m-executor:build: cargo:rerun-if-changed=/home/data/.cargo/git/checkouts/deno-fe46c607122f9df9/eecea7f/ext/node/polyfills/internal/readline/promises.mjs
@coasys/rust-ad4m-executor:build: cargo:rerun-if-changed=/home/data/.cargo/git/checkouts/deno-fe46c607122f9df9/eecea7f/ext/node/polyfills/internal/readline/symbols.mjs
@coasys/rust-ad4m-executor:build: cargo:rerun-if-changed=/home/data/.cargo/git/checkouts/deno-fe46c607122f9df9/eecea7f/ext/node/polyfills/internal/readline/utils.mjs
@coasys/rust-ad4m-executor:build: cargo:rerun-if-changed=/home/data/.cargo/git/checkouts/deno-fe46c607122f9df9/eecea7f/ext/node/polyfills/internal/socketaddress.js
@coasys/rust-ad4m-executor:build: cargo:rerun-if-changed=/home/data/.cargo/git/checkouts/deno-fe46c607122f9df9/eecea7f/ext/node/polyfills/internal/stream_base_commons.ts
@coasys/rust-ad4m-executor:build: cargo:rerun-if-changed=/home/data/.cargo/git/checkouts/deno-fe46c607122f9df9/eecea7f/ext/node/polyfills/internal/streams/add-abort-signal.js
@coasys/rust-ad4m-executor:build: cargo:rerun-if-changed=/home/data/.cargo/git/checkouts/deno-fe46c607122f9df9/eecea7f/ext/node/polyfills/internal/streams/utils.js
@coasys/rust-ad4m-executor:build: cargo:rerun-if-changed=/home/data/.cargo/git/checkouts/deno-fe46c607122f9df9/eecea7f/ext/node/polyfills/internal/test/binding.ts
@coasys/rust-ad4m-executor:build: cargo:rerun-if-changed=/home/data/.cargo/git/checkouts/deno-fe46c607122f9df9/eecea7f/ext/node/polyfills/internal/test/reporters.ts
@coasys/rust-ad4m-executor:build: cargo:rerun-if-changed=/home/data/.cargo/git/checkouts/deno-fe46c607122f9df9/eecea7f/ext/node/polyfills/internal/timers.mjs
@coasys/rust-ad4m-executor:build: cargo:rerun-if-changed=/home/data/.cargo/git/checkouts/deno-fe46c607122f9df9/eecea7f/ext/node/polyfills/internal/url.ts
@coasys/rust-ad4m-executor:build: cargo:rerun-if-changed=/home/data/.cargo/git/checkouts/deno-fe46c607122f9df9/eecea7f/ext/node/polyfills/internal/util/colors.ts
@coasys/rust-ad4m-executor:build: cargo:rerun-if-changed=/home/data/.cargo/git/checkouts/deno-fe46c607122f9df9/eecea7f/ext/node/polyfills/internal/util/debuglog.ts
@coasys/rust-ad4m-executor:build: cargo:rerun-if-changed=/home/data/.cargo/git/checkouts/deno-fe46c607122f9df9/eecea7f/ext/node/polyfills/internal/util/parse_args/parse_args.js
@coasys/rust-ad4m-executor:build: cargo:rerun-if-changed=/home/data/.cargo/git/checkouts/deno-fe46c607122f9df9/eecea7f/ext/node/polyfills/internal/util/parse_args/utils.js
@coasys/rust-ad4m-executor:build: cargo:rerun-if-changed=/home/data/.cargo/git/checkouts/deno-fe46c607122f9df9/eecea7f/ext/node/polyfills/internal/webstreams/adapters.js
@coasys/rust-ad4m-executor:build: cargo:rerun-if-changed=/home/data/.cargo/git/checkouts/deno-fe46c607122f9df9/eecea7f/ext/node/polyfills/internal/webstreams/readablestream.js
@coasys/rust-ad4m-executor:build: cargo:rerun-if-changed=/home/data/.cargo/git/checkouts/deno-fe46c607122f9df9/eecea7f/ext/node/polyfills/internal/webstreams/util.js
@coasys/rust-ad4m-executor:build: cargo:rerun-if-changed=/home/data/.cargo/git/checkouts/deno-fe46c607122f9df9/eecea7f/ext/node/polyfills/internal/worker/js_transferable.js
@coasys/rust-ad4m-executor:build: cargo:rerun-if-changed=/home/data/.cargo/git/checkouts/deno-fe46c607122f9df9/eecea7f/ext/node/polyfills/internal/net.ts
@coasys/rust-ad4m-executor:build: cargo:rerun-if-changed=/home/data/.cargo/git/checkouts/deno-fe46c607122f9df9/eecea7f/ext/node/polyfills/internal/tls_common.js
@coasys/rust-ad4m-executor:build: cargo:rerun-if-changed=/home/data/.cargo/git/checkouts/deno-fe46c607122f9df9/eecea7f/ext/node/polyfills/internal/util/comparisons.ts
@coasys/rust-ad4m-executor:build: cargo:rerun-if-changed=/home/data/.cargo/git/checkouts/deno-fe46c607122f9df9/eecea7f/ext/node/polyfills/path/_constants.ts
@coasys/rust-ad4m-executor:build: cargo:rerun-if-changed=/home/data/.cargo/git/checkouts/deno-fe46c607122f9df9/eecea7f/ext/node/polyfills/path/_interface.ts
@coasys/rust-ad4m-executor:build: cargo:rerun-if-changed=/home/data/.cargo/git/checkouts/deno-fe46c607122f9df9/eecea7f/ext/node/polyfills/path/_util.ts
@coasys/rust-ad4m-executor:build: cargo:rerun-if-changed=/home/data/.cargo/git/checkouts/deno-fe46c607122f9df9/eecea7f/ext/node/polyfills/path/common.ts
@coasys/rust-ad4m-executor:build: cargo:rerun-if-changed=/home/data/.cargo/git/checkouts/deno-fe46c607122f9df9/eecea7f/ext/node/polyfills/path/separator.ts
@coasys/rust-ad4m-executor:build: cargo:rerun-if-changed=/home/data/.cargo/git/checkouts/deno-fe46c607122f9df9/eecea7f/ext/node/polyfills/assert.ts
@coasys/rust-ad4m-executor:build: cargo:rerun-if-changed=/home/data/.cargo/git/checkouts/deno-fe46c607122f9df9/eecea7f/ext/node/polyfills/util.ts
@coasys/rust-ad4m-executor:build: cargo:rerun-if-changed=/home/data/.cargo/git/checkouts/deno-fe46c607122f9df9/eecea7f/ext/node/polyfills/_events.mjs
@coasys/rust-ad4m-executor:build: cargo:rerun-if-changed=/home/data/.cargo/git/checkouts/deno-fe46c607122f9df9/eecea7f/ext/node/polyfills/internal/streams/state.js
@coasys/rust-ad4m-executor:build: cargo:rerun-if-changed=/home/data/.cargo/git/checkouts/deno-fe46c607122f9df9/eecea7f/ext/node/polyfills/internal/streams/legacy.js
@coasys/rust-ad4m-executor:build: cargo:rerun-if-changed=/home/data/.cargo/git/checkouts/deno-fe46c607122f9df9/eecea7f/ext/node/polyfills/internal/streams/destroy.js
@coasys/rust-ad4m-executor:build: cargo:rerun-if-changed=/home/data/.cargo/git/checkouts/deno-fe46c607122f9df9/eecea7f/ext/node/polyfills/internal/streams/end-of-stream.js
@coasys/rust-ad4m-executor:build: cargo:rerun-if-changed=/home/data/.cargo/git/checkouts/deno-fe46c607122f9df9/eecea7f/ext/node/polyfills/async_hooks.ts
@coasys/rust-ad4m-executor:build: cargo:rerun-if-changed=/home/data/.cargo/git/checkouts/deno-fe46c607122f9df9/eecea7f/ext/node/polyfills/diagnostics_channel.js
@coasys/rust-ad4m-executor:build: cargo:rerun-if-changed=/home/data/.cargo/git/checkouts/deno-fe46c607122f9df9/eecea7f/ext/node/polyfills/domain.ts
@coasys/rust-ad4m-executor:build: cargo:rerun-if-changed=/home/data/.cargo/git/checkouts/deno-fe46c607122f9df9/eecea7f/ext/node/polyfills/perf_hooks.js
@coasys/rust-ad4m-executor:build: cargo:rerun-if-changed=/home/data/.cargo/git/checkouts/deno-fe46c607122f9df9/eecea7f/ext/node/polyfills/punycode.ts
@coasys/rust-ad4m-executor:build: cargo:rerun-if-changed=/home/data/.cargo/git/checkouts/deno-fe46c607122f9df9/eecea7f/ext/node/polyfills/querystring.js
@coasys/rust-ad4m-executor:build: cargo:rerun-if-changed=/home/data/.cargo/git/checkouts/deno-fe46c607122f9df9/eecea7f/ext/node/polyfills/trace_events.ts
@coasys/rust-ad4m-executor:build: cargo:rerun-if-changed=/home/data/.cargo/git/checkouts/deno-fe46c607122f9df9/eecea7f/ext/node/polyfills/vm.js
@coasys/rust-ad4m-executor:build: cargo:rerun-if-changed=/home/data/.cargo/git/checkouts/deno-fe46c607122f9df9/eecea7f/ext/node/polyfills/wasi.ts
@coasys/rust-ad4m-executor:build: cargo:rerun-if-changed=/home/data/.cargo/git/checkouts/deno-fe46c607122f9df9/eecea7f/ext/node/polyfills/sqlite.ts
@coasys/rust-ad4m-executor:build: cargo:rerun-if-changed=/home/data/.cargo/git/checkouts/deno-fe46c607122f9df9/eecea7f/ext/node/polyfills/os.ts
@coasys/rust-ad4m-executor:build: cargo:rerun-if-changed=/home/data/.cargo/git/checkouts/deno-fe46c607122f9df9/eecea7f/ext/node/polyfills/stream/consumers.js
@coasys/rust-ad4m-executor:build: cargo:rerun-if-changed=/home/data/.cargo/git/checkouts/deno-fe46c607122f9df9/eecea7f/ext/node/polyfills/stream/web.js
@coasys/rust-ad4m-executor:build: cargo:rerun-if-changed=/home/data/.cargo/git/checkouts/deno-fe46c607122f9df9/eecea7f/ext/node/polyfills/string_decoder.ts
@coasys/rust-ad4m-executor:build: cargo:rerun-if-changed=/home/data/.cargo/git/checkouts/deno-fe46c607122f9df9/eecea7f/ext/node/polyfills/testing.ts
@coasys/rust-ad4m-executor:build: cargo:rerun-if-changed=/home/data/.cargo/git/checkouts/deno-fe46c607122f9df9/eecea7f/ext/node/polyfills/test/reporters.ts
@coasys/rust-ad4m-executor:build: cargo:rerun-if-changed=/home/data/.cargo/git/checkouts/deno-fe46c607122f9df9/eecea7f/ext/node/polyfills/_fs/_fs_common.ts
@coasys/rust-ad4m-executor:build: cargo:rerun-if-changed=/home/data/.cargo/git/checkouts/deno-fe46c607122f9df9/eecea7f/ext/node/polyfills/_fs/_fs_cp.ts
@coasys/rust-ad4m-executor:build: cargo:rerun-if-changed=/home/data/.cargo/git/checkouts/deno-fe46c607122f9df9/eecea7f/ext/node/polyfills/_fs/_fs_fstat.ts
@coasys/rust-ad4m-executor:build: cargo:rerun-if-changed=/home/data/.cargo/git/checkouts/deno-fe46c607122f9df9/eecea7f/ext/node/polyfills/_fs/_fs_lstat.ts
@coasys/rust-ad4m-executor:build: cargo:rerun-if-changed=/home/data/.cargo/git/checkouts/deno-fe46c607122f9df9/eecea7f/ext/node/polyfills/_fs/cp/cp.ts
@coasys/rust-ad4m-executor:build: cargo:rerun-if-changed=/home/data/.cargo/git/checkouts/deno-fe46c607122f9df9/eecea7f/ext/node/polyfills/_fs/cp/cp_sync.ts
@coasys/rust-ad4m-executor:build: cargo:rerun-if-changed=/home/data/.cargo/git/checkouts/deno-fe46c607122f9df9/eecea7f/ext/node/polyfills/path/_posix.ts
@coasys/rust-ad4m-executor:build: cargo:rerun-if-changed=/home/data/.cargo/git/checkouts/deno-fe46c607122f9df9/eecea7f/ext/node/polyfills/path/_win32.ts
@coasys/rust-ad4m-executor:build: cargo:rerun-if-changed=/home/data/.cargo/git/checkouts/deno-fe46c607122f9df9/eecea7f/ext/node/polyfills/path/mod.ts
@coasys/rust-ad4m-executor:build: cargo:rerun-if-changed=/home/data/.cargo/git/checkouts/deno-fe46c607122f9df9/eecea7f/ext/bundle/bundle.ts
@coasys/rust-ad4m-executor:build: cargo:rerun-if-changed=/home/data/.cargo/git/checkouts/deno-fe46c607122f9df9/eecea7f/runtime/js/01_errors.js
@coasys/rust-ad4m-executor:build: cargo:rerun-if-changed=/home/data/.cargo/git/checkouts/deno-fe46c607122f9df9/eecea7f/runtime/js/01_version.ts
@coasys/rust-ad4m-executor:build: cargo:rerun-if-changed=/home/data/.cargo/git/checkouts/deno-fe46c607122f9df9/eecea7f/runtime/js/06_util.js
@coasys/rust-ad4m-executor:build: cargo:rerun-if-changed=/home/data/.cargo/git/checkouts/deno-fe46c607122f9df9/eecea7f/runtime/js/10_permissions.js
@coasys/rust-ad4m-executor:build: cargo:rerun-if-changed=/home/data/.cargo/git/checkouts/deno-fe46c607122f9df9/eecea7f/runtime/js/11_workers.js
@coasys/rust-ad4m-executor:build: cargo:rerun-if-changed=/home/data/.cargo/git/checkouts/deno-fe46c607122f9df9/eecea7f/runtime/js/40_fs_events.js
@coasys/rust-ad4m-executor:build: cargo:rerun-if-changed=/home/data/.cargo/git/checkouts/deno-fe46c607122f9df9/eecea7f/runtime/js/40_tty.js
@coasys/rust-ad4m-executor:build: cargo:rerun-if-changed=/home/data/.cargo/git/checkouts/deno-fe46c607122f9df9/eecea7f/runtime/js/41_prompt.js
@coasys/rust-ad4m-executor:build: cargo:rerun-if-changed=/home/data/.cargo/git/checkouts/deno-fe46c607122f9df9/eecea7f/runtime/js/90_deno_ns.js
@coasys/rust-ad4m-executor:build: cargo:rerun-if-changed=/home/data/.cargo/git/checkouts/deno-fe46c607122f9df9/eecea7f/runtime/js/97_navigator_user_agent_data.js
@coasys/rust-ad4m-executor:build: cargo:rerun-if-changed=/home/data/.cargo/git/checkouts/deno-fe46c607122f9df9/eecea7f/runtime/js/98_global_scope_shared.js
@coasys/rust-ad4m-executor:build: cargo:rerun-if-changed=/home/data/.cargo/git/checkouts/deno-fe46c607122f9df9/eecea7f/runtime/js/98_global_scope_window.js
@coasys/rust-ad4m-executor:build: cargo:rerun-if-changed=/home/data/.cargo/git/checkouts/deno-fe46c607122f9df9/eecea7f/runtime/js/98_global_scope_worker.js
@coasys/rust-ad4m-executor:build: cargo:rerun-if-changed=/home/data/.cargo/git/checkouts/deno-fe46c607122f9df9/eecea7f/runtime/js/99_main.js
@coasys/rust-ad4m-executor:build: cargo:rerun-if-changed=/tmp/wt-932/rust-executor/src/js_core/wallet_extension.js
@coasys/rust-ad4m-executor:build: cargo:rerun-if-changed=/tmp/wt-932/rust-executor/src/js_core/utils_extension.js
@coasys/rust-ad4m-executor:build: cargo:rerun-if-changed=/tmp/wt-932/rust-executor/src/js_core/pubsub_extension.js
@coasys/rust-ad4m-executor:build: cargo:rerun-if-changed=/tmp/wt-932/rust-executor/src/holochain_service/holochain_service_extension.js
@coasys/rust-ad4m-executor:build: cargo:rerun-if-changed=/tmp/wt-932/rust-executor/src/js_core/signature_extension.js
@coasys/rust-ad4m-executor:build: cargo:rerun-if-changed=/tmp/wt-932/rust-executor/src/js_core/agent_extension.js
@coasys/rust-ad4m-executor:build: cargo:rerun-if-changed=/tmp/wt-932/rust-executor/src/entanglement_service/entanglement_service_extension.js
@coasys/rust-ad4m-executor:build: cargo:rerun-if-changed=/tmp/wt-932/rust-executor/src/runtime_service/runtime_service_extension.js
@coasys/rust-ad4m-executor:build: cargo:rerun-if-changed=/tmp/wt-932/rust-executor/src/js_core/languages_extension.js
@coasys/rust-ad4m-executor:build: Snapshot generated successfully!
@coasys/rust-ad4m-executor:build: Residual lazy sources: 104 ESM, 231 JS (out of 368 declared)
@coasys/rust-ad4m-executor:build: 
@coasys/rust-ad4m-executor:build: > @coasys/rust-ad4m-executor@0.13.0-test-interpretation-2 build-lib /tmp/wt-932/rust-executor
@coasys/rust-ad4m-executor:build: > cargo build --release
@coasys/rust-ad4m-executor:build: 
@coasys/rust-ad4m-executor:build: warning: patch for the non root package will be ignored, specify patch at the workspace root:
@coasys/rust-ad4m-executor:build: package:   /tmp/wt-932/rust-executor/Cargo.toml
@coasys/rust-ad4m-executor:build: workspace: /tmp/wt-932/Cargo.toml
@coasys/rust-ad4m-executor:build: warning: ad4m-executor@0.13.0-test-interpretation-2: Downloading alliance DNA v0.61.0 from GitHub...
@coasys/rust-ad4m-executor:build: warning: ad4m-executor@0.13.0-test-interpretation-2: Downloaded alliance DNA v0.61.0 (4801296 bytes)
@coasys/rust-ad4m-executor:build:    Compiling ad4m-executor v0.13.0-test-interpretation-2 (/tmp/wt-932/rust-executor)
@coasys/rust-ad4m-executor:build:     Finished `release` profile [optimized] target(s) in 1m 22s
@coasys/rust-ad4m-executor:build: warning: the following packages contain code that will be rejected by a future version of Rust: xml5ever v0.16.2
@coasys/rust-ad4m-executor:build: note: to see what the problems were, use the option `--future-incompat-report`, or run `cargo report future-incompatibilities --id 1`
@coasys/ad4m-cli:build: cache bypass, force executing cd87e97a473d3a6e
@coasys/ad4m-cli:build: 
@coasys/ad4m-cli:build: > @coasys/ad4m-cli@0.3.4 build /tmp/wt-932/cli
@coasys/ad4m-cli:build: > cargo build --release
@coasys/ad4m-cli:build: 
@coasys/ad4m-cli:build: warning: patch for the non root package will be ignored, specify patch at the workspace root:
@coasys/ad4m-cli:build: package:   /tmp/wt-932/rust-executor/Cargo.toml
@coasys/ad4m-cli:build: workspace: /tmp/wt-932/Cargo.toml
@coasys/ad4m-cli:build:    Compiling mio v0.8.11
@coasys/ad4m-cli:build:    Compiling rustix v0.38.44
@coasys/ad4m-cli:build:    Compiling tikv-jemalloc-sys v0.6.1+5.3.0-1-ge13ca993e8ccb9ba9847cc330696e02839f328f7
@coasys/ad4m-cli:build:    Compiling linked-hash-map v0.5.6
@coasys/ad4m-cli:build:    Compiling strum v0.26.3
@coasys/ad4m-cli:build:    Compiling unicode-truncate v1.1.0
@coasys/ad4m-cli:build: warning: ad4m-executor@0.13.0-test-interpretation-2: Downloading alliance DNA v0.61.0 from GitHub...
@coasys/ad4m-cli:build: warning: ad4m-executor@0.13.0-test-interpretation-2: Downloaded alliance DNA v0.61.0 (4801296 bytes)
@coasys/ad4m-cli:build:    Compiling plist v1.10.0
@coasys/ad4m-cli:build:    Compiling nix v0.25.1
@coasys/ad4m-cli:build:    Compiling itertools v0.12.1
@coasys/ad4m-cli:build:    Compiling stability v0.2.1
@coasys/ad4m-cli:build:    Compiling dirs-sys v0.3.7
@coasys/ad4m-cli:build:    Compiling cassowary v0.3.0
@coasys/ad4m-cli:build:    Compiling ad4m v0.13.0-test-interpretation-2 (/tmp/wt-932/cli)
@coasys/ad4m-cli:build:    Compiling half v1.8.3
@coasys/ad4m-cli:build:    Compiling signal-hook-mio v0.2.5
@coasys/ad4m-cli:build:    Compiling yaml-rust v0.4.5
@coasys/ad4m-cli:build:    Compiling dirs v4.0.0
@coasys/ad4m-cli:build:    Compiling crossterm v0.27.0
@coasys/ad4m-cli:build:    Compiling crossterm v0.26.1
@coasys/ad4m-cli:build:    Compiling serde_cbor v0.11.2
@coasys/ad4m-cli:build:    Compiling syntect v5.3.0
@coasys/ad4m-cli:build:    Compiling colour v0.7.0
@coasys/ad4m-cli:build:    Compiling ratatui v0.26.3
@coasys/ad4m-cli:build:    Compiling crossterm v0.28.1
@coasys/ad4m-cli:build:    Compiling fd-lock v3.0.13
@coasys/ad4m-cli:build:    Compiling rustyline v10.1.1
@coasys/ad4m-cli:build:    Compiling scryer-prolog v0.10.0 (https://github.com/coasys/scryer-prolog?branch=ad4m#19d6fd7d)
@coasys/ad4m-cli:build:    Compiling tikv-jemalloc-ctl v0.6.1
@coasys/ad4m-cli:build:    Compiling tikv-jemallocator v0.6.1
@coasys/ad4m-cli:build:    Compiling ad4m-executor v0.13.0-test-interpretation-2 (/tmp/wt-932/rust-executor)
@coasys/ad4m-cli:build:     Finished `release` profile [optimized] target(s) in 2m 22s
@coasys/ad4m-cli:build: warning: the following packages contain code that will be rejected by a future version of Rust: xml5ever v0.16.2
@coasys/ad4m-cli:build: note: to see what the problems were, use the option `--future-incompat-report`, or run `cargo report future-incompatibilities --id 1`

 Tasks:    6 successful, 6 total
Cached:    1 cached, 6 total
  Time:    5m24.136s 

=== fmt check ===
FMT_OK
=== flow tests ===
warning: patch for the non root package will be ignored, specify patch at the workspace root:
package:   /tmp/wt-932/rust-executor/Cargo.toml
workspace: /tmp/wt-932/Cargo.toml
warning: ad4m-executor@0.13.0-test-interpretation-2: Downloading alliance DNA v0.61.0 from GitHub...
warning: ad4m-executor@0.13.0-test-interpretation-2: Downloaded alliance DNA v0.61.0 (4801296 bytes)
   Compiling ad4m-executor v0.13.0-test-interpretation-2 (/tmp/wt-932/rust-executor)
warning: unused import: `super::*`
 --> rust-executor/src/perspectives/flow_evaluator/unit_tests.rs:9:5
  |
9 | use super::*;
  |     ^^^^^^^^
  |
  = note: `#[warn(unused_imports)]` (part of `#[warn(unused)]`) on by default

warning: `ad4m-executor` (lib test) generated 1 warning (run `cargo fix --lib -p ad4m-executor --tests` to apply 1 suggestion)
    Finished `release` profile [optimized] target(s) in 1m 40s
warning: the following packages contain code that will be rejected by a future version of Rust: xml5ever v0.16.2
note: to see what the problems were, use the option `--future-incompat-report`, or run `cargo report future-incompatibilities --id 1`
     Running unittests src/lib.rs (/tmp/wt-932/target/release/deps/rust_executor-b76bd974dc5bcc00)

running 142 tests
test perspectives::auto_processor::watcher::tests::drain_caps_at_batch_max_leaving_overflow ... ok
test perspectives::flow_classes::tests::evidence_property_is_a_collection_with_add_link_setter ... ok
test perspectives::flow_classes::tests::flow_instance_sdna_shape ... ok
test perspectives::flow_classes::tests::flow_instance_uri_scheme ... ok
test perspectives::flow_classes::tests::flow_transition_proposal_sdna_shape ... ok
test perspectives::flow_classes::tests::flow_transition_proposal_uri_scheme ... ok
test perspectives::flow_classes::tests::identity_flag_on_discriminator_property ... ok
test perspectives::flow_classes::tests::mint_flow_instance_values_align_with_sdna_property_names ... ok
test perspectives::flow_classes::tests::write_flow_transition_proposal_values_align_with_sdna_property_names ... ok
test perspectives::flow_context::e2e_tests::gather_active_flow_contexts_wires_definition_and_instance_e2e ... ok
test perspectives::flow_context::loader::tests::build_flow_contexts_pairs_records_with_flows ... ok
test perspectives::flow_context::loader::tests::build_flow_contexts_preserves_record_order ... ok
test perspectives::flow_context::loader::tests::build_flow_contexts_skips_records_with_unknown_flow ... ok
test perspectives::flow_context::loader::tests::parse_flow_instance_extra_fields_ignored ... ok
test perspectives::flow_context::loader::tests::parse_flow_instance_happy_path ... ok
test perspectives::flow_context::loader::tests::parse_flow_instance_missing_created_at_still_parses ... ok
test perspectives::flow_context::loader::tests::parse_flow_instance_missing_required_returns_none ... ok
test perspectives::flow_context::loader::tests::parse_flow_instance_non_string_required_returns_none ... ok
test perspectives::flow_context::loader::tests::parse_flows_from_bag_child_uri_collision_across_flows_stays_isolated ... ok
test perspectives::flow_context::loader::tests::parse_flows_from_bag_discovers_multiple_flows_side_by_side ... ok
test perspectives::flow_context::loader::tests::parse_flows_from_bag_discovers_single_flow_via_writer_output ... ok
test perspectives::flow_context::loader::tests::parse_flows_from_bag_empty_returns_empty ... ok
test perspectives::flow_context::loader::tests::parse_flows_from_bag_ignores_type_link_with_empty_source ... ok
test perspectives::flow_context::loader::tests::parse_flows_from_bag_ignores_unrelated_noise_links ... ok
test perspectives::flow_context::loader::tests::parse_flows_from_bag_key_is_flow_uri_not_name ... ok
test perspectives::flow_context::loader::tests::parse_flows_from_bag_no_flow_type_links_returns_empty ... ok
test perspectives::flow_context::loader::tests::parse_flows_from_bag_skips_flow_uri_without_flow_suffix ... ok
test perspectives::flow_context::loader::tests::scope_subject_extracts_id_from_both_variants ... ok
test perspectives::flow_context::real_llm_e2e::model_c_real_llm_extraction_with_active_flow_in_prompt ... ignored, llm-e2e
test perspectives::flow_context::render::tests::flow_tokens_empty_field_leaves_own_token_intact ... ok
test perspectives::flow_context::render::tests::flow_tokens_none_is_noop ... ok
test perspectives::flow_context::render::tests::flow_tokens_substitute_replaces_both_tokens ... ok
test perspectives::flow_context::render::tests::reachable_next_states_preserves_transition_order_and_dedups ... ok
test perspectives::flow_context::render::tests::reachable_next_states_returns_immediate_successors_only ... ok
test perspectives::flow_context::render::tests::reachable_next_states_skips_missing_target_state ... ok
test perspectives::flow_context::render::tests::reachable_next_states_terminal_state_returns_empty ... ok
test perspectives::flow_context::render::tests::render_consensus_rule_multi_signer_no_role ... ok
test perspectives::flow_context::render::tests::render_consensus_rule_solo_actor_pluralizes_correctly ... ok
test perspectives::flow_context::render::tests::render_consensus_rule_with_role ... ok
test perspectives::flow_context::render::tests::render_model_query_count_pluralizes_on_n_equals_one ... ok
test perspectives::flow_context::render::tests::render_model_query_count_variants ... ok
test perspectives::flow_context::render::tests::render_model_query_default_count_is_at_least_one ... ok
test perspectives::flow_context::render::tests::render_model_query_did_gate_appended ... ok
test perspectives::flow_context::render::tests::render_model_query_linked_to_base_variant ... ok
test perspectives::flow_context::render::tests::render_model_query_linked_to_flow_variant ... ok
test perspectives::flow_context::render::tests::render_model_query_linked_to_unknown_shape_is_silent ... ok
test perspectives::flow_context::render::tests::render_model_query_linked_to_via_object_base ... ok
test perspectives::flow_context::render::tests::render_model_query_linked_to_via_object_flow ... ok
test perspectives::flow_context::render::tests::render_model_query_or_recurses_and_composes ... ok
test perspectives::flow_context::render::tests::render_model_query_preserves_flow_tokens_in_equals_and_in_variants ... ok
test perspectives::flow_context::render::tests::render_model_query_preserves_flow_tokens_in_where_string_value ... ok
test perspectives::flow_context::render::tests::render_model_query_preserves_flow_tokens_recursively_through_or ... ok
test perspectives::flow_context::render::tests::render_model_query_where_scalars_and_object_forms ... ok
test perspectives::flow_context::render::tests::render_requires_empty_slice_is_empty_string ... ok
test perspectives::flow_context::render::tests::render_requires_joins_with_and ... ok
test perspectives::flow_context::render::tests::render_requires_none_is_empty_string ... ok
test perspectives::flow_context::render::tests::summarize_flow_instance_end_to_end_wiring ... ok
test perspectives::flow_context::render::tests::summarize_flow_instance_preserves_tokens_in_reachable_states_requires ... ok
test perspectives::flow_context::render::tests::summarize_next_state_carries_state_hints_and_renders_requires ... ok
test perspectives::flow_evaluator::e2e_tests::evaluate_flow_transitions_wires_definition_and_evidence_e2e ... ok
test perspectives::flow_evaluator::e2e_tests::llm_hint_matches_transition_writes_rationale_e2e ... ok
test perspectives::flow_evaluator::e2e_tests::llm_hint_with_no_reason_writes_no_rationale_e2e ... ok
test perspectives::flow_evaluator::e2e_tests::llm_hint_without_matching_transition_is_discarded_e2e ... ok
test perspectives::flow_evaluator::e2e_tests::run_engine_proposal_pass_lands_a_proposal_e2e ... ok
test perspectives::flow_evaluator::e2e_tests::semantic_check_absent_hint_autopasses_no_llm_call_e2e ... ok
test perspectives::flow_evaluator::e2e_tests::semantic_check_fail_discards_transition_e2e ... ok
test perspectives::flow_evaluator::e2e_tests::semantic_check_llm_error_discards_transition_e2e ... ok
test perspectives::flow_evaluator::e2e_tests::semantic_check_pass_fires_proposal_e2e ... ok
test perspectives::flow_evaluator::e2e_tests::write_engine_proposal_lands_all_declared_predicates_e2e ... ok
test perspectives::flow_evaluator::unit_tests::build_query_bare_class_produces_empty_input ... ok
test perspectives::flow_evaluator::unit_tests::build_query_did_property_combines_with_where ... ok
test perspectives::flow_evaluator::unit_tests::build_query_did_property_expression_substitutes_in_place ... ok
test perspectives::flow_evaluator::unit_tests::build_query_did_property_substitutes_acting_did ... ok
test perspectives::flow_evaluator::unit_tests::build_query_or_composes_to_subclauses ... ok
test perspectives::flow_evaluator::unit_tests::build_query_or_composes_with_top_level_where ... ok
test perspectives::flow_evaluator::unit_tests::build_query_or_empty_omitted ... ok
test perspectives::flow_evaluator::unit_tests::build_query_recursive_or_nests_subclauses ... ok
test perspectives::flow_evaluator::unit_tests::build_query_where_scalar_shorthands ... ok
test perspectives::flow_evaluator::unit_tests::build_query_where_typed_operators ... ok
test perspectives::flow_evaluator::unit_tests::cardinality_both_unset_object_accepts_zero ... ok
test perspectives::flow_evaluator::unit_tests::cardinality_max_only ... ok
test perspectives::flow_evaluator::unit_tests::cardinality_max_zero_negative_guard ... ok
test perspectives::flow_evaluator::unit_tests::cardinality_min_only ... ok
test perspectives::flow_evaluator::unit_tests::cardinality_range ... ok
test perspectives::flow_evaluator::unit_tests::cardinality_unset_requires_one_match ... ok
test perspectives::flow_evaluator::unit_tests::evidence_hash_differs_on_class_change ... ok
test perspectives::flow_evaluator::unit_tests::evidence_hash_differs_on_id_diff ... ok
test perspectives::flow_evaluator::unit_tests::evidence_hash_hex_length ... ok
test perspectives::flow_evaluator::unit_tests::evidence_hash_stable_across_id_permutations ... ok
test perspectives::flow_evaluator::unit_tests::flow_transitions_emits_one_satisfied_per_reachable_state ... ok
test perspectives::flow_evaluator::unit_tests::flow_transitions_falls_back_to_flow_consensus_when_state_unset ... ok
test perspectives::flow_evaluator::unit_tests::flow_transitions_skips_records_with_unknown_flow_name ... ok
test perspectives::flow_evaluator::unit_tests::flow_transitions_skips_state_when_requires_unsatisfied ... ok
test perspectives::flow_evaluator::unit_tests::flow_transitions_skips_states_without_requires ... ok
test perspectives::flow_evaluator::unit_tests::flow_transitions_swallows_query_error_at_debug_and_continues ... ok
test perspectives::flow_evaluator::unit_tests::flow_transitions_uses_state_consensus_over_flow_default ... ok
test perspectives::flow_evaluator::unit_tests::single_query_bubbles_perspective_error ... ok
test perspectives::flow_evaluator::unit_tests::single_query_errors_on_missing_instances_key ... ok
test perspectives::flow_evaluator::unit_tests::single_query_folds_cardinality_min_and_max ... ok
test perspectives::flow_evaluator::unit_tests::single_query_satisfied_with_unset_count_at_one_match ... ok
test perspectives::flow_evaluator::unit_tests::single_query_serializes_translated_input ... ok
test perspectives::flow_evaluator::unit_tests::single_query_unsatisfied_when_zero_matches_and_unset_count ... ok
test perspectives::flow_evaluator::unit_tests::state_requires_and_short_circuits_on_first_unsat ... ok
test perspectives::flow_evaluator::unit_tests::state_requires_bubbles_query_error ... ok
test perspectives::flow_evaluator::unit_tests::state_requires_empty_returns_some_empty_evidence ... ok
test perspectives::flow_evaluator::unit_tests::state_requires_unions_evidence_and_dedups_across_queries ... ok
test perspectives::flow_semantic_check::tests::build_handles_empty_evidence ... ok
test perspectives::flow_semantic_check::tests::build_handles_missing_flow_hint ... ok
test perspectives::flow_semantic_check::tests::build_includes_flow_hint_transition_and_evidence ... ok
test perspectives::flow_semantic_check::tests::build_returns_none_when_no_hint ... ok
test perspectives::flow_semantic_check::tests::parse_ambiguous_for_off_vocabulary ... ok
test perspectives::flow_semantic_check::tests::parse_no_variants ... ok
test perspectives::flow_semantic_check::tests::parse_strips_language_tagged_code_fence ... ok
test perspectives::flow_semantic_check::tests::parse_strips_leading_and_trailing_whitespace ... ok
test perspectives::flow_semantic_check::tests::parse_strips_plain_code_fence ... ok
test perspectives::flow_semantic_check::tests::parse_strips_punctuation_from_first_token ... ok
test perspectives::flow_semantic_check::tests::parse_uses_first_non_empty_line ... ok
test perspectives::flow_semantic_check::tests::parse_yes_variants ... ok
test perspectives::flow_semantic_check::tests::run_auto_passes_when_no_hint_and_never_calls_llm ... ok
test perspectives::flow_semantic_check::tests::run_does_not_call_llm_when_hint_missing_even_if_llm_would_error ... ok
test perspectives::flow_semantic_check::tests::run_passes_built_prompt_and_model_id_through_to_llm ... ok
test perspectives::flow_semantic_check::tests::run_propagates_llm_error ... ok
test perspectives::flow_semantic_check::tests::run_returns_ambiguous_on_off_vocab_response ... ok
test perspectives::flow_semantic_check::tests::run_returns_fail_on_no_response ... ok
test perspectives::flow_semantic_check::tests::run_returns_pass_on_yes_response ... ok
test perspectives::flow_semantic_check::tests::should_fire_only_on_pass ... ok
test perspectives::interpretation::parse::tests::parse_output_wrapping_object_omitting_flow_proposals_defaults_empty ... ok
test perspectives::interpretation::parse::tests::parse_output_wrapping_object_rejects_malformed_flow_proposal ... ok
test perspectives::interpretation::prompt::tests::active_flows_absent_when_empty_and_prompt_shape_matches_pre_slice_10_2 ... ok
test perspectives::interpretation::prompt::tests::active_flows_omits_optional_fields_when_unset ... ok
test perspectives::interpretation::prompt::tests::active_flows_renders_full_shape_when_non_empty ... ok
test perspectives::interpretation::prompt::tests::system_prompt_documents_active_flows_section ... ok
test perspectives::interpretation::prompt::tests::system_prompt_documents_flow_proposals_output_shape ... ok
test perspectives::shacl_parser::tests::parse_flow_from_links_reads_all_predicates_from_hand_built_links ... ok
test perspectives::shacl_parser::tests::parse_flow_from_links_rejects_malformed_requires ... ok
test perspectives::shacl_parser::tests::parse_flow_from_links_rejects_non_flow_uri ... ok
test perspectives::shacl_parser::tests::parse_flow_from_links_roundtrips_full_flow ... ok
test perspectives::shacl_parser::tests::parse_flow_from_links_roundtrips_minimal_flow ... ok
test perspectives::shacl_parser::tests::parse_flow_from_links_treats_absent_input_types_as_empty ... ok
test perspectives::shacl_parser::tests::test_parse_flow_basic ... ok
test perspectives::shacl_parser::tests::test_parse_flow_full_field_set_deserialises ... ok
test perspectives::shacl_parser::tests::test_parse_flow_omitting_optional_fields_still_works ... ok

test result: ok. 141 passed; 0 failed; 1 ignored; 0 measured; 1210 filtered out; finished in 0.67s

     Running unittests src/bin/generate_snapshot.rs (/tmp/wt-932/target/release/deps/generate_snapshot-a7924881aa0e6c91)

running 0 tests

test result: ok. 0 passed; 0 failed; 0 ignored; 0 measured; 0 filtered out; finished in 0.00s

=== interpretation tests ===
warning: patch for the non root package will be ignored, specify patch at the workspace root:
package:   /tmp/wt-932/rust-executor/Cargo.toml
workspace: /tmp/wt-932/Cargo.toml
warning: ad4m-executor@0.13.0-test-interpretation-2: Downloading alliance DNA v0.61.0 from GitHub...
warning: ad4m-executor@0.13.0-test-interpretation-2: Downloaded alliance DNA v0.61.0 (4801296 bytes)
warning: unused import: `super::*`
 --> rust-executor/src/perspectives/flow_evaluator/unit_tests.rs:9:5
  |
9 | use super::*;
  |     ^^^^^^^^
  |
  = note: `#[warn(unused_imports)]` (part of `#[warn(unused)]`) on by default

warning: `ad4m-executor` (lib test) generated 1 warning (run `cargo fix --lib -p ad4m-executor --tests` to apply 1 suggestion)
    Finished `release` profile [optimized] target(s) in 1.34s
warning: the following packages contain code that will be rejected by a future version of Rust: xml5ever v0.16.2
note: to see what the problems were, use the option `--future-incompat-report`, or run `cargo report future-incompatibilities --id 1`
     Running unittests src/lib.rs (/tmp/wt-932/target/release/deps/rust_executor-b76bd974dc5bcc00)

running 127 tests
test ai_service::harness::propose::tests::propose_link_child_schema_carries_relation_interpretation_hint ... ok
test api::types::export_bindings_runinterpretationrequest ... ok
test api::types::export_bindings_runinterpretationwithharnessrequest ... ok
test perspectives::auto_processor::config::tests::interpretation_classes_dedup_on_load ... ok
test perspectives::auto_processor::config::tests::interpretation_classes_multiple_roundtrip_sorted ... ok
test perspectives::auto_processor::config::tests::write_rejects_empty_interpretation_classes ... ok
test perspectives::interpretation::dedup::tests::cosine_similarity_orthogonal_and_parallel ... ok
test perspectives::interpretation::dedup::tests::dispatcher_normalized_string_matches_direct_call ... ok
test perspectives::interpretation::dedup::tests::filter_already_present_dedupes_within_same_response ... ok
test perspectives::interpretation::dedup::tests::filter_already_present_dedups_hallucinated_id_but_keeps_trusted ... ok
test perspectives::interpretation::dedup::tests::filter_already_present_drops_known_titles ... ok
test perspectives::interpretation::dedup::tests::filter_already_present_keeps_upserts_and_preserves_order ... ok
test perspectives::interpretation::dedup::tests::resolve_already_present_flags_intra_response_dup_as_dup_of_earlier ... ok
test perspectives::interpretation::dedup::tests::resolve_already_present_tags_existing_dups_at_their_base ... ok
test perspectives::interpretation::dedup::tests::semantic_dedup_pure_drops_near_duplicate_keeps_distinct ... ok
test perspectives::interpretation::dedup::tests::semantic_dedup_pure_preserves_order_and_upsert ... ok
test perspectives::interpretation::dedup::tests::semantic_dup_earlier_flags_intra_response_dup_as_dup_of_earlier ... ok
test perspectives::interpretation::dedup::tests::semantic_dup_earlier_matches_string_path_precedence ... ok
test perspectives::interpretation::graph::read::tests::existing_instance_context_populates_secondary_scalars ... ok
test perspectives::interpretation::graph::read::tests::existing_instance_context_reads_id_and_identity ... ok
test perspectives::interpretation::graph::read::tests::existing_instance_context_scope_constrains_to_subtree ... ok
test perspectives::interpretation::graph::read::tests::gather_transcript_reads_expression_envelope_body ... ok
test perspectives::interpretation::graph::read::tests::gather_transcript_sparql_reads_expression_envelope_body ... ok
test perspectives::interpretation::graph::read::tests::transcript_body_reads_an_expression_envelope ... ok
test perspectives::interpretation::graph::tests::class_label_disambiguates_cross_namespace_collision_with_full_uri ... ok
test perspectives::interpretation::graph::tests::class_label_uses_bare_local_name_when_unique ... ok
test perspectives::interpretation::graph::write::tests::apply_ops_addlinks_are_additive ... ok
test perspectives::interpretation::graph::write::tests::apply_ops_upsert_replaces_scalar_without_touching_type_flag ... ok
test perspectives::interpretation::graph::write::tests::normalize_refs_keeps_valid_refs_and_skips_non_strings ... ok
test perspectives::interpretation::graph::write::tests::plan_ops_creates_without_id_and_updates_with_id ... ok
test perspectives::interpretation::graph::write::tests::plan_ops_cross_class_id_routes_to_create_not_foreign_node ... ok
test perspectives::interpretation::graph::write::tests::plan_ops_drops_unknown_class ... ok
test perspectives::interpretation::graph::write::tests::plan_ops_empty_input_yields_no_ops ... ok
test perspectives::interpretation::graph::write::tests::plan_ops_hallucinated_id_routes_to_create ... ok
test perspectives::interpretation::graph::write::tests::plan_ops_hasmany_relation_idempotent_across_passes ... ok
test perspectives::interpretation::graph::write::tests::plan_ops_hasone_relation_idempotent_across_passes ... ok
test perspectives::interpretation::graph::write::tests::plan_resolved_indexes_dup_slot_so_ordinal_resolves_to_existing_base ... ok
test perspectives::interpretation::graph::write::tests::relation_properties_are_excluded_from_interpretation ... ok
test perspectives::interpretation::graph::write::tests::relations_drop_unresolved_ref ... ok
test perspectives::interpretation::graph::write::tests::relations_from_update_target_emit_addlinks ... ok
test perspectives::interpretation::graph::write::tests::relations_hasone_takes_first_of_array ... ok
test perspectives::interpretation::graph::write::tests::relations_write_link_to_existing_id ... ok
test perspectives::interpretation::graph::write::tests::relations_write_link_to_new_sibling ... ok
test perspectives::interpretation::overlay::accept::tests::accept_deletes_overlay_keeps_real_value ... ok
test perspectives::interpretation::overlay::accept::tests::reject_create_deletes_whole_instance ... ok
test perspectives::interpretation::overlay::accept::tests::reject_create_normalises_literal_kind_and_sweeps_inbound_links ... ok
test perspectives::interpretation::overlay::accept::tests::reject_update_keeps_real_drops_overlay ... ok
test perspectives::interpretation::overlay::tests::create_yields_real_instance_and_overlay_snapshot ... ok
test perspectives::interpretation::overlay::tests::from_task_prompt_version_tracks_prompt_changes ... ok
test perspectives::interpretation::overlay::tests::human_edited_value_is_protected_overlay_only_gets_suggestion ... ok
test perspectives::interpretation::overlay::tests::non_llm_instance_is_never_overwritten_only_gets_overlay_suggestion ... ok
test perspectives::interpretation::overlay::tests::single_overlay_per_base_updated_in_place_across_passes ... ok
test perspectives::interpretation::parse::tests::empty_array_yields_no_instances ... ok
test perspectives::interpretation::parse::tests::extracts_array_from_surrounding_prose ... ok
test perspectives::interpretation::parse::tests::extracts_single_object_when_no_array ... ok
test perspectives::interpretation::parse::tests::garbage_is_an_error_not_a_panic ... ok
test perspectives::interpretation::parse::tests::parse_error_does_not_leak_llm_payload ... ok
test perspectives::interpretation::parse::tests::parse_output_legacy_bare_array_yields_instances_only ... ok
test perspectives::interpretation::parse::tests::parse_output_rejects_lone_misplaced_instance_object ... ok
test perspectives::interpretation::parse::tests::parse_output_strips_reasoning_wrappers_around_object ... ok
test perspectives::interpretation::parse::tests::parse_output_wrapping_object_omitting_flow_proposals_defaults_empty ... ok
test perspectives::interpretation::parse::tests::parse_output_wrapping_object_omitting_instances_defaults_empty ... ok
test perspectives::interpretation::parse::tests::parse_output_wrapping_object_rejects_malformed_flow_proposal ... ok
test perspectives::interpretation::parse::tests::parse_output_wrapping_object_tolerates_extra_top_level_keys ... ok
test perspectives::interpretation::parse::tests::parse_output_wrapping_object_with_both_keys ... ok
test perspectives::interpretation::parse::tests::parses_clean_json_array ... ok
test perspectives::interpretation::parse::tests::retry_interpretation_output_parse_fails_after_max_attempts ... ok
test perspectives::interpretation::parse::tests::retry_interpretation_output_parse_recovers_after_bad_parse ... ok
test perspectives::interpretation::parse::tests::retry_interpretation_output_parse_succeeds_on_first_attempt ... ok
test perspectives::interpretation::parse::tests::strips_code_fences ... ok
test perspectives::interpretation::parse::tests::strips_think_block ... ok
test perspectives::interpretation::parse::tests::tolerates_trailing_commas ... ok
test perspectives::interpretation::parse::tests::trailing_comma_cleanup_preserves_commas_inside_strings ... ok
test perspectives::interpretation::parse::tests::trailing_commas_stripped_despite_odd_quotes_in_prose ... ok
test perspectives::interpretation::prompt::tests::active_flows_absent_when_empty_and_prompt_shape_matches_pre_slice_10_2 ... ok
test perspectives::interpretation::prompt::tests::active_flows_omits_optional_fields_when_unset ... ok
test perspectives::interpretation::prompt::tests::active_flows_renders_full_shape_when_non_empty ... ok
test perspectives::interpretation::prompt::tests::existing_context_renders_id_title_class_in_prompt ... ok
test perspectives::interpretation::prompt::tests::existing_context_with_properties_renders_them_into_prompt ... ok
test perspectives::interpretation::prompt::tests::interpretation_hint_lands_in_prompt ... ok
test perspectives::interpretation::prompt::tests::relations_few_shot_example_is_present_and_upsert_is_last ... ok
test perspectives::interpretation::prompt::tests::system_prompt_documents_active_flows_section ... ok
test perspectives::interpretation::prompt::tests::system_prompt_documents_flow_proposals_output_shape ... ok
test perspectives::interpretation::prompt::tests::system_prompt_documents_relation_ref_syntax ... ok
test perspectives::interpretation::prompt::tests::transcript_timestamp_lands_in_prompt_when_set ... ok
test perspectives::interpretation::run::tests::dedup_ops_collapses_matching_creates_to_updates_keeps_new ... ok
test perspectives::interpretation::run::tests::dedup_ops_drops_all_duplicate_add_links ... ok
test perspectives::interpretation::run::tests::dedup_ops_filters_existing_add_links_keeps_novel ... ok
test perspectives::interpretation::run::tests::dedup_ops_intra_batch_drops_duplicate_creates ... ok
test perspectives::interpretation::run::tests::dedup_ops_passes_updates_through_unchanged ... ok
test perspectives::interpretation::run::tests::ensure_for_model_creates_isolated_row_per_model_and_is_idempotent ... ok
test perspectives::interpretation::run::tests::ensure_interpretation_task_registers_and_is_idempotent ... ok
test perspectives::interpretation::run::tests::gather_transcript_sparql_rejects_missing_timestamp ... ok
test perspectives::interpretation::run::tests::gather_transcript_sparql_returns_speaker_text_and_timestamp ... ok
test perspectives::interpretation::run::tests::gather_transcript_sparql_scopes_to_predicate ... ok
test perspectives::interpretation::run::tests::strip_noop_updates_drops_same_value_upsert_keeps_real_change ... ok
test perspectives::interpretation::run::tests::task_name_default_vs_per_model_variants ... ok
test perspectives::interpretation_e2e::auto_processor_election_only_online_participants_process ... ignored, llm-e2e
test perspectives::interpretation_e2e::auto_processor_high_level_signal_driven_pass ... ignored, llm-e2e
test perspectives::interpretation_e2e::auto_processor_pass_lands_interpretation_instance ... ignored, llm-e2e
test perspectives::interpretation_e2e::auto_processor_two_configs_no_cross_contamination ... ignored, llm-e2e
test perspectives::interpretation_e2e::auto_processor_two_users_one_executor_no_double_processing ... FAILED
test perspectives::interpretation_e2e::create_subject_roundtrips_soa_instance ... ok
test perspectives::interpretation_e2e::e2e_does_not_recreate_existing_task ... ignored, llm-e2e
test perspectives::interpretation_e2e::e2e_flux_grouping_creates_new_subgroup_on_topic_shift ... ignored, llm-e2e
test perspectives::interpretation_e2e::e2e_flux_grouping_scoped_incremental_lifecycle ... ignored, llm-e2e
test perspectives::interpretation_e2e::e2e_flux_grouping_updates_seeded_subgroup_on_topic_continuation ... ignored, llm-e2e
test perspectives::interpretation_e2e::e2e_intention_and_belief ... ignored, llm-e2e
test perspectives::interpretation_e2e::e2e_interprets_topic_relation_from_transcript ... ignored, llm-e2e
test perspectives::interpretation_e2e::e2e_longer_standup_conversation ... ignored, llm-e2e
test perspectives::interpretation_e2e::e2e_mixed_epistemic_modalities ... ignored, llm-e2e
test perspectives::interpretation_e2e::e2e_run_interpretation_honours_parent_scope ... ignored, llm-e2e
test perspectives::interpretation_e2e::e2e_selector_over_prepopulated_graph ... ignored, llm-e2e
test perspectives::interpretation_e2e::e2e_semantic_dedup_drops_reworded_duplicate ... ignored, llm-e2e
test perspectives::interpretation_e2e::e2e_semantic_dedup_pure_drops_paraphrase_keeps_distinct ... ignored, llm-e2e
test perspectives::interpretation_e2e::e2e_task_tracking_counts ... ignored, llm-e2e
test perspectives::interpretation_e2e::e2e_updates_existing_instance_via_id ... ignored, llm-e2e
test perspectives::interpretation_e2e::e2e_vision_and_plan ... ignored, llm-e2e
test perspectives::interpretation_harness_e2e::harness_intention_links_to_seeded_beliefs ... ignored, llm-e2e
test perspectives::interpretation_harness_e2e::harness_intention_selects_only_relevant_beliefs ... ignored, llm-e2e
test perspectives::interpretation_harness_e2e::harness_propose_writes_land_typed_tasks ... ignored, llm-e2e
test perspectives::interpretation_harness_e2e::harness_read_only_transcript_produces_no_writes ... ignored, llm-e2e
test perspectives::interpretation_harness_e2e::harness_tight_budget_exits_cleanly_no_crash ... ignored, llm-e2e
test perspectives::model_query::round_trip_tests::round_trip_absent_interpretation_hint_is_none ... ok
test perspectives::model_query::round_trip_tests::round_trip_surfaces_interpretation_hint_on_class_and_property ... ok
test perspectives::shacl_parser::tests::test_parse_shacl_with_interpretation_hint ... ok
test perspectives::shacl_parser::tests::test_parse_shacl_without_interpretation_hint_emits_none ... ok

failures:

---- perspectives::interpretation_e2e::auto_processor_two_users_one_executor_no_double_processing stdout ----
[e2e] interpretation against model 'gemma3:12b' at http://localhost:11434/v1
[e2e] attempt 1/3: winner (did:key:z6MkpHands9CWD3TMmJ6yT2joYsJYsyVVWBBQXDGYQxLrp7Y) never signalled Processed
[e2e] interpretation against model 'gemma3:12b' at http://localhost:11434/v1
[e2e] attempt 2/3: winner (did:key:z6MkpHands9CWD3TMmJ6yT2joYsJYsyVVWBBQXDGYQxLrp7Y) never signalled Processed
[e2e] interpretation against model 'gemma3:12b' at http://localhost:11434/v1
[e2e] attempt 3/3: winner (did:key:z6MkpHands9CWD3TMmJ6yT2joYsJYsyVVWBBQXDGYQxLrp7Y) never signalled Processed

thread 'perspectives::interpretation_e2e::auto_processor_two_users_one_executor_no_double_processing' (3840396) panicked at rust-executor/src/perspectives/interpretation_e2e.rs:2269:5:
two-user (real background loop) no-double-processing e2e failed after 3 attempts: attempt 3/3: winner (did:key:z6MkpHands9CWD3TMmJ6yT2joYsJYsyVVWBBQXDGYQxLrp7Y) never signalled Processed
note: run with `RUST_BACKTRACE=1` environment variable to display a backtrace


failures:
    perspectives::interpretation_e2e::auto_processor_two_users_one_executor_no_double_processing

test result: FAILED. 102 passed; 1 failed; 24 ignored; 0 measured; 1225 filtered out; finished in 282.97s

error: test failed, to rerun pass `--lib`
INTERP_TESTS_FAILED
